2026-06-03T16:50:40.428-04:00  INFO 10480 --- [staff-service] [main] c.a.s.StaffServiceApplicationTests       : Starting StaffServiceApplicationTests using Java 21.0.11 with PID 10480 (started by camila in C:\Users\camil\Documents\fullstack1\adoptapp\staff-service)
2026-06-03T16:50:40.445-04:00 DEBUG 10480 --- [staff-service] [main] c.a.s.StaffServiceApplicationTests       : Running with Spring Boot v3.4.5, Spring v6.2.6
2026-06-03T16:50:40.445-04:00  INFO 10480 --- [staff-service] [main] c.a.s.StaffServiceApplicationTests       : The following 1 profile is active: "h2"
2026-06-03T16:50:40.558-04:00 DEBUG 10480 --- [staff-service] [main] o.s.w.c.s.GenericWebApplicationContext   : Refreshing org.springframework.web.context.support.GenericWebApplicationContext@2c16fadb
2026-06-03T16:50:42.686-04:00  INFO 10480 --- [staff-service] [main] .s.d.r.c.RepositoryConfigurationDelegate : Bootstrapping Spring Data JPA repositories in DEFAULT mode.
2026-06-03T16:50:42.818-04:00  INFO 10480 --- [staff-service] [main] .s.d.r.c.RepositoryConfigurationDelegate : Finished Spring Data repository scanning in 111 ms. Found 2 JPA repository interfaces.
2026-06-03T16:50:43.388-04:00  INFO 10480 --- [staff-service] [main] o.s.cloud.context.scope.GenericScope     : BeanFactory id=a0834b05-e2a4-3760-ae87-40f496cb0a91
2026-06-03T16:50:45.023-04:00  INFO 10480 --- [staff-service] [main] o.hibernate.jpa.internal.util.LogHelper  : HHH000204: Processing PersistenceUnitInfo [name: default]
2026-06-03T16:50:45.246-04:00  INFO 10480 --- [staff-service] [main] org.hibernate.Version                    : HHH000412: Hibernate ORM core version 6.6.13.Final
2026-06-03T16:50:45.323-04:00  INFO 10480 --- [staff-service] [main] o.h.c.internal.RegionFactoryInitiator    : HHH000026: Second-level cache disabled
2026-06-03T16:50:45.899-04:00  INFO 10480 --- [staff-service] [main] o.s.o.j.p.SpringPersistenceUnitInfo      : No LoadTimeWeaver setup: ignoring JPA class transformer
2026-06-03T16:50:45.952-04:00  INFO 10480 --- [staff-service] [main] com.zaxxer.hikari.HikariDataSource       : HikariPool-1 - Starting...
2026-06-03T16:50:46.302-04:00  INFO 10480 --- [staff-service] [main] com.zaxxer.hikari.pool.HikariPool        : HikariPool-1 - Added connection conn0: url=jdbc:h2:mem:staff_db user=SA
2026-06-03T16:50:46.305-04:00  INFO 10480 --- [staff-service] [main] com.zaxxer.hikari.HikariDataSource       : HikariPool-1 - Start completed.
2026-06-03T16:50:46.346-04:00  WARN 10480 --- [staff-service] [main] org.hibernate.orm.deprecation            : HHH90000025: H2Dialect does not need to be specified explicitly using 'hibernate.dialect' (remove the property setting and it will be selected by default)
2026-06-03T16:50:46.379-04:00  INFO 10480 --- [staff-service] [main] org.hibernate.orm.connections.pooling    : HHH10001005: Database info:
	Database JDBC URL [Connecting through datasource 'HikariDataSource (HikariPool-1)']
	Database driver: undefined/unknown
	Database version: 2.3.232
	Autocommit mode: undefined/unknown
	Isolation level: undefined/unknown
	Minimum pool size: undefined/unknown
	Maximum pool size: undefined/unknown
2026-06-03T16:50:47.801-04:00  INFO 10480 --- [staff-service] [main] o.h.e.t.j.p.i.JtaPlatformInitiator       : HHH000489: No JTA platform available (set 'hibernate.transaction.jta.platform' to enable JTA platform integration)
2026-06-03T16:50:47.823-04:00 DEBUG 10480 --- [staff-service] [main] org.hibernate.SQL                        : 
    drop table if exists staff cascade 
2026-06-03T16:50:47.831-04:00 DEBUG 10480 --- [staff-service] [main] org.hibernate.SQL                        : 
    drop table if exists staff_history cascade 
2026-06-03T16:50:47.840-04:00 DEBUG 10480 --- [staff-service] [main] org.hibernate.SQL                        : 
    create table staff (
        created_at timestamp(6),
        hire_date timestamp(6),
        id bigint generated by default as identity,
        shelter_id bigint not null,
        updated_at timestamp(6),
        user_id bigint not null,
        phone varchar(20),
        email varchar(100),
        position enum ('ADMINISTRATOR','CARETAKER','CLEANER','MANAGER','OTHER','SECURITY','VETERINARIAN','VOLUNTEER') not null,
        status enum ('ACTIVE','INACTIVE','SUSPENDED') not null,
        primary key (id)
    )
2026-06-03T16:50:47.854-04:00 DEBUG 10480 --- [staff-service] [main] org.hibernate.SQL                        : 
    create table staff_history (
        changed_at timestamp(6) not null,
        changed_by_user_id bigint,
        id bigint generated by default as identity,
        staff_id bigint not null,
        new_phone varchar(20),
        new_position varchar(20),
        new_status varchar(20),
        previous_phone varchar(20),
        previous_position varchar(20),
        previous_status varchar(20),
        action varchar(50) not null,
        comment varchar(255),
        primary key (id)
    )
2026-06-03T16:50:47.858-04:00 DEBUG 10480 --- [staff-service] [main] org.hibernate.SQL                        : 
    alter table if exists staff_history 
       add constraint FKrfgodmtowgdcdpps3cqahwqeo 
       foreign key (staff_id) 
       references staff
2026-06-03T16:50:47.880-04:00  INFO 10480 --- [staff-service] [main] j.LocalContainerEntityManagerFactoryBean : Initialized JPA EntityManagerFactory for persistence unit 'default'
2026-06-03T16:50:48.514-04:00  WARN 10480 --- [staff-service] [main] JpaBaseConfiguration$JpaWebConfiguration : spring.jpa.open-in-view is enabled by default. Therefore, database queries may be performed during view rendering. Explicitly configure spring.jpa.open-in-view to disable this warning
2026-06-03T16:50:51.217-04:00  INFO 10480 --- [staff-service] [main] r$InitializeUserDetailsManagerConfigurer : Global AuthenticationManager configured with UserDetailsService bean with name customUserDetailsService
2026-06-03T16:50:51.658-04:00 DEBUG 10480 --- [staff-service] [main] s.w.s.m.m.a.RequestMappingHandlerMapping : 8 mappings in 'requestMappingHandlerMapping'
2026-06-03T16:50:52.142-04:00 DEBUG 10480 --- [staff-service] [main] o.s.w.s.handler.SimpleUrlHandlerMapping  : Patterns [/webjars/**, /**] in 'resourceHandlerMapping'
2026-06-03T16:50:53.154-04:00 DEBUG 10480 --- [staff-service] [main] s.w.s.m.m.a.RequestMappingHandlerAdapter : ControllerAdvice beans: 0 @ModelAttribute, 0 @InitBinder, 1 RequestBodyAdvice, 1 ResponseBodyAdvice
2026-06-03T16:50:53.322-04:00 DEBUG 10480 --- [staff-service] [main] .m.m.a.ExceptionHandlerExceptionResolver : ControllerAdvice beans: 1 @ExceptionHandler, 1 ResponseBodyAdvice
2026-06-03T16:50:54.869-04:00  INFO 10480 --- [staff-service] [main] o.s.cloud.commons.util.InetUtils         : Cannot determine local hostname
2026-06-03T16:50:54.951-04:00  INFO 10480 --- [staff-service] [main] c.a.s.StaffServiceApplicationTests       : Started StaffServiceApplicationTests in 16.095 seconds (process running for 17.631)
2026-06-03T16:50:55.799-04:00 DEBUG 10480 --- [staff-service] [SpringApplicationShutdownHook] o.s.w.c.s.GenericWebApplicationContext   : Closing org.springframework.web.context.support.GenericWebApplicationContext@2c16fadb, started on Wed Jun 03 16:50:40 CLT 2026
2026-06-03T16:50:55.811-04:00  INFO 10480 --- [staff-service] [SpringApplicationShutdownHook] j.LocalContainerEntityManagerFactoryBean : Closing JPA EntityManagerFactory for persistence unit 'default'
2026-06-03T16:50:55.813-04:00 DEBUG 10480 --- [staff-service] [SpringApplicationShutdownHook] org.hibernate.SQL                        : 
    drop table if exists staff cascade 
2026-06-03T16:50:55.815-04:00 DEBUG 10480 --- [staff-service] [SpringApplicationShutdownHook] org.hibernate.SQL                        : 
    drop table if exists staff_history cascade 
2026-06-03T16:50:55.820-04:00  INFO 10480 --- [staff-service] [SpringApplicationShutdownHook] com.zaxxer.hikari.HikariDataSource       : HikariPool-1 - Shutdown initiated...
2026-06-03T16:50:55.822-04:00  INFO 10480 --- [staff-service] [SpringApplicationShutdownHook] com.zaxxer.hikari.HikariDataSource       : HikariPool-1 - Shutdown completed.
