2026-06-03T16:51:19.431-04:00  INFO 1904 --- [user-service] [main] c.a.u.UserServiceApplicationTests        : Starting UserServiceApplicationTests using Java 21.0.11 with PID 1904 (started by camila in C:\Users\camil\Documents\fullstack1\adoptapp\user-service)
2026-06-03T16:51:19.442-04:00 DEBUG 1904 --- [user-service] [main] c.a.u.UserServiceApplicationTests        : Running with Spring Boot v3.4.5, Spring v6.2.6
2026-06-03T16:51:19.443-04:00  INFO 1904 --- [user-service] [main] c.a.u.UserServiceApplicationTests        : The following 1 profile is active: "h2"
2026-06-03T16:51:19.512-04:00 DEBUG 1904 --- [user-service] [main] o.s.w.c.s.GenericWebApplicationContext   : Refreshing org.springframework.web.context.support.GenericWebApplicationContext@65ae095c
2026-06-03T16:51:21.299-04:00  INFO 1904 --- [user-service] [main] .s.d.r.c.RepositoryConfigurationDelegate : Bootstrapping Spring Data JPA repositories in DEFAULT mode.
2026-06-03T16:51:21.412-04:00  INFO 1904 --- [user-service] [main] .s.d.r.c.RepositoryConfigurationDelegate : Finished Spring Data repository scanning in 99 ms. Found 4 JPA repository interfaces.
2026-06-03T16:51:21.912-04:00  INFO 1904 --- [user-service] [main] o.s.cloud.context.scope.GenericScope     : BeanFactory id=accec565-8e65-32da-a93c-51d0fffbaaaf
2026-06-03T16:51:22.868-04:00  INFO 1904 --- [user-service] [main] o.hibernate.jpa.internal.util.LogHelper  : HHH000204: Processing PersistenceUnitInfo [name: default]
2026-06-03T16:51:23.029-04:00  INFO 1904 --- [user-service] [main] org.hibernate.Version                    : HHH000412: Hibernate ORM core version 6.6.13.Final
2026-06-03T16:51:23.208-04:00  INFO 1904 --- [user-service] [main] o.h.c.internal.RegionFactoryInitiator    : HHH000026: Second-level cache disabled
2026-06-03T16:51:23.898-04:00  INFO 1904 --- [user-service] [main] o.s.o.j.p.SpringPersistenceUnitInfo      : No LoadTimeWeaver setup: ignoring JPA class transformer
2026-06-03T16:51:23.956-04:00  INFO 1904 --- [user-service] [main] com.zaxxer.hikari.HikariDataSource       : HikariPool-1 - Starting...
2026-06-03T16:51:24.309-04:00  INFO 1904 --- [user-service] [main] com.zaxxer.hikari.pool.HikariPool        : HikariPool-1 - Added connection conn0: url=jdbc:h2:mem:user_db user=SA
2026-06-03T16:51:24.313-04:00  INFO 1904 --- [user-service] [main] com.zaxxer.hikari.HikariDataSource       : HikariPool-1 - Start completed.
2026-06-03T16:51:24.359-04:00  WARN 1904 --- [user-service] [main] org.hibernate.orm.deprecation            : HHH90000025: H2Dialect does not need to be specified explicitly using 'hibernate.dialect' (remove the property setting and it will be selected by default)
2026-06-03T16:51:24.411-04:00  INFO 1904 --- [user-service] [main] org.hibernate.orm.connections.pooling    : HHH10001005: Database info:
	Database JDBC URL [Connecting through datasource 'HikariDataSource (HikariPool-1)']
	Database driver: undefined/unknown
	Database version: 2.3.232
	Autocommit mode: undefined/unknown
	Isolation level: undefined/unknown
	Minimum pool size: undefined/unknown
	Maximum pool size: undefined/unknown
2026-06-03T16:51:26.058-04:00  INFO 1904 --- [user-service] [main] o.h.e.t.j.p.i.JtaPlatformInitiator       : HHH000489: No JTA platform available (set 'hibernate.transaction.jta.platform' to enable JTA platform integration)
2026-06-03T16:51:26.080-04:00 DEBUG 1904 --- [user-service] [main] org.hibernate.SQL                        : 
    drop table if exists user_addresses cascade 
2026-06-03T16:51:26.083-04:00 DEBUG 1904 --- [user-service] [main] org.hibernate.SQL                        : 
    drop table if exists user_history cascade 
2026-06-03T16:51:26.083-04:00 DEBUG 1904 --- [user-service] [main] org.hibernate.SQL                        : 
    drop table if exists user_phones cascade 
2026-06-03T16:51:26.083-04:00 DEBUG 1904 --- [user-service] [main] org.hibernate.SQL                        : 
    drop table if exists users cascade 
2026-06-03T16:51:26.085-04:00 DEBUG 1904 --- [user-service] [main] org.hibernate.SQL                        : 
    create table user_addresses (
        primary_address boolean not null,
        id bigint generated by default as identity,
        user_id bigint not null,
        home_number varchar(20) not null,
        city varchar(100) not null,
        country varchar(100) not null,
        postal_code varchar(100) not null,
        street varchar(100) not null,
        type varchar(100) not null,
        primary key (id)
    )
2026-06-03T16:51:26.098-04:00 DEBUG 1904 --- [user-service] [main] org.hibernate.SQL                        : 
    create table user_history (
        new_active boolean,
        previous_active boolean,
        changed_at timestamp(6) not null,
        id bigint generated by default as identity,
        user_id bigint not null,
        new_role varchar(20),
        new_status varchar(20),
        previous_role varchar(20),
        previous_status varchar(20),
        new_name varchar(50),
        new_surname varchar(50),
        new_username varchar(50),
        previous_name varchar(50),
        previous_surname varchar(50),
        previous_username varchar(50),
        new_phone varchar(100),
        previous_phone varchar(100),
        new_email varchar(150),
        previous_email varchar(150),
        comment varchar(255),
        primary key (id)
    )
2026-06-03T16:51:26.098-04:00 DEBUG 1904 --- [user-service] [main] org.hibernate.SQL                        : 
    create table user_phones (
        id bigint generated by default as identity,
        user_id bigint unique,
        number varchar(20) not null unique,
        primary key (id)
    )
2026-06-03T16:51:26.101-04:00 DEBUG 1904 --- [user-service] [main] org.hibernate.SQL                        : 
    create table users (
        active boolean not null,
        created_at timestamp(6),
        id bigint generated by default as identity,
        updated_at timestamp(6),
        name varchar(50) not null,
        surname varchar(50) not null,
        username varchar(50) not null unique,
        email varchar(100) not null unique,
        password varchar(255),
        role enum ('ADMIN','ADOPTER','SHELTER_ADMIN','VET','VOLUNTEER') not null,
        status enum ('ACTIVE','INACTIVE','SUSPENDED') not null,
        primary key (id)
    )
2026-06-03T16:51:26.104-04:00 DEBUG 1904 --- [user-service] [main] org.hibernate.SQL                        : 
    alter table if exists user_addresses 
       add constraint FKn2fisxyyu3l9wlch3ve2nocgp 
       foreign key (user_id) 
       references users
2026-06-03T16:51:26.111-04:00 DEBUG 1904 --- [user-service] [main] org.hibernate.SQL                        : 
    alter table if exists user_history 
       add constraint FKd8f7md75uuycl5mgtl394nqoi 
       foreign key (user_id) 
       references users
2026-06-03T16:51:26.111-04:00 DEBUG 1904 --- [user-service] [main] org.hibernate.SQL                        : 
    alter table if exists user_phones 
       add constraint FKnup2o0u3x7dudj4ky81oiio13 
       foreign key (user_id) 
       references users
2026-06-03T16:51:26.121-04:00  INFO 1904 --- [user-service] [main] j.LocalContainerEntityManagerFactoryBean : Initialized JPA EntityManagerFactory for persistence unit 'default'
2026-06-03T16:51:27.268-04:00  WARN 1904 --- [user-service] [main] JpaBaseConfiguration$JpaWebConfiguration : spring.jpa.open-in-view is enabled by default. Therefore, database queries may be performed during view rendering. Explicitly configure spring.jpa.open-in-view to disable this warning
2026-06-03T16:51:27.637-04:00  INFO 1904 --- [user-service] [main] r$InitializeUserDetailsManagerConfigurer : Global AuthenticationManager configured with UserDetailsService bean with name customUserDetailsService
2026-06-03T16:51:27.841-04:00 DEBUG 1904 --- [user-service] [main] s.w.s.m.m.a.RequestMappingHandlerMapping : 10 mappings in 'requestMappingHandlerMapping'
2026-06-03T16:51:28.176-04:00 DEBUG 1904 --- [user-service] [main] o.s.w.s.handler.SimpleUrlHandlerMapping  : Patterns [/webjars/**, /**] in 'resourceHandlerMapping'
2026-06-03T16:51:28.922-04:00 DEBUG 1904 --- [user-service] [main] s.w.s.m.m.a.RequestMappingHandlerAdapter : ControllerAdvice beans: 0 @ModelAttribute, 0 @InitBinder, 1 RequestBodyAdvice, 1 ResponseBodyAdvice
2026-06-03T16:51:28.985-04:00 DEBUG 1904 --- [user-service] [main] .m.m.a.ExceptionHandlerExceptionResolver : ControllerAdvice beans: 1 @ExceptionHandler, 1 ResponseBodyAdvice
2026-06-03T16:51:30.117-04:00  INFO 1904 --- [user-service] [main] o.s.cloud.commons.util.InetUtils         : Cannot determine local hostname
2026-06-03T16:51:30.149-04:00  INFO 1904 --- [user-service] [main] c.a.u.UserServiceApplicationTests        : Started UserServiceApplicationTests in 12.28 seconds (process running for 13.518)
2026-06-03T16:51:30.518-04:00 DEBUG 1904 --- [user-service] [main] org.hibernate.SQL                        : 
    select
        count(*) 
    from
        users u1_0
2026-06-03T16:51:30.673-04:00 DEBUG 1904 --- [user-service] [main] org.hibernate.SQL                        : 
    insert 
    into
        users
        (active, created_at, email, name, password, role, status, surname, updated_at, username, id) 
    values
        (?, ?, ?, ?, ?, ?, ?, ?, ?, ?, default)
2026-06-03T16:51:30.703-04:00 DEBUG 1904 --- [user-service] [main] org.hibernate.SQL                        : 
    insert 
    into
        user_addresses
        (city, country, home_number, postal_code, primary_address, street, type, user_id, id) 
    values
        (?, ?, ?, ?, ?, ?, ?, ?, default)
2026-06-03T16:51:30.707-04:00 DEBUG 1904 --- [user-service] [main] org.hibernate.SQL                        : 
    insert 
    into
        user_phones
        (number, user_id, id) 
    values
        (?, ?, default)
2026-06-03T16:51:30.788-04:00 DEBUG 1904 --- [user-service] [main] org.hibernate.SQL                        : 
    insert 
    into
        users
        (active, created_at, email, name, password, role, status, surname, updated_at, username, id) 
    values
        (?, ?, ?, ?, ?, ?, ?, ?, ?, ?, default)
2026-06-03T16:51:30.795-04:00 DEBUG 1904 --- [user-service] [main] org.hibernate.SQL                        : 
    insert 
    into
        user_addresses
        (city, country, home_number, postal_code, primary_address, street, type, user_id, id) 
    values
        (?, ?, ?, ?, ?, ?, ?, ?, default)
2026-06-03T16:51:30.797-04:00 DEBUG 1904 --- [user-service] [main] org.hibernate.SQL                        : 
    insert 
    into
        user_phones
        (number, user_id, id) 
    values
        (?, ?, default)
2026-06-03T16:51:30.861-04:00 DEBUG 1904 --- [user-service] [main] org.hibernate.SQL                        : 
    insert 
    into
        users
        (active, created_at, email, name, password, role, status, surname, updated_at, username, id) 
    values
        (?, ?, ?, ?, ?, ?, ?, ?, ?, ?, default)
2026-06-03T16:51:30.862-04:00 DEBUG 1904 --- [user-service] [main] org.hibernate.SQL                        : 
    insert 
    into
        user_addresses
        (city, country, home_number, postal_code, primary_address, street, type, user_id, id) 
    values
        (?, ?, ?, ?, ?, ?, ?, ?, default)
2026-06-03T16:51:30.864-04:00 DEBUG 1904 --- [user-service] [main] org.hibernate.SQL                        : 
    insert 
    into
        user_phones
        (number, user_id, id) 
    values
        (?, ?, default)
2026-06-03T16:51:30.931-04:00 DEBUG 1904 --- [user-service] [main] org.hibernate.SQL                        : 
    insert 
    into
        users
        (active, created_at, email, name, password, role, status, surname, updated_at, username, id) 
    values
        (?, ?, ?, ?, ?, ?, ?, ?, ?, ?, default)
2026-06-03T16:51:30.933-04:00 DEBUG 1904 --- [user-service] [main] org.hibernate.SQL                        : 
    insert 
    into
        user_addresses
        (city, country, home_number, postal_code, primary_address, street, type, user_id, id) 
    values
        (?, ?, ?, ?, ?, ?, ?, ?, default)
2026-06-03T16:51:30.933-04:00 DEBUG 1904 --- [user-service] [main] org.hibernate.SQL                        : 
    insert 
    into
        user_phones
        (number, user_id, id) 
    values
        (?, ?, default)
2026-06-03T16:51:30.990-04:00 DEBUG 1904 --- [user-service] [main] org.hibernate.SQL                        : 
    insert 
    into
        users
        (active, created_at, email, name, password, role, status, surname, updated_at, username, id) 
    values
        (?, ?, ?, ?, ?, ?, ?, ?, ?, ?, default)
2026-06-03T16:51:31.001-04:00 DEBUG 1904 --- [user-service] [main] org.hibernate.SQL                        : 
    insert 
    into
        user_addresses
        (city, country, home_number, postal_code, primary_address, street, type, user_id, id) 
    values
        (?, ?, ?, ?, ?, ?, ?, ?, default)
2026-06-03T16:51:31.001-04:00 DEBUG 1904 --- [user-service] [main] org.hibernate.SQL                        : 
    insert 
    into
        user_phones
        (number, user_id, id) 
    values
        (?, ?, default)
2026-06-03T16:51:31.053-04:00 DEBUG 1904 --- [user-service] [main] org.hibernate.SQL                        : 
    insert 
    into
        users
        (active, created_at, email, name, password, role, status, surname, updated_at, username, id) 
    values
        (?, ?, ?, ?, ?, ?, ?, ?, ?, ?, default)
2026-06-03T16:51:31.972-04:00 DEBUG 1904 --- [user-service] [SpringApplicationShutdownHook] o.s.w.c.s.GenericWebApplicationContext   : Closing org.springframework.web.context.support.GenericWebApplicationContext@65ae095c, started on Wed Jun 03 16:51:19 CLT 2026
2026-06-03T16:51:31.976-04:00  INFO 1904 --- [user-service] [SpringApplicationShutdownHook] j.LocalContainerEntityManagerFactoryBean : Closing JPA EntityManagerFactory for persistence unit 'default'
2026-06-03T16:51:31.978-04:00 DEBUG 1904 --- [user-service] [SpringApplicationShutdownHook] org.hibernate.SQL                        : 
    drop table if exists user_addresses cascade 
2026-06-03T16:51:31.981-04:00 DEBUG 1904 --- [user-service] [SpringApplicationShutdownHook] org.hibernate.SQL                        : 
    drop table if exists user_history cascade 
2026-06-03T16:51:31.983-04:00 DEBUG 1904 --- [user-service] [SpringApplicationShutdownHook] org.hibernate.SQL                        : 
    drop table if exists user_phones cascade 
2026-06-03T16:51:31.985-04:00 DEBUG 1904 --- [user-service] [SpringApplicationShutdownHook] org.hibernate.SQL                        : 
    drop table if exists users cascade 
2026-06-03T16:51:31.987-04:00  INFO 1904 --- [user-service] [SpringApplicationShutdownHook] com.zaxxer.hikari.HikariDataSource       : HikariPool-1 - Shutdown initiated...
2026-06-03T16:51:31.990-04:00  INFO 1904 --- [user-service] [SpringApplicationShutdownHook] com.zaxxer.hikari.HikariDataSource       : HikariPool-1 - Shutdown completed.
