2026-06-03T16:27:31.685-04:00  INFO 20432 --- [donation-service] [main] c.a.d.DonationServiceApplicationTests    : Starting DonationServiceApplicationTests using Java 26 with PID 20432 (started by camila in C:\Users\camil\Documents\fullstack1\adoptapp\donation-service)
2026-06-03T16:27:31.694-04:00 DEBUG 20432 --- [donation-service] [main] c.a.d.DonationServiceApplicationTests    : Running with Spring Boot v3.4.5, Spring v6.2.6
2026-06-03T16:27:31.695-04:00  INFO 20432 --- [donation-service] [main] c.a.d.DonationServiceApplicationTests    : The following 1 profile is active: "h2"
2026-06-03T16:27:31.752-04:00 DEBUG 20432 --- [donation-service] [main] o.s.w.c.s.GenericWebApplicationContext   : Refreshing org.springframework.web.context.support.GenericWebApplicationContext@247667dd
2026-06-03T16:27:32.925-04:00  INFO 20432 --- [donation-service] [main] .s.d.r.c.RepositoryConfigurationDelegate : Bootstrapping Spring Data JPA repositories in DEFAULT mode.
2026-06-03T16:27:33.025-04:00  INFO 20432 --- [donation-service] [main] .s.d.r.c.RepositoryConfigurationDelegate : Finished Spring Data repository scanning in 81 ms. Found 2 JPA repository interfaces.
2026-06-03T16:27:33.399-04:00  INFO 20432 --- [donation-service] [main] o.s.cloud.context.scope.GenericScope     : BeanFactory id=1bdde886-1ace-3038-94c9-88d5b0d1e9fb
2026-06-03T16:27:34.321-04:00  INFO 20432 --- [donation-service] [main] o.hibernate.jpa.internal.util.LogHelper  : HHH000204: Processing PersistenceUnitInfo [name: default]
2026-06-03T16:27:34.448-04:00  INFO 20432 --- [donation-service] [main] org.hibernate.Version                    : HHH000412: Hibernate ORM core version 6.6.13.Final
2026-06-03T16:27:34.526-04:00  INFO 20432 --- [donation-service] [main] o.h.c.internal.RegionFactoryInitiator    : HHH000026: Second-level cache disabled
2026-06-03T16:27:34.985-04:00  INFO 20432 --- [donation-service] [main] o.s.o.j.p.SpringPersistenceUnitInfo      : No LoadTimeWeaver setup: ignoring JPA class transformer
2026-06-03T16:27:35.022-04:00  INFO 20432 --- [donation-service] [main] com.zaxxer.hikari.HikariDataSource       : HikariPool-1 - Starting...
2026-06-03T16:27:35.336-04:00  INFO 20432 --- [donation-service] [main] com.zaxxer.hikari.pool.HikariPool        : HikariPool-1 - Added connection conn0: url=jdbc:h2:mem:donation_db user=SA
2026-06-03T16:27:35.338-04:00  INFO 20432 --- [donation-service] [main] com.zaxxer.hikari.HikariDataSource       : HikariPool-1 - Start completed.
2026-06-03T16:27:35.370-04:00  WARN 20432 --- [donation-service] [main] org.hibernate.orm.deprecation            : HHH90000025: H2Dialect does not need to be specified explicitly using 'hibernate.dialect' (remove the property setting and it will be selected by default)
2026-06-03T16:27:35.405-04:00  INFO 20432 --- [donation-service] [main] org.hibernate.orm.connections.pooling    : HHH10001005: Database info:
	Database JDBC URL [Connecting through datasource 'HikariDataSource (HikariPool-1)']
	Database driver: undefined/unknown
	Database version: 2.3.232
	Autocommit mode: undefined/unknown
	Isolation level: undefined/unknown
	Minimum pool size: undefined/unknown
	Maximum pool size: undefined/unknown
2026-06-03T16:27:39.241-04:00  INFO 20432 --- [donation-service] [main] o.h.e.t.j.p.i.JtaPlatformInitiator       : HHH000489: No JTA platform available (set 'hibernate.transaction.jta.platform' to enable JTA platform integration)
2026-06-03T16:27:39.306-04:00 DEBUG 20432 --- [donation-service] [main] org.hibernate.SQL                        : 
    drop table if exists donation_history cascade 
2026-06-03T16:27:39.315-04:00 DEBUG 20432 --- [donation-service] [main] org.hibernate.SQL                        : 
    drop table if exists donations cascade 
2026-06-03T16:27:39.345-04:00 DEBUG 20432 --- [donation-service] [main] org.hibernate.SQL                        : 
    create table donation_history (
        new_amount DECIMAL(12,2),
        previous_amount DECIMAL(12,2),
        changed_at timestamp(6) not null,
        changed_by_user_id bigint,
        donation_id bigint not null,
        id bigint generated by default as identity,
        new_status varchar(20),
        previous_status varchar(20),
        action varchar(50) not null,
        comment varchar(255),
        primary key (id)
    )
2026-06-03T16:27:39.409-04:00 DEBUG 20432 --- [donation-service] [main] org.hibernate.SQL                        : 
    create table donations (
        amount DECIMAL(12,2) not null,
        created_at timestamp(6),
        id bigint generated by default as identity,
        shelter_id bigint not null,
        updated_at timestamp(6),
        user_id bigint not null,
        donor_name varchar(100) not null,
        description varchar(255) not null,
        status enum ('CANCELLED','COMPLETED','PENDING') not null,
        primary key (id)
    )
2026-06-03T16:27:39.413-04:00 DEBUG 20432 --- [donation-service] [main] org.hibernate.SQL                        : 
    alter table if exists donation_history 
       add constraint FKnnoorfnvw24s69h77jfqw4cg7 
       foreign key (donation_id) 
       references donations
2026-06-03T16:27:39.477-04:00  INFO 20432 --- [donation-service] [main] j.LocalContainerEntityManagerFactoryBean : Initialized JPA EntityManagerFactory for persistence unit 'default'
2026-06-03T16:27:40.508-04:00  WARN 20432 --- [donation-service] [main] JpaBaseConfiguration$JpaWebConfiguration : spring.jpa.open-in-view is enabled by default. Therefore, database queries may be performed during view rendering. Explicitly configure spring.jpa.open-in-view to disable this warning
2026-06-03T16:27:44.048-04:00  INFO 20432 --- [donation-service] [main] r$InitializeUserDetailsManagerConfigurer : Global AuthenticationManager configured with UserDetailsService bean with name customUserDetailsService
2026-06-03T16:27:44.268-04:00 DEBUG 20432 --- [donation-service] [main] s.w.s.m.m.a.RequestMappingHandlerMapping : 8 mappings in 'requestMappingHandlerMapping'
2026-06-03T16:27:44.604-04:00 DEBUG 20432 --- [donation-service] [main] o.s.w.s.handler.SimpleUrlHandlerMapping  : Patterns [/webjars/**, /**] in 'resourceHandlerMapping'
2026-06-03T16:27:45.166-04:00 DEBUG 20432 --- [donation-service] [main] s.w.s.m.m.a.RequestMappingHandlerAdapter : ControllerAdvice beans: 0 @ModelAttribute, 0 @InitBinder, 1 RequestBodyAdvice, 1 ResponseBodyAdvice
2026-06-03T16:27:45.233-04:00 DEBUG 20432 --- [donation-service] [main] .m.m.a.ExceptionHandlerExceptionResolver : ControllerAdvice beans: 1 @ExceptionHandler, 1 ResponseBodyAdvice
2026-06-03T16:27:46.598-04:00  INFO 20432 --- [donation-service] [main] o.s.cloud.commons.util.InetUtils         : Cannot determine local hostname
2026-06-03T16:27:46.662-04:00  INFO 20432 --- [donation-service] [main] c.a.d.DonationServiceApplicationTests    : Started DonationServiceApplicationTests in 16.525 seconds (process running for 18.1)
2026-06-03T16:27:46.708-04:00 DEBUG 20432 --- [donation-service] [main] org.hibernate.SQL                        : 
    insert 
    into
        donations
        (amount, created_at, description, donor_name, shelter_id, status, updated_at, user_id, id) 
    values
        (?, ?, ?, ?, ?, ?, ?, ?, default)
2026-06-03T16:27:46.756-04:00 DEBUG 20432 --- [donation-service] [main] org.hibernate.SQL                        : 
    insert 
    into
        donations
        (amount, created_at, description, donor_name, shelter_id, status, updated_at, user_id, id) 
    values
        (?, ?, ?, ?, ?, ?, ?, ?, default)
2026-06-03T16:27:46.757-04:00 DEBUG 20432 --- [donation-service] [main] org.hibernate.SQL                        : 
    insert 
    into
        donations
        (amount, created_at, description, donor_name, shelter_id, status, updated_at, user_id, id) 
    values
        (?, ?, ?, ?, ?, ?, ?, ?, default)
2026-06-03T16:27:47.508-04:00 DEBUG 20432 --- [donation-service] [SpringApplicationShutdownHook] o.s.w.c.s.GenericWebApplicationContext   : Closing org.springframework.web.context.support.GenericWebApplicationContext@247667dd, started on Wed Jun 03 16:27:31 GMT-04:00 2026
2026-06-03T16:27:47.518-04:00  INFO 20432 --- [donation-service] [SpringApplicationShutdownHook] j.LocalContainerEntityManagerFactoryBean : Closing JPA EntityManagerFactory for persistence unit 'default'
2026-06-03T16:27:47.519-04:00 DEBUG 20432 --- [donation-service] [SpringApplicationShutdownHook] org.hibernate.SQL                        : 
    drop table if exists donation_history cascade 
2026-06-03T16:27:47.523-04:00 DEBUG 20432 --- [donation-service] [SpringApplicationShutdownHook] org.hibernate.SQL                        : 
    drop table if exists donations cascade 
2026-06-03T16:27:47.525-04:00  INFO 20432 --- [donation-service] [SpringApplicationShutdownHook] com.zaxxer.hikari.HikariDataSource       : HikariPool-1 - Shutdown initiated...
2026-06-03T16:27:47.527-04:00  INFO 20432 --- [donation-service] [SpringApplicationShutdownHook] com.zaxxer.hikari.HikariDataSource       : HikariPool-1 - Shutdown completed.
2026-06-03T16:48:55.424-04:00  INFO 19228 --- [donation-service] [main] c.a.d.DonationServiceApplicationTests    : Starting DonationServiceApplicationTests using Java 21.0.11 with PID 19228 (started by camila in C:\Users\camil\Documents\fullstack1\adoptapp\donation-service)
2026-06-03T16:48:55.426-04:00 DEBUG 19228 --- [donation-service] [main] c.a.d.DonationServiceApplicationTests    : Running with Spring Boot v3.4.5, Spring v6.2.6
2026-06-03T16:48:55.426-04:00  INFO 19228 --- [donation-service] [main] c.a.d.DonationServiceApplicationTests    : The following 1 profile is active: "h2"
2026-06-03T16:48:55.479-04:00 DEBUG 19228 --- [donation-service] [main] o.s.w.c.s.GenericWebApplicationContext   : Refreshing org.springframework.web.context.support.GenericWebApplicationContext@2c16fadb
2026-06-03T16:48:56.768-04:00  INFO 19228 --- [donation-service] [main] .s.d.r.c.RepositoryConfigurationDelegate : Bootstrapping Spring Data JPA repositories in DEFAULT mode.
2026-06-03T16:48:56.866-04:00  INFO 19228 --- [donation-service] [main] .s.d.r.c.RepositoryConfigurationDelegate : Finished Spring Data repository scanning in 77 ms. Found 2 JPA repository interfaces.
2026-06-03T16:48:57.255-04:00  INFO 19228 --- [donation-service] [main] o.s.cloud.context.scope.GenericScope     : BeanFactory id=1bdde886-1ace-3038-94c9-88d5b0d1e9fb
2026-06-03T16:48:58.289-04:00  INFO 19228 --- [donation-service] [main] o.hibernate.jpa.internal.util.LogHelper  : HHH000204: Processing PersistenceUnitInfo [name: default]
2026-06-03T16:48:58.395-04:00  INFO 19228 --- [donation-service] [main] org.hibernate.Version                    : HHH000412: Hibernate ORM core version 6.6.13.Final
2026-06-03T16:48:58.428-04:00  INFO 19228 --- [donation-service] [main] o.h.c.internal.RegionFactoryInitiator    : HHH000026: Second-level cache disabled
2026-06-03T16:48:58.749-04:00  INFO 19228 --- [donation-service] [main] o.s.o.j.p.SpringPersistenceUnitInfo      : No LoadTimeWeaver setup: ignoring JPA class transformer
2026-06-03T16:48:58.789-04:00  INFO 19228 --- [donation-service] [main] com.zaxxer.hikari.HikariDataSource       : HikariPool-1 - Starting...
2026-06-03T16:48:59.015-04:00  INFO 19228 --- [donation-service] [main] com.zaxxer.hikari.pool.HikariPool        : HikariPool-1 - Added connection conn0: url=jdbc:h2:mem:donation_db user=SA
2026-06-03T16:48:59.020-04:00  INFO 19228 --- [donation-service] [main] com.zaxxer.hikari.HikariDataSource       : HikariPool-1 - Start completed.
2026-06-03T16:48:59.047-04:00  WARN 19228 --- [donation-service] [main] org.hibernate.orm.deprecation            : HHH90000025: H2Dialect does not need to be specified explicitly using 'hibernate.dialect' (remove the property setting and it will be selected by default)
2026-06-03T16:48:59.071-04:00  INFO 19228 --- [donation-service] [main] org.hibernate.orm.connections.pooling    : HHH10001005: Database info:
	Database JDBC URL [Connecting through datasource 'HikariDataSource (HikariPool-1)']
	Database driver: undefined/unknown
	Database version: 2.3.232
	Autocommit mode: undefined/unknown
	Isolation level: undefined/unknown
	Minimum pool size: undefined/unknown
	Maximum pool size: undefined/unknown
2026-06-03T16:49:00.068-04:00  INFO 19228 --- [donation-service] [main] o.h.e.t.j.p.i.JtaPlatformInitiator       : HHH000489: No JTA platform available (set 'hibernate.transaction.jta.platform' to enable JTA platform integration)
2026-06-03T16:49:00.084-04:00 DEBUG 19228 --- [donation-service] [main] org.hibernate.SQL                        : 
    drop table if exists donation_history cascade 
2026-06-03T16:49:00.084-04:00 DEBUG 19228 --- [donation-service] [main] org.hibernate.SQL                        : 
    drop table if exists donations cascade 
2026-06-03T16:49:00.084-04:00 DEBUG 19228 --- [donation-service] [main] org.hibernate.SQL                        : 
    create table donation_history (
        new_amount DECIMAL(12,2),
        previous_amount DECIMAL(12,2),
        changed_at timestamp(6) not null,
        changed_by_user_id bigint,
        donation_id bigint not null,
        id bigint generated by default as identity,
        new_status varchar(20),
        previous_status varchar(20),
        action varchar(50) not null,
        comment varchar(255),
        primary key (id)
    )
2026-06-03T16:49:00.108-04:00 DEBUG 19228 --- [donation-service] [main] org.hibernate.SQL                        : 
    create table donations (
        amount DECIMAL(12,2) not null,
        created_at timestamp(6),
        id bigint generated by default as identity,
        shelter_id bigint not null,
        updated_at timestamp(6),
        user_id bigint not null,
        donor_name varchar(100) not null,
        description varchar(255) not null,
        status enum ('CANCELLED','COMPLETED','PENDING') not null,
        primary key (id)
    )
2026-06-03T16:49:00.111-04:00 DEBUG 19228 --- [donation-service] [main] org.hibernate.SQL                        : 
    alter table if exists donation_history 
       add constraint FKnnoorfnvw24s69h77jfqw4cg7 
       foreign key (donation_id) 
       references donations
2026-06-03T16:49:00.129-04:00  INFO 19228 --- [donation-service] [main] j.LocalContainerEntityManagerFactoryBean : Initialized JPA EntityManagerFactory for persistence unit 'default'
2026-06-03T16:49:00.547-04:00  WARN 19228 --- [donation-service] [main] JpaBaseConfiguration$JpaWebConfiguration : spring.jpa.open-in-view is enabled by default. Therefore, database queries may be performed during view rendering. Explicitly configure spring.jpa.open-in-view to disable this warning
2026-06-03T16:49:02.036-04:00  INFO 19228 --- [donation-service] [main] r$InitializeUserDetailsManagerConfigurer : Global AuthenticationManager configured with UserDetailsService bean with name customUserDetailsService
2026-06-03T16:49:02.316-04:00 DEBUG 19228 --- [donation-service] [main] s.w.s.m.m.a.RequestMappingHandlerMapping : 8 mappings in 'requestMappingHandlerMapping'
2026-06-03T16:49:02.731-04:00 DEBUG 19228 --- [donation-service] [main] o.s.w.s.handler.SimpleUrlHandlerMapping  : Patterns [/webjars/**, /**] in 'resourceHandlerMapping'
2026-06-03T16:49:03.550-04:00 DEBUG 19228 --- [donation-service] [main] s.w.s.m.m.a.RequestMappingHandlerAdapter : ControllerAdvice beans: 0 @ModelAttribute, 0 @InitBinder, 1 RequestBodyAdvice, 1 ResponseBodyAdvice
2026-06-03T16:49:03.687-04:00 DEBUG 19228 --- [donation-service] [main] .m.m.a.ExceptionHandlerExceptionResolver : ControllerAdvice beans: 1 @ExceptionHandler, 1 ResponseBodyAdvice
2026-06-03T16:49:05.413-04:00  INFO 19228 --- [donation-service] [main] o.s.cloud.commons.util.InetUtils         : Cannot determine local hostname
2026-06-03T16:49:05.495-04:00  INFO 19228 --- [donation-service] [main] c.a.d.DonationServiceApplicationTests    : Started DonationServiceApplicationTests in 11.528 seconds (process running for 12.802)
2026-06-03T16:49:05.548-04:00 DEBUG 19228 --- [donation-service] [main] org.hibernate.SQL                        : 
    insert 
    into
        donations
        (amount, created_at, description, donor_name, shelter_id, status, updated_at, user_id, id) 
    values
        (?, ?, ?, ?, ?, ?, ?, ?, default)
2026-06-03T16:49:05.625-04:00 DEBUG 19228 --- [donation-service] [main] org.hibernate.SQL                        : 
    insert 
    into
        donations
        (amount, created_at, description, donor_name, shelter_id, status, updated_at, user_id, id) 
    values
        (?, ?, ?, ?, ?, ?, ?, ?, default)
2026-06-03T16:49:05.632-04:00 DEBUG 19228 --- [donation-service] [main] org.hibernate.SQL                        : 
    insert 
    into
        donations
        (amount, created_at, description, donor_name, shelter_id, status, updated_at, user_id, id) 
    values
        (?, ?, ?, ?, ?, ?, ?, ?, default)
2026-06-03T16:49:06.588-04:00 DEBUG 19228 --- [donation-service] [SpringApplicationShutdownHook] o.s.w.c.s.GenericWebApplicationContext   : Closing org.springframework.web.context.support.GenericWebApplicationContext@2c16fadb, started on Wed Jun 03 16:48:55 CLT 2026
2026-06-03T16:49:06.591-04:00  INFO 19228 --- [donation-service] [SpringApplicationShutdownHook] j.LocalContainerEntityManagerFactoryBean : Closing JPA EntityManagerFactory for persistence unit 'default'
2026-06-03T16:49:06.591-04:00 DEBUG 19228 --- [donation-service] [SpringApplicationShutdownHook] org.hibernate.SQL                        : 
    drop table if exists donation_history cascade 
2026-06-03T16:49:06.591-04:00 DEBUG 19228 --- [donation-service] [SpringApplicationShutdownHook] org.hibernate.SQL                        : 
    drop table if exists donations cascade 
2026-06-03T16:49:06.603-04:00  INFO 19228 --- [donation-service] [SpringApplicationShutdownHook] com.zaxxer.hikari.HikariDataSource       : HikariPool-1 - Shutdown initiated...
2026-06-03T16:49:06.606-04:00  INFO 19228 --- [donation-service] [SpringApplicationShutdownHook] com.zaxxer.hikari.HikariDataSource       : HikariPool-1 - Shutdown completed.
