2026-05-17T20:53:05.562-04:00  INFO 27152 --- [adoption-service] [restartedMain] c.a.a.AdoptionServiceApplication         : Starting AdoptionServiceApplication using Java 26 with PID 27152 (C:\Users\camil\Documents\fullstack1\adoptapp\adoption-service\target\classes started by camil in C:\Users\camil\Documents\fullstack1\adoptapp\adoption-service)
2026-05-17T20:53:05.565-04:00 DEBUG 27152 --- [adoption-service] [restartedMain] c.a.a.AdoptionServiceApplication         : Running with Spring Boot v4.0.0, Spring v7.0.1
2026-05-17T20:53:05.566-04:00  INFO 27152 --- [adoption-service] [restartedMain] c.a.a.AdoptionServiceApplication         : No active profile set, falling back to 1 default profile: "default"
2026-05-17T20:53:05.627-04:00  INFO 27152 --- [adoption-service] [restartedMain] .e.DevToolsPropertyDefaultsPostProcessor : Devtools property defaults active! Set 'spring.devtools.add-properties' to 'false' to disable
2026-05-17T20:53:05.629-04:00  INFO 27152 --- [adoption-service] [restartedMain] .e.DevToolsPropertyDefaultsPostProcessor : For additional web related logging consider setting the 'logging.level.web' property to 'DEBUG'
2026-05-17T20:53:06.528-04:00  INFO 27152 --- [adoption-service] [restartedMain] .s.d.r.c.RepositoryConfigurationDelegate : Bootstrapping Spring Data JPA repositories in DEFAULT mode.
2026-05-17T20:53:06.606-04:00  INFO 27152 --- [adoption-service] [restartedMain] .s.d.r.c.RepositoryConfigurationDelegate : Finished Spring Data repository scanning in 65 ms. Found 2 JPA repository interfaces.
2026-05-17T20:53:06.854-04:00  INFO 27152 --- [adoption-service] [restartedMain] o.s.cloud.context.scope.GenericScope     : BeanFactory id=e24dde8b-bbe6-3bea-840a-0c8ff6e09ca3
2026-05-17T20:53:07.455-04:00  INFO 27152 --- [adoption-service] [restartedMain] o.s.boot.tomcat.TomcatWebServer          : Tomcat initialized with port 8083 (http)
2026-05-17T20:53:07.474-04:00  INFO 27152 --- [adoption-service] [restartedMain] o.apache.catalina.core.StandardService   : Starting service [Tomcat]
2026-05-17T20:53:07.474-04:00  INFO 27152 --- [adoption-service] [restartedMain] o.apache.catalina.core.StandardEngine    : Starting Servlet engine: [Apache Tomcat/11.0.14]
2026-05-17T20:53:07.533-04:00  INFO 27152 --- [adoption-service] [restartedMain] b.w.c.s.WebApplicationContextInitializer : Root WebApplicationContext: initialization completed in 1903 ms
2026-05-17T20:53:07.966-04:00  INFO 27152 --- [adoption-service] [restartedMain] com.zaxxer.hikari.HikariDataSource       : HikariPool-1 - Starting...
2026-05-17T20:53:08.187-04:00  INFO 27152 --- [adoption-service] [restartedMain] com.zaxxer.hikari.pool.HikariPool        : HikariPool-1 - Added connection org.postgresql.jdbc.PgConnection@1ef4100c
2026-05-17T20:53:08.190-04:00  INFO 27152 --- [adoption-service] [restartedMain] com.zaxxer.hikari.HikariDataSource       : HikariPool-1 - Start completed.
2026-05-17T20:53:08.216-04:00  INFO 27152 --- [adoption-service] [restartedMain] org.flywaydb.core.FlywayExecutor         : Database: jdbc:postgresql://localhost:5432/adoption_db (PostgreSQL 18.3)
2026-05-17T20:53:08.227-04:00  WARN 27152 --- [adoption-service] [restartedMain] o.f.c.internal.database.base.Database    : Flyway upgrade recommended: PostgreSQL 18.3 is newer than this version of Flyway and support has not been tested. The latest supported version of PostgreSQL is 17.
2026-05-17T20:53:08.264-04:00  INFO 27152 --- [adoption-service] [restartedMain] o.f.core.internal.command.DbValidate     : Successfully validated 4 migrations (execution time 00:00.026s)
2026-05-17T20:53:08.374-04:00  INFO 27152 --- [adoption-service] [restartedMain] o.f.core.internal.command.DbMigrate      : Current version of schema "public": 4
2026-05-17T20:53:08.378-04:00  INFO 27152 --- [adoption-service] [restartedMain] o.f.core.internal.command.DbMigrate      : Schema "public" is up to date. No migration necessary.
2026-05-17T20:53:08.470-04:00  INFO 27152 --- [adoption-service] [restartedMain] o.hibernate.jpa.internal.util.LogHelper  : HHH000204: Processing PersistenceUnitInfo [name: default]
2026-05-17T20:53:08.521-04:00  INFO 27152 --- [adoption-service] [restartedMain] org.hibernate.Version                    : HHH000412: Hibernate ORM core version 7.1.8.Final
2026-05-17T20:53:08.984-04:00  INFO 27152 --- [adoption-service] [restartedMain] o.s.o.j.p.SpringPersistenceUnitInfo      : No LoadTimeWeaver setup: ignoring JPA class transformer
2026-05-17T20:53:09.037-04:00  WARN 27152 --- [adoption-service] [restartedMain] org.hibernate.orm.deprecation            : HHH90000025: PostgreSQLDialect does not need to be specified explicitly using 'hibernate.dialect' (remove the property setting and it will be selected by default)
2026-05-17T20:53:09.055-04:00  INFO 27152 --- [adoption-service] [restartedMain] org.hibernate.orm.connections.pooling    : HHH10001005: Database info:
	Database JDBC URL [jdbc:postgresql://localhost:5432/adoption_db]
	Database driver: PostgreSQL JDBC Driver
	Database dialect: PostgreSQLDialect
	Database version: 18.3
	Default catalog/schema: adoption_db/public
	Autocommit mode: undefined/unknown
	Isolation level: READ_COMMITTED [default READ_COMMITTED]
	JDBC fetch size: none
	Pool: DatasourceConnectionProviderImpl
	Minimum pool size: undefined/unknown
	Maximum pool size: undefined/unknown
2026-05-17T20:53:09.813-04:00  INFO 27152 --- [adoption-service] [restartedMain] o.h.e.t.j.p.i.JtaPlatformInitiator       : HHH000489: No JTA platform available (set 'hibernate.transaction.jta.platform' to enable JTA platform integration)
2026-05-17T20:53:09.858-04:00  INFO 27152 --- [adoption-service] [restartedMain] j.LocalContainerEntityManagerFactoryBean : Initialized JPA EntityManagerFactory for persistence unit 'default'
2026-05-17T20:53:09.967-04:00  WARN 27152 --- [adoption-service] [restartedMain] JpaBaseConfiguration$JpaWebConfiguration : spring.jpa.open-in-view is enabled by default. Therefore, database queries may be performed during view rendering. Explicitly configure spring.jpa.open-in-view to disable this warning
2026-05-17T20:53:10.074-04:00  INFO 27152 --- [adoption-service] [restartedMain] o.s.d.j.r.query.QueryEnhancerFactories   : Hibernate is in classpath; If applicable, HQL parser will be used.
2026-05-17T20:53:10.426-04:00  INFO 27152 --- [adoption-service] [restartedMain] r$InitializeUserDetailsManagerConfigurer : Global AuthenticationManager configured with UserDetailsService bean with name customUserDetailsService
2026-05-17T20:53:10.650-04:00 DEBUG 27152 --- [adoption-service] [restartedMain] s.w.s.m.m.a.RequestMappingHandlerMapping : 8 mappings in 'requestMappingHandlerMapping'
2026-05-17T20:53:10.687-04:00 DEBUG 27152 --- [adoption-service] [restartedMain] o.s.w.s.handler.SimpleUrlHandlerMapping  : Patterns [/webjars/**, /**] in 'resourceHandlerMapping'
2026-05-17T20:53:10.712-04:00 DEBUG 27152 --- [adoption-service] [restartedMain] s.w.s.m.m.a.RequestMappingHandlerAdapter : ControllerAdvice beans: 0 @ModelAttribute, 0 @InitBinder, 1 RequestBodyAdvice, 1 ResponseBodyAdvice
2026-05-17T20:53:10.756-04:00 DEBUG 27152 --- [adoption-service] [restartedMain] .m.m.a.ExceptionHandlerExceptionResolver : ControllerAdvice beans: 1 @ExceptionHandler, 1 ResponseBodyAdvice
2026-05-17T20:53:11.858-04:00  INFO 27152 --- [adoption-service] [restartedMain] o.s.cloud.commons.util.InetUtils         : Cannot determine local hostname
2026-05-17T20:53:11.921-04:00  INFO 27152 --- [adoption-service] [restartedMain] o.s.boot.tomcat.TomcatWebServer          : Tomcat started on port 8083 (http) with context path '/adoption-app'
2026-05-17T20:53:12.930-04:00  INFO 27152 --- [adoption-service] [restartedMain] o.s.cloud.commons.util.InetUtils         : Cannot determine local hostname
2026-05-17T20:53:12.941-04:00  INFO 27152 --- [adoption-service] [restartedMain] c.a.a.AdoptionServiceApplication         : Started AdoptionServiceApplication in 8.852 seconds (process running for 9.52)
2026-05-17T20:57:51.975-04:00  INFO 27152 --- [adoption-service] [http-nio-8083-exec-1] o.a.c.c.C.[.[localhost].[/adoption-app]  : Initializing Spring DispatcherServlet 'dispatcherServlet'
2026-05-17T20:57:51.975-04:00  INFO 27152 --- [adoption-service] [http-nio-8083-exec-1] o.s.web.servlet.DispatcherServlet        : Initializing Servlet 'dispatcherServlet'
2026-05-17T20:57:51.976-04:00 DEBUG 27152 --- [adoption-service] [http-nio-8083-exec-1] o.s.web.servlet.DispatcherServlet        : Detected StandardServletMultipartResolver
2026-05-17T20:57:51.976-04:00 DEBUG 27152 --- [adoption-service] [http-nio-8083-exec-1] o.s.web.servlet.DispatcherServlet        : Detected AcceptHeaderLocaleResolver
2026-05-17T20:57:51.977-04:00 DEBUG 27152 --- [adoption-service] [http-nio-8083-exec-1] o.s.web.servlet.DispatcherServlet        : Detected org.springframework.web.servlet.view.DefaultRequestToViewNameTranslator@43eb1ac9
2026-05-17T20:57:51.977-04:00 DEBUG 27152 --- [adoption-service] [http-nio-8083-exec-1] o.s.web.servlet.DispatcherServlet        : Detected org.springframework.web.servlet.support.SessionFlashMapManager@1b5b7444
2026-05-17T20:57:51.978-04:00 DEBUG 27152 --- [adoption-service] [http-nio-8083-exec-1] o.s.web.servlet.DispatcherServlet        : enableLoggingRequestDetails='false': request parameters and headers will be masked to prevent unsafe logging of potentially sensitive data
2026-05-17T20:57:51.978-04:00  INFO 27152 --- [adoption-service] [http-nio-8083-exec-1] o.s.web.servlet.DispatcherServlet        : Completed initialization in 3 ms
2026-05-17T20:57:53.137-04:00 DEBUG 27152 --- [adoption-service] [http-nio-8083-exec-1] o.s.w.c.HttpMessageConverterExtractor    : Reading to [com.adoptapp.adoptionservice.dto.UserAuthResponse]
2026-05-17T20:57:53.377-04:00 DEBUG 27152 --- [adoption-service] [http-nio-8083-exec-1] o.s.web.servlet.DispatcherServlet        : GET "/adoption-app/adoptions", parameters={}
2026-05-17T20:57:53.389-04:00 DEBUG 27152 --- [adoption-service] [http-nio-8083-exec-1] s.w.s.m.m.a.RequestMappingHandlerMapping : Mapped to com.adoptapp.adoptionservice.controller.AdoptionController#getAllAdoptions(String)
2026-05-17T20:57:53.630-04:00 DEBUG 27152 --- [adoption-service] [http-nio-8083-exec-1] org.hibernate.SQL                        : 
    select
        a1_0.id,
        a1_0.created_at,
        a1_0.pet_id,
        a1_0.status,
        a1_0.updated_at,
        a1_0.user_id 
    from
        adoptions a1_0
2026-05-17T20:57:53.677-04:00 DEBUG 27152 --- [adoption-service] [http-nio-8083-exec-1] o.s.w.s.m.m.a.HttpEntityMethodProcessor  : Using 'application/json', given [*/*] and supported [application/json, application/*+json]
2026-05-17T20:57:53.680-04:00 DEBUG 27152 --- [adoption-service] [http-nio-8083-exec-1] o.s.w.s.m.m.a.HttpEntityMethodProcessor  : Writing [[AdoptionResponse[id=1, userId=1, petId=1, status=PENDING, createdAt=2026-05-17T20:49:46.716349, upd (truncated)...]
2026-05-17T20:57:53.732-04:00 DEBUG 27152 --- [adoption-service] [http-nio-8083-exec-1] o.s.web.servlet.DispatcherServlet        : Completed 200 OK
