2026-06-13T16:36:56.284-04:00  INFO 28900 --- [donation-service] [main] c.a.d.DonationServiceApplication         : Starting DonationServiceApplication using Java 26 with PID 28900 (C:\Users\camil\Documents\fullstack1\adoptapp\donation-service\target\classes started by camila in C:\Users\camil\Documents\fullstack1\adoptapp)
2026-06-13T16:36:56.292-04:00 DEBUG 28900 --- [donation-service] [main] c.a.d.DonationServiceApplication         : Running with Spring Boot v3.4.5, Spring v6.2.6
2026-06-13T16:36:56.293-04:00  INFO 28900 --- [donation-service] [main] c.a.d.DonationServiceApplication         : No active profile set, falling back to 1 default profile: "default"
2026-06-13T16:36:57.397-04:00  INFO 28900 --- [donation-service] [main] .s.d.r.c.RepositoryConfigurationDelegate : Bootstrapping Spring Data JPA repositories in DEFAULT mode.
2026-06-13T16:36:57.467-04:00  INFO 28900 --- [donation-service] [main] .s.d.r.c.RepositoryConfigurationDelegate : Finished Spring Data repository scanning in 59 ms. Found 2 JPA repository interfaces.
2026-06-13T16:36:57.757-04:00  INFO 28900 --- [donation-service] [main] o.s.cloud.context.scope.GenericScope     : BeanFactory id=94839fd3-c683-3533-b81d-eede0cc03621
2026-06-13T16:36:58.595-04:00  INFO 28900 --- [donation-service] [main] o.s.b.w.embedded.tomcat.TomcatWebServer  : Tomcat initialized with port 8090 (http)
2026-06-13T16:36:58.616-04:00  INFO 28900 --- [donation-service] [main] o.apache.catalina.core.StandardService   : Starting service [Tomcat]
2026-06-13T16:36:58.617-04:00  INFO 28900 --- [donation-service] [main] o.apache.catalina.core.StandardEngine    : Starting Servlet engine: [Apache Tomcat/10.1.40]
2026-06-13T16:36:58.702-04:00  INFO 28900 --- [donation-service] [main] o.a.c.c.C.[.[localhost].[/donation-app]  : Initializing Spring embedded WebApplicationContext
2026-06-13T16:36:58.702-04:00  INFO 28900 --- [donation-service] [main] w.s.c.ServletWebServerApplicationContext : Root WebApplicationContext: initialization completed in 2334 ms
2026-06-13T16:36:59.146-04:00  INFO 28900 --- [donation-service] [main] com.zaxxer.hikari.HikariDataSource       : HikariPool-1 - Starting...
2026-06-13T16:37:00.182-04:00  INFO 28900 --- [donation-service] [main] com.zaxxer.hikari.pool.HikariPool        : HikariPool-1 - Added connection org.postgresql.jdbc.PgConnection@75cacb3e
2026-06-13T16:37:00.184-04:00  INFO 28900 --- [donation-service] [main] com.zaxxer.hikari.HikariDataSource       : HikariPool-1 - Start completed.
2026-06-13T16:37:00.208-04:00  INFO 28900 --- [donation-service] [main] org.flywaydb.core.FlywayExecutor         : Database: jdbc:postgresql://localhost:5432/donation_db (PostgreSQL 18.3)
2026-06-13T16:37:00.221-04:00  WARN 28900 --- [donation-service] [main] o.f.c.internal.database.base.Database    : Flyway upgrade recommended: PostgreSQL 18.3 is newer than this version of Flyway and support has not been tested. The latest supported version of PostgreSQL is 17.
2026-06-13T16:37:00.264-04:00  INFO 28900 --- [donation-service] [main] o.f.core.internal.command.DbValidate     : Successfully validated 3 migrations (execution time 00:00.031s)
2026-06-13T16:37:00.604-04:00  INFO 28900 --- [donation-service] [main] o.f.core.internal.command.DbMigrate      : Current version of schema "public": 3
2026-06-13T16:37:00.609-04:00  INFO 28900 --- [donation-service] [main] o.f.core.internal.command.DbMigrate      : Schema "public" is up to date. No migration necessary.
2026-06-13T16:37:00.809-04:00  INFO 28900 --- [donation-service] [main] o.hibernate.jpa.internal.util.LogHelper  : HHH000204: Processing PersistenceUnitInfo [name: default]
2026-06-13T16:37:00.941-04:00  INFO 28900 --- [donation-service] [main] org.hibernate.Version                    : HHH000412: Hibernate ORM core version 6.6.13.Final
2026-06-13T16:37:01.014-04:00  INFO 28900 --- [donation-service] [main] o.h.c.internal.RegionFactoryInitiator    : HHH000026: Second-level cache disabled
2026-06-13T16:37:01.532-04:00  INFO 28900 --- [donation-service] [main] o.s.o.j.p.SpringPersistenceUnitInfo      : No LoadTimeWeaver setup: ignoring JPA class transformer
2026-06-13T16:37:01.659-04:00  WARN 28900 --- [donation-service] [main] org.hibernate.orm.deprecation            : HHH90000025: PostgreSQLDialect does not need to be specified explicitly using 'hibernate.dialect' (remove the property setting and it will be selected by default)
2026-06-13T16:37:01.685-04:00  INFO 28900 --- [donation-service] [main] org.hibernate.orm.connections.pooling    : HHH10001005: Database info:
	Database JDBC URL [Connecting through datasource 'HikariDataSource (HikariPool-1)']
	Database driver: undefined/unknown
	Database version: 18.3
	Autocommit mode: undefined/unknown
	Isolation level: undefined/unknown
	Minimum pool size: undefined/unknown
	Maximum pool size: undefined/unknown
2026-06-13T16:37:03.280-04:00  INFO 28900 --- [donation-service] [main] o.h.e.t.j.p.i.JtaPlatformInitiator       : HHH000489: No JTA platform available (set 'hibernate.transaction.jta.platform' to enable JTA platform integration)
2026-06-13T16:37:03.365-04:00  INFO 28900 --- [donation-service] [main] j.LocalContainerEntityManagerFactoryBean : Initialized JPA EntityManagerFactory for persistence unit 'default'
2026-06-13T16:37:03.648-04:00  WARN 28900 --- [donation-service] [main] JpaBaseConfiguration$JpaWebConfiguration : spring.jpa.open-in-view is enabled by default. Therefore, database queries may be performed during view rendering. Explicitly configure spring.jpa.open-in-view to disable this warning
2026-06-13T16:37:04.852-04:00  INFO 28900 --- [donation-service] [main] r$InitializeUserDetailsManagerConfigurer : Global AuthenticationManager configured with UserDetailsService bean with name customUserDetailsService
2026-06-13T16:37:05.108-04:00 DEBUG 28900 --- [donation-service] [main] s.w.s.m.m.a.RequestMappingHandlerMapping : 8 mappings in 'requestMappingHandlerMapping'
2026-06-13T16:37:05.438-04:00 DEBUG 28900 --- [donation-service] [main] o.s.w.s.handler.SimpleUrlHandlerMapping  : Patterns [/webjars/**, /**] in 'resourceHandlerMapping'
2026-06-13T16:37:05.961-04:00 DEBUG 28900 --- [donation-service] [main] s.w.s.m.m.a.RequestMappingHandlerAdapter : ControllerAdvice beans: 0 @ModelAttribute, 0 @InitBinder, 1 RequestBodyAdvice, 1 ResponseBodyAdvice
2026-06-13T16:37:06.083-04:00 DEBUG 28900 --- [donation-service] [main] .m.m.a.ExceptionHandlerExceptionResolver : ControllerAdvice beans: 1 @ExceptionHandler, 1 ResponseBodyAdvice
2026-06-13T16:37:07.657-04:00  INFO 28900 --- [donation-service] [main] o.s.cloud.commons.util.InetUtils         : Cannot determine local hostname
2026-06-13T16:37:07.812-04:00  INFO 28900 --- [donation-service] [main] o.s.b.w.embedded.tomcat.TomcatWebServer  : Tomcat started on port 8090 (http) with context path '/donation-app'
2026-06-13T16:37:08.823-04:00  INFO 28900 --- [donation-service] [main] o.s.cloud.commons.util.InetUtils         : Cannot determine local hostname
2026-06-13T16:37:08.837-04:00  INFO 28900 --- [donation-service] [main] c.a.d.DonationServiceApplication         : Started DonationServiceApplication in 14.374 seconds (process running for 15.613)
2026-06-13T16:39:12.072-04:00  INFO 28900 --- [donation-service] [SpringApplicationShutdownHook] o.s.b.w.e.tomcat.GracefulShutdown        : Commencing graceful shutdown. Waiting for active requests to complete
2026-06-13T16:39:12.085-04:00  INFO 28900 --- [donation-service] [tomcat-shutdown] o.s.b.w.e.tomcat.GracefulShutdown        : Graceful shutdown complete
2026-06-13T16:39:12.095-04:00  INFO 28900 --- [donation-service] [SpringApplicationShutdownHook] j.LocalContainerEntityManagerFactoryBean : Closing JPA EntityManagerFactory for persistence unit 'default'
2026-06-13T16:39:12.098-04:00  INFO 28900 --- [donation-service] [SpringApplicationShutdownHook] com.zaxxer.hikari.HikariDataSource       : HikariPool-1 - Shutdown initiated...
2026-06-13T16:39:12.104-04:00  INFO 28900 --- [donation-service] [SpringApplicationShutdownHook] com.zaxxer.hikari.HikariDataSource       : HikariPool-1 - Shutdown completed.
2026-06-13T16:54:31.437-04:00  INFO 26268 --- [donation-service] [main] c.a.d.DonationServiceApplication         : Starting DonationServiceApplication using Java 26 with PID 26268 (C:\Users\camil\Documents\fullstack1\adoptapp\donation-service\target\classes started by camila in C:\Users\camil\Documents\fullstack1\adoptapp)
2026-06-13T16:54:31.438-04:00 DEBUG 26268 --- [donation-service] [main] c.a.d.DonationServiceApplication         : Running with Spring Boot v3.4.5, Spring v6.2.6
2026-06-13T16:54:31.439-04:00  INFO 26268 --- [donation-service] [main] c.a.d.DonationServiceApplication         : No active profile set, falling back to 1 default profile: "default"
2026-06-13T16:54:32.112-04:00  INFO 26268 --- [donation-service] [main] .s.d.r.c.RepositoryConfigurationDelegate : Bootstrapping Spring Data JPA repositories in DEFAULT mode.
2026-06-13T16:54:32.159-04:00  INFO 26268 --- [donation-service] [main] .s.d.r.c.RepositoryConfigurationDelegate : Finished Spring Data repository scanning in 40 ms. Found 2 JPA repository interfaces.
2026-06-13T16:54:32.350-04:00  INFO 26268 --- [donation-service] [main] o.s.cloud.context.scope.GenericScope     : BeanFactory id=94839fd3-c683-3533-b81d-eede0cc03621
2026-06-13T16:54:32.906-04:00  INFO 26268 --- [donation-service] [main] o.s.b.w.embedded.tomcat.TomcatWebServer  : Tomcat initialized with port 8090 (http)
2026-06-13T16:54:32.916-04:00  INFO 26268 --- [donation-service] [main] o.apache.catalina.core.StandardService   : Starting service [Tomcat]
2026-06-13T16:54:32.917-04:00  INFO 26268 --- [donation-service] [main] o.apache.catalina.core.StandardEngine    : Starting Servlet engine: [Apache Tomcat/10.1.40]
2026-06-13T16:54:32.969-04:00  INFO 26268 --- [donation-service] [main] o.a.c.c.C.[.[localhost].[/donation-app]  : Initializing Spring embedded WebApplicationContext
2026-06-13T16:54:32.969-04:00  INFO 26268 --- [donation-service] [main] w.s.c.ServletWebServerApplicationContext : Root WebApplicationContext: initialization completed in 1491 ms
2026-06-13T16:54:33.216-04:00  INFO 26268 --- [donation-service] [main] com.zaxxer.hikari.HikariDataSource       : HikariPool-1 - Starting...
2026-06-13T16:54:33.375-04:00  INFO 26268 --- [donation-service] [main] com.zaxxer.hikari.pool.HikariPool        : HikariPool-1 - Added connection org.postgresql.jdbc.PgConnection@49e0b123
2026-06-13T16:54:33.376-04:00  INFO 26268 --- [donation-service] [main] com.zaxxer.hikari.HikariDataSource       : HikariPool-1 - Start completed.
2026-06-13T16:54:33.395-04:00  INFO 26268 --- [donation-service] [main] org.flywaydb.core.FlywayExecutor         : Database: jdbc:postgresql://localhost:5432/donation_db (PostgreSQL 18.3)
2026-06-13T16:54:33.402-04:00  WARN 26268 --- [donation-service] [main] o.f.c.internal.database.base.Database    : Flyway upgrade recommended: PostgreSQL 18.3 is newer than this version of Flyway and support has not been tested. The latest supported version of PostgreSQL is 17.
2026-06-13T16:54:33.424-04:00  INFO 26268 --- [donation-service] [main] o.f.c.i.s.JdbcTableSchemaHistory         : Schema history table "public"."flyway_schema_history" does not exist yet
2026-06-13T16:54:33.427-04:00  INFO 26268 --- [donation-service] [main] o.f.core.internal.command.DbValidate     : Successfully validated 3 migrations (execution time 00:00.016s)
2026-06-13T16:54:33.436-04:00  INFO 26268 --- [donation-service] [main] org.flywaydb.core.Flyway                 : All configured schemas are empty; baseline operation skipped. A baseline or migration script with a lower version than the baseline version may execute if available. Check the Schemas parameter if this is not intended.
2026-06-13T16:54:33.439-04:00  INFO 26268 --- [donation-service] [main] o.f.c.i.s.JdbcTableSchemaHistory         : Creating Schema History table "public"."flyway_schema_history" ...
2026-06-13T16:54:33.568-04:00  INFO 26268 --- [donation-service] [main] o.f.core.internal.command.DbMigrate      : Current version of schema "public": << Empty Schema >>
2026-06-13T16:54:33.576-04:00  INFO 26268 --- [donation-service] [main] o.f.core.internal.command.DbMigrate      : Migrating schema "public" to version "1 - create donations table"
2026-06-13T16:54:33.607-04:00  INFO 26268 --- [donation-service] [main] o.f.core.internal.command.DbMigrate      : Migrating schema "public" to version "2 - seed data"
2026-06-13T16:54:33.618-04:00  INFO 26268 --- [donation-service] [main] o.f.core.internal.command.DbMigrate      : Migrating schema "public" to version "3 - add foreign keys to donations"
2026-06-13T16:54:33.631-04:00  INFO 26268 --- [donation-service] [main] o.f.core.internal.command.DbMigrate      : Successfully applied 3 migrations to schema "public", now at version v3 (execution time 00:00.029s)
2026-06-13T16:54:33.733-04:00  INFO 26268 --- [donation-service] [main] o.hibernate.jpa.internal.util.LogHelper  : HHH000204: Processing PersistenceUnitInfo [name: default]
2026-06-13T16:54:33.782-04:00  INFO 26268 --- [donation-service] [main] org.hibernate.Version                    : HHH000412: Hibernate ORM core version 6.6.13.Final
2026-06-13T16:54:33.813-04:00  INFO 26268 --- [donation-service] [main] o.h.c.internal.RegionFactoryInitiator    : HHH000026: Second-level cache disabled
2026-06-13T16:54:34.096-04:00  INFO 26268 --- [donation-service] [main] o.s.o.j.p.SpringPersistenceUnitInfo      : No LoadTimeWeaver setup: ignoring JPA class transformer
2026-06-13T16:54:34.151-04:00  WARN 26268 --- [donation-service] [main] org.hibernate.orm.deprecation            : HHH90000025: PostgreSQLDialect does not need to be specified explicitly using 'hibernate.dialect' (remove the property setting and it will be selected by default)
2026-06-13T16:54:34.163-04:00  INFO 26268 --- [donation-service] [main] org.hibernate.orm.connections.pooling    : HHH10001005: Database info:
	Database JDBC URL [Connecting through datasource 'HikariDataSource (HikariPool-1)']
	Database driver: undefined/unknown
	Database version: 18.3
	Autocommit mode: undefined/unknown
	Isolation level: undefined/unknown
	Minimum pool size: undefined/unknown
	Maximum pool size: undefined/unknown
2026-06-13T16:54:34.998-04:00  INFO 26268 --- [donation-service] [main] o.h.e.t.j.p.i.JtaPlatformInitiator       : HHH000489: No JTA platform available (set 'hibernate.transaction.jta.platform' to enable JTA platform integration)
2026-06-13T16:54:35.031-04:00  INFO 26268 --- [donation-service] [main] j.LocalContainerEntityManagerFactoryBean : Initialized JPA EntityManagerFactory for persistence unit 'default'
2026-06-13T16:54:35.174-04:00  WARN 26268 --- [donation-service] [main] JpaBaseConfiguration$JpaWebConfiguration : spring.jpa.open-in-view is enabled by default. Therefore, database queries may be performed during view rendering. Explicitly configure spring.jpa.open-in-view to disable this warning
2026-06-13T16:54:35.836-04:00  INFO 26268 --- [donation-service] [main] r$InitializeUserDetailsManagerConfigurer : Global AuthenticationManager configured with UserDetailsService bean with name customUserDetailsService
2026-06-13T16:54:35.982-04:00 DEBUG 26268 --- [donation-service] [main] s.w.s.m.m.a.RequestMappingHandlerMapping : 8 mappings in 'requestMappingHandlerMapping'
2026-06-13T16:54:36.127-04:00 DEBUG 26268 --- [donation-service] [main] o.s.w.s.handler.SimpleUrlHandlerMapping  : Patterns [/webjars/**, /**] in 'resourceHandlerMapping'
2026-06-13T16:54:36.411-04:00 DEBUG 26268 --- [donation-service] [main] s.w.s.m.m.a.RequestMappingHandlerAdapter : ControllerAdvice beans: 0 @ModelAttribute, 0 @InitBinder, 1 RequestBodyAdvice, 1 ResponseBodyAdvice
2026-06-13T16:54:36.474-04:00 DEBUG 26268 --- [donation-service] [main] .m.m.a.ExceptionHandlerExceptionResolver : ControllerAdvice beans: 1 @ExceptionHandler, 1 ResponseBodyAdvice
2026-06-13T16:54:37.795-04:00  INFO 26268 --- [donation-service] [main] o.s.cloud.commons.util.InetUtils         : Cannot determine local hostname
2026-06-13T16:54:37.877-04:00  INFO 26268 --- [donation-service] [main] o.s.b.w.embedded.tomcat.TomcatWebServer  : Tomcat started on port 8090 (http) with context path '/donation-app'
2026-06-13T16:54:38.884-04:00  INFO 26268 --- [donation-service] [main] o.s.cloud.commons.util.InetUtils         : Cannot determine local hostname
2026-06-13T16:54:38.891-04:00  INFO 26268 --- [donation-service] [main] c.a.d.DonationServiceApplication         : Started DonationServiceApplication in 9.011 seconds (process running for 9.994)
2026-06-13T17:18:40.854-04:00  INFO 26268 --- [donation-service] [SpringApplicationShutdownHook] o.s.b.w.e.tomcat.GracefulShutdown        : Commencing graceful shutdown. Waiting for active requests to complete
2026-06-13T17:18:40.876-04:00  INFO 26268 --- [donation-service] [tomcat-shutdown] o.s.b.w.e.tomcat.GracefulShutdown        : Graceful shutdown complete
2026-06-13T17:18:40.889-04:00  INFO 26268 --- [donation-service] [SpringApplicationShutdownHook] j.LocalContainerEntityManagerFactoryBean : Closing JPA EntityManagerFactory for persistence unit 'default'
2026-06-13T17:18:40.898-04:00  INFO 26268 --- [donation-service] [SpringApplicationShutdownHook] com.zaxxer.hikari.HikariDataSource       : HikariPool-1 - Shutdown initiated...
2026-06-13T17:18:40.903-04:00  INFO 26268 --- [donation-service] [SpringApplicationShutdownHook] com.zaxxer.hikari.HikariDataSource       : HikariPool-1 - Shutdown completed.
2026-06-13T17:24:17.965-04:00  INFO 29504 --- [donation-service] [main] c.a.d.DonationServiceApplication         : Starting DonationServiceApplication using Java 26 with PID 29504 (C:\Users\camil\Documents\fullstack1\adoptapp\donation-service\target\classes started by camila in C:\Users\camil\Documents\fullstack1\adoptapp)
2026-06-13T17:24:17.968-04:00 DEBUG 29504 --- [donation-service] [main] c.a.d.DonationServiceApplication         : Running with Spring Boot v3.4.5, Spring v6.2.6
2026-06-13T17:24:17.969-04:00  INFO 29504 --- [donation-service] [main] c.a.d.DonationServiceApplication         : No active profile set, falling back to 1 default profile: "default"
2026-06-13T17:24:19.606-04:00  INFO 29504 --- [donation-service] [main] .s.d.r.c.RepositoryConfigurationDelegate : Bootstrapping Spring Data JPA repositories in DEFAULT mode.
2026-06-13T17:24:19.732-04:00  INFO 29504 --- [donation-service] [main] .s.d.r.c.RepositoryConfigurationDelegate : Finished Spring Data repository scanning in 108 ms. Found 2 JPA repository interfaces.
2026-06-13T17:24:20.241-04:00  INFO 29504 --- [donation-service] [main] o.s.cloud.context.scope.GenericScope     : BeanFactory id=94839fd3-c683-3533-b81d-eede0cc03621
2026-06-13T17:24:21.388-04:00  INFO 29504 --- [donation-service] [main] o.s.b.w.embedded.tomcat.TomcatWebServer  : Tomcat initialized with port 8090 (http)
2026-06-13T17:24:21.410-04:00  INFO 29504 --- [donation-service] [main] o.apache.catalina.core.StandardService   : Starting service [Tomcat]
2026-06-13T17:24:21.410-04:00  INFO 29504 --- [donation-service] [main] o.apache.catalina.core.StandardEngine    : Starting Servlet engine: [Apache Tomcat/10.1.40]
2026-06-13T17:24:21.523-04:00  INFO 29504 --- [donation-service] [main] o.a.c.c.C.[.[localhost].[/donation-app]  : Initializing Spring embedded WebApplicationContext
2026-06-13T17:24:21.524-04:00  INFO 29504 --- [donation-service] [main] w.s.c.ServletWebServerApplicationContext : Root WebApplicationContext: initialization completed in 3478 ms
2026-06-13T17:24:22.127-04:00  INFO 29504 --- [donation-service] [main] com.zaxxer.hikari.HikariDataSource       : HikariPool-1 - Starting...
2026-06-13T17:24:22.584-04:00  INFO 29504 --- [donation-service] [main] com.zaxxer.hikari.pool.HikariPool        : HikariPool-1 - Added connection org.postgresql.jdbc.PgConnection@5d5574c7
2026-06-13T17:24:22.589-04:00  INFO 29504 --- [donation-service] [main] com.zaxxer.hikari.HikariDataSource       : HikariPool-1 - Start completed.
2026-06-13T17:24:22.643-04:00  INFO 29504 --- [donation-service] [main] org.flywaydb.core.FlywayExecutor         : Database: jdbc:postgresql://localhost:5432/donation_db (PostgreSQL 18.3)
2026-06-13T17:24:22.658-04:00  WARN 29504 --- [donation-service] [main] o.f.c.internal.database.base.Database    : Flyway upgrade recommended: PostgreSQL 18.3 is newer than this version of Flyway and support has not been tested. The latest supported version of PostgreSQL is 17.
2026-06-13T17:24:22.727-04:00  INFO 29504 --- [donation-service] [main] o.f.core.internal.command.DbValidate     : Successfully validated 3 migrations (execution time 00:00.049s)
2026-06-13T17:24:22.870-04:00  INFO 29504 --- [donation-service] [main] o.f.core.internal.command.DbMigrate      : Current version of schema "public": 3
2026-06-13T17:24:22.875-04:00  INFO 29504 --- [donation-service] [main] o.f.core.internal.command.DbMigrate      : Schema "public" is up to date. No migration necessary.
2026-06-13T17:24:23.114-04:00  INFO 29504 --- [donation-service] [main] o.hibernate.jpa.internal.util.LogHelper  : HHH000204: Processing PersistenceUnitInfo [name: default]
2026-06-13T17:24:23.239-04:00  INFO 29504 --- [donation-service] [main] org.hibernate.Version                    : HHH000412: Hibernate ORM core version 6.6.13.Final
2026-06-13T17:24:23.311-04:00  INFO 29504 --- [donation-service] [main] o.h.c.internal.RegionFactoryInitiator    : HHH000026: Second-level cache disabled
2026-06-13T17:24:23.844-04:00  INFO 29504 --- [donation-service] [main] o.s.o.j.p.SpringPersistenceUnitInfo      : No LoadTimeWeaver setup: ignoring JPA class transformer
2026-06-13T17:24:23.945-04:00  WARN 29504 --- [donation-service] [main] org.hibernate.orm.deprecation            : HHH90000025: PostgreSQLDialect does not need to be specified explicitly using 'hibernate.dialect' (remove the property setting and it will be selected by default)
2026-06-13T17:24:23.974-04:00  INFO 29504 --- [donation-service] [main] org.hibernate.orm.connections.pooling    : HHH10001005: Database info:
	Database JDBC URL [Connecting through datasource 'HikariDataSource (HikariPool-1)']
	Database driver: undefined/unknown
	Database version: 18.3
	Autocommit mode: undefined/unknown
	Isolation level: undefined/unknown
	Minimum pool size: undefined/unknown
	Maximum pool size: undefined/unknown
2026-06-13T17:24:25.618-04:00  INFO 29504 --- [donation-service] [main] o.h.e.t.j.p.i.JtaPlatformInitiator       : HHH000489: No JTA platform available (set 'hibernate.transaction.jta.platform' to enable JTA platform integration)
2026-06-13T17:24:25.687-04:00  INFO 29504 --- [donation-service] [main] j.LocalContainerEntityManagerFactoryBean : Initialized JPA EntityManagerFactory for persistence unit 'default'
2026-06-13T17:24:26.026-04:00  WARN 29504 --- [donation-service] [main] JpaBaseConfiguration$JpaWebConfiguration : spring.jpa.open-in-view is enabled by default. Therefore, database queries may be performed during view rendering. Explicitly configure spring.jpa.open-in-view to disable this warning
2026-06-13T17:24:27.805-04:00  INFO 29504 --- [donation-service] [main] r$InitializeUserDetailsManagerConfigurer : Global AuthenticationManager configured with UserDetailsService bean with name customUserDetailsService
2026-06-13T17:24:28.136-04:00 DEBUG 29504 --- [donation-service] [main] s.w.s.m.m.a.RequestMappingHandlerMapping : 8 mappings in 'requestMappingHandlerMapping'
2026-06-13T17:24:28.596-04:00 DEBUG 29504 --- [donation-service] [main] o.s.w.s.handler.SimpleUrlHandlerMapping  : Patterns [/webjars/**, /**] in 'resourceHandlerMapping'
2026-06-13T17:24:29.312-04:00 DEBUG 29504 --- [donation-service] [main] s.w.s.m.m.a.RequestMappingHandlerAdapter : ControllerAdvice beans: 0 @ModelAttribute, 0 @InitBinder, 1 RequestBodyAdvice, 1 ResponseBodyAdvice
2026-06-13T17:24:29.477-04:00 DEBUG 29504 --- [donation-service] [main] .m.m.a.ExceptionHandlerExceptionResolver : ControllerAdvice beans: 1 @ExceptionHandler, 1 ResponseBodyAdvice
2026-06-13T17:24:31.220-04:00  INFO 29504 --- [donation-service] [main] o.s.cloud.commons.util.InetUtils         : Cannot determine local hostname
2026-06-13T17:24:31.422-04:00  INFO 29504 --- [donation-service] [main] o.s.b.w.embedded.tomcat.TomcatWebServer  : Tomcat started on port 8090 (http) with context path '/donation-app'
2026-06-13T17:24:32.447-04:00  INFO 29504 --- [donation-service] [main] o.s.cloud.commons.util.InetUtils         : Cannot determine local hostname
2026-06-13T17:24:32.462-04:00  INFO 29504 --- [donation-service] [main] c.a.d.DonationServiceApplication         : Started DonationServiceApplication in 16.249 seconds (process running for 17.57)
2026-06-13T17:31:55.530-04:00  INFO 29504 --- [donation-service] [SpringApplicationShutdownHook] o.s.b.w.e.tomcat.GracefulShutdown        : Commencing graceful shutdown. Waiting for active requests to complete
2026-06-13T17:31:55.556-04:00  INFO 29504 --- [donation-service] [tomcat-shutdown] o.s.b.w.e.tomcat.GracefulShutdown        : Graceful shutdown complete
2026-06-13T17:31:55.565-04:00  INFO 29504 --- [donation-service] [SpringApplicationShutdownHook] j.LocalContainerEntityManagerFactoryBean : Closing JPA EntityManagerFactory for persistence unit 'default'
2026-06-13T17:31:55.567-04:00  INFO 29504 --- [donation-service] [SpringApplicationShutdownHook] com.zaxxer.hikari.HikariDataSource       : HikariPool-1 - Shutdown initiated...
2026-06-13T17:31:55.575-04:00  INFO 29504 --- [donation-service] [SpringApplicationShutdownHook] com.zaxxer.hikari.HikariDataSource       : HikariPool-1 - Shutdown completed.
