2026-06-13T16:36:23.969-04:00  INFO 15460 --- [followup-service] [main] c.a.f.FollowupServiceApplication         : Starting FollowupServiceApplication using Java 26 with PID 15460 (C:\Users\camil\Documents\fullstack1\adoptapp\followup-service\target\classes started by camila in C:\Users\camil\Documents\fullstack1\adoptapp)
2026-06-13T16:36:23.975-04:00 DEBUG 15460 --- [followup-service] [main] c.a.f.FollowupServiceApplication         : Running with Spring Boot v3.4.5, Spring v6.2.6
2026-06-13T16:36:23.976-04:00  INFO 15460 --- [followup-service] [main] c.a.f.FollowupServiceApplication         : No active profile set, falling back to 1 default profile: "default"
2026-06-13T16:36:24.892-04:00  INFO 15460 --- [followup-service] [main] .s.d.r.c.RepositoryConfigurationDelegate : Bootstrapping Spring Data JPA repositories in DEFAULT mode.
2026-06-13T16:36:24.957-04:00  INFO 15460 --- [followup-service] [main] .s.d.r.c.RepositoryConfigurationDelegate : Finished Spring Data repository scanning in 53 ms. Found 2 JPA repository interfaces.
2026-06-13T16:36:25.387-04:00  INFO 15460 --- [followup-service] [main] o.s.cloud.context.scope.GenericScope     : BeanFactory id=b6f62709-00a8-3db3-97fc-dbed0cdd7df3
2026-06-13T16:36:26.378-04:00  INFO 15460 --- [followup-service] [main] o.s.b.w.embedded.tomcat.TomcatWebServer  : Tomcat initialized with port 8086 (http)
2026-06-13T16:36:26.390-04:00  INFO 15460 --- [followup-service] [main] o.apache.catalina.core.StandardService   : Starting service [Tomcat]
2026-06-13T16:36:26.391-04:00  INFO 15460 --- [followup-service] [main] o.apache.catalina.core.StandardEngine    : Starting Servlet engine: [Apache Tomcat/10.1.40]
2026-06-13T16:36:26.448-04:00  INFO 15460 --- [followup-service] [main] o.a.c.c.C.[.[localhost].[/followup-app]  : Initializing Spring embedded WebApplicationContext
2026-06-13T16:36:26.448-04:00  INFO 15460 --- [followup-service] [main] w.s.c.ServletWebServerApplicationContext : Root WebApplicationContext: initialization completed in 2408 ms
2026-06-13T16:36:26.791-04:00  INFO 15460 --- [followup-service] [main] com.zaxxer.hikari.HikariDataSource       : HikariPool-1 - Starting...
2026-06-13T16:36:27.311-04:00  INFO 15460 --- [followup-service] [main] com.zaxxer.hikari.pool.HikariPool        : HikariPool-1 - Added connection org.postgresql.jdbc.PgConnection@660296d5
2026-06-13T16:36:27.313-04:00  INFO 15460 --- [followup-service] [main] com.zaxxer.hikari.HikariDataSource       : HikariPool-1 - Start completed.
2026-06-13T16:36:27.346-04:00  INFO 15460 --- [followup-service] [main] org.flywaydb.core.FlywayExecutor         : Database: jdbc:postgresql://localhost:5432/followup_db (PostgreSQL 18.3)
2026-06-13T16:36:27.361-04:00  WARN 15460 --- [followup-service] [main] o.f.c.internal.database.base.Database    : Flyway upgrade recommended: PostgreSQL 18.3 is newer than this version of Flyway and support has not been tested. The latest supported version of PostgreSQL is 17.
2026-06-13T16:36:27.417-04:00  INFO 15460 --- [followup-service] [main] o.f.core.internal.command.DbValidate     : Successfully validated 3 migrations (execution time 00:00.041s)
2026-06-13T16:36:27.561-04:00  INFO 15460 --- [followup-service] [main] o.f.core.internal.command.DbMigrate      : Current version of schema "public": 3
2026-06-13T16:36:27.565-04:00  INFO 15460 --- [followup-service] [main] o.f.core.internal.command.DbMigrate      : Schema "public" is up to date. No migration necessary.
2026-06-13T16:36:27.706-04:00  INFO 15460 --- [followup-service] [main] o.hibernate.jpa.internal.util.LogHelper  : HHH000204: Processing PersistenceUnitInfo [name: default]
2026-06-13T16:36:27.768-04:00  INFO 15460 --- [followup-service] [main] org.hibernate.Version                    : HHH000412: Hibernate ORM core version 6.6.13.Final
2026-06-13T16:36:27.816-04:00  INFO 15460 --- [followup-service] [main] o.h.c.internal.RegionFactoryInitiator    : HHH000026: Second-level cache disabled
2026-06-13T16:36:28.236-04:00  INFO 15460 --- [followup-service] [main] o.s.o.j.p.SpringPersistenceUnitInfo      : No LoadTimeWeaver setup: ignoring JPA class transformer
2026-06-13T16:36:28.341-04:00  WARN 15460 --- [followup-service] [main] org.hibernate.orm.deprecation            : HHH90000025: PostgreSQLDialect does not need to be specified explicitly using 'hibernate.dialect' (remove the property setting and it will be selected by default)
2026-06-13T16:36:28.361-04:00  INFO 15460 --- [followup-service] [main] org.hibernate.orm.connections.pooling    : HHH10001005: Database info:
	Database JDBC URL [Connecting through datasource 'HikariDataSource (HikariPool-1)']
	Database driver: undefined/unknown
	Database version: 18.3
	Autocommit mode: undefined/unknown
	Isolation level: undefined/unknown
	Minimum pool size: undefined/unknown
	Maximum pool size: undefined/unknown
2026-06-13T16:36:29.640-04:00  INFO 15460 --- [followup-service] [main] o.h.e.t.j.p.i.JtaPlatformInitiator       : HHH000489: No JTA platform available (set 'hibernate.transaction.jta.platform' to enable JTA platform integration)
2026-06-13T16:36:29.727-04:00  INFO 15460 --- [followup-service] [main] j.LocalContainerEntityManagerFactoryBean : Initialized JPA EntityManagerFactory for persistence unit 'default'
2026-06-13T16:36:29.968-04:00  WARN 15460 --- [followup-service] [main] JpaBaseConfiguration$JpaWebConfiguration : spring.jpa.open-in-view is enabled by default. Therefore, database queries may be performed during view rendering. Explicitly configure spring.jpa.open-in-view to disable this warning
2026-06-13T16:36:30.918-04:00  INFO 15460 --- [followup-service] [main] r$InitializeUserDetailsManagerConfigurer : Global AuthenticationManager configured with UserDetailsService bean with name customUserDetailsService
2026-06-13T16:36:31.118-04:00 DEBUG 15460 --- [followup-service] [main] s.w.s.m.m.a.RequestMappingHandlerMapping : 8 mappings in 'requestMappingHandlerMapping'
2026-06-13T16:36:31.458-04:00 DEBUG 15460 --- [followup-service] [main] o.s.w.s.handler.SimpleUrlHandlerMapping  : Patterns [/webjars/**, /**] in 'resourceHandlerMapping'
2026-06-13T16:36:32.001-04:00 DEBUG 15460 --- [followup-service] [main] s.w.s.m.m.a.RequestMappingHandlerAdapter : ControllerAdvice beans: 0 @ModelAttribute, 0 @InitBinder, 1 RequestBodyAdvice, 1 ResponseBodyAdvice
2026-06-13T16:36:32.099-04:00 DEBUG 15460 --- [followup-service] [main] .m.m.a.ExceptionHandlerExceptionResolver : ControllerAdvice beans: 1 @ExceptionHandler, 1 ResponseBodyAdvice
2026-06-13T16:36:33.448-04:00  INFO 15460 --- [followup-service] [main] o.s.cloud.commons.util.InetUtils         : Cannot determine local hostname
2026-06-13T16:36:33.591-04:00  INFO 15460 --- [followup-service] [main] o.s.b.w.embedded.tomcat.TomcatWebServer  : Tomcat started on port 8086 (http) with context path '/followup-app'
2026-06-13T16:36:34.600-04:00  INFO 15460 --- [followup-service] [main] o.s.cloud.commons.util.InetUtils         : Cannot determine local hostname
2026-06-13T16:36:34.611-04:00  INFO 15460 --- [followup-service] [main] c.a.f.FollowupServiceApplication         : Started FollowupServiceApplication in 12.304 seconds (process running for 13.398)
2026-06-13T16:39:12.111-04:00  INFO 15460 --- [followup-service] [SpringApplicationShutdownHook] o.s.b.w.e.tomcat.GracefulShutdown        : Commencing graceful shutdown. Waiting for active requests to complete
2026-06-13T16:39:12.126-04:00  INFO 15460 --- [followup-service] [tomcat-shutdown] o.s.b.w.e.tomcat.GracefulShutdown        : Graceful shutdown complete
2026-06-13T16:39:12.138-04:00  INFO 15460 --- [followup-service] [SpringApplicationShutdownHook] j.LocalContainerEntityManagerFactoryBean : Closing JPA EntityManagerFactory for persistence unit 'default'
2026-06-13T16:39:12.142-04:00  INFO 15460 --- [followup-service] [SpringApplicationShutdownHook] com.zaxxer.hikari.HikariDataSource       : HikariPool-1 - Shutdown initiated...
2026-06-13T16:39:12.146-04:00  INFO 15460 --- [followup-service] [SpringApplicationShutdownHook] com.zaxxer.hikari.HikariDataSource       : HikariPool-1 - Shutdown completed.
2026-06-13T16:53:10.002-04:00  INFO 28388 --- [followup-service] [main] c.a.f.FollowupServiceApplication         : Starting FollowupServiceApplication using Java 26 with PID 28388 (C:\Users\camil\Documents\fullstack1\adoptapp\followup-service\target\classes started by camila in C:\Users\camil\Documents\fullstack1\adoptapp)
2026-06-13T16:53:10.004-04:00 DEBUG 28388 --- [followup-service] [main] c.a.f.FollowupServiceApplication         : Running with Spring Boot v3.4.5, Spring v6.2.6
2026-06-13T16:53:10.004-04:00  INFO 28388 --- [followup-service] [main] c.a.f.FollowupServiceApplication         : No active profile set, falling back to 1 default profile: "default"
2026-06-13T16:53:10.671-04:00  INFO 28388 --- [followup-service] [main] .s.d.r.c.RepositoryConfigurationDelegate : Bootstrapping Spring Data JPA repositories in DEFAULT mode.
2026-06-13T16:53:10.729-04:00  INFO 28388 --- [followup-service] [main] .s.d.r.c.RepositoryConfigurationDelegate : Finished Spring Data repository scanning in 49 ms. Found 2 JPA repository interfaces.
2026-06-13T16:53:10.941-04:00  INFO 28388 --- [followup-service] [main] o.s.cloud.context.scope.GenericScope     : BeanFactory id=b6f62709-00a8-3db3-97fc-dbed0cdd7df3
2026-06-13T16:53:11.452-04:00  INFO 28388 --- [followup-service] [main] o.s.b.w.embedded.tomcat.TomcatWebServer  : Tomcat initialized with port 8086 (http)
2026-06-13T16:53:11.464-04:00  INFO 28388 --- [followup-service] [main] o.apache.catalina.core.StandardService   : Starting service [Tomcat]
2026-06-13T16:53:11.464-04:00  INFO 28388 --- [followup-service] [main] o.apache.catalina.core.StandardEngine    : Starting Servlet engine: [Apache Tomcat/10.1.40]
2026-06-13T16:53:11.526-04:00  INFO 28388 --- [followup-service] [main] o.a.c.c.C.[.[localhost].[/followup-app]  : Initializing Spring embedded WebApplicationContext
2026-06-13T16:53:11.526-04:00  INFO 28388 --- [followup-service] [main] w.s.c.ServletWebServerApplicationContext : Root WebApplicationContext: initialization completed in 1486 ms
2026-06-13T16:53:11.841-04:00  INFO 28388 --- [followup-service] [main] com.zaxxer.hikari.HikariDataSource       : HikariPool-1 - Starting...
2026-06-13T16:53:12.076-04:00  INFO 28388 --- [followup-service] [main] com.zaxxer.hikari.pool.HikariPool        : HikariPool-1 - Added connection org.postgresql.jdbc.PgConnection@a69f9d
2026-06-13T16:53:12.078-04:00  INFO 28388 --- [followup-service] [main] com.zaxxer.hikari.HikariDataSource       : HikariPool-1 - Start completed.
2026-06-13T16:53:12.108-04:00  INFO 28388 --- [followup-service] [main] org.flywaydb.core.FlywayExecutor         : Database: jdbc:postgresql://localhost:5432/followup_db (PostgreSQL 18.3)
2026-06-13T16:53:12.119-04:00  WARN 28388 --- [followup-service] [main] o.f.c.internal.database.base.Database    : Flyway upgrade recommended: PostgreSQL 18.3 is newer than this version of Flyway and support has not been tested. The latest supported version of PostgreSQL is 17.
2026-06-13T16:53:12.150-04:00  INFO 28388 --- [followup-service] [main] o.f.c.i.s.JdbcTableSchemaHistory         : Schema history table "public"."flyway_schema_history" does not exist yet
2026-06-13T16:53:12.153-04:00  INFO 28388 --- [followup-service] [main] o.f.core.internal.command.DbValidate     : Successfully validated 3 migrations (execution time 00:00.022s)
2026-06-13T16:53:12.166-04:00  INFO 28388 --- [followup-service] [main] org.flywaydb.core.Flyway                 : All configured schemas are empty; baseline operation skipped. A baseline or migration script with a lower version than the baseline version may execute if available. Check the Schemas parameter if this is not intended.
2026-06-13T16:53:12.171-04:00  INFO 28388 --- [followup-service] [main] o.f.c.i.s.JdbcTableSchemaHistory         : Creating Schema History table "public"."flyway_schema_history" ...
2026-06-13T16:53:12.317-04:00  INFO 28388 --- [followup-service] [main] o.f.core.internal.command.DbMigrate      : Current version of schema "public": << Empty Schema >>
2026-06-13T16:53:12.326-04:00  INFO 28388 --- [followup-service] [main] o.f.core.internal.command.DbMigrate      : Migrating schema "public" to version "1 - create followups table"
2026-06-13T16:53:12.366-04:00  INFO 28388 --- [followup-service] [main] o.f.core.internal.command.DbMigrate      : Migrating schema "public" to version "2 - seed followups"
2026-06-13T16:53:12.380-04:00  INFO 28388 --- [followup-service] [main] o.f.core.internal.command.DbMigrate      : Migrating schema "public" to version "3 - add reference ids to followups"
2026-06-13T16:53:12.401-04:00  INFO 28388 --- [followup-service] [main] o.f.core.internal.command.DbMigrate      : Successfully applied 3 migrations to schema "public", now at version v3 (execution time 00:00.041s)
2026-06-13T16:53:12.516-04:00  INFO 28388 --- [followup-service] [main] o.hibernate.jpa.internal.util.LogHelper  : HHH000204: Processing PersistenceUnitInfo [name: default]
2026-06-13T16:53:12.573-04:00  INFO 28388 --- [followup-service] [main] org.hibernate.Version                    : HHH000412: Hibernate ORM core version 6.6.13.Final
2026-06-13T16:53:12.607-04:00  INFO 28388 --- [followup-service] [main] o.h.c.internal.RegionFactoryInitiator    : HHH000026: Second-level cache disabled
2026-06-13T16:53:12.895-04:00  INFO 28388 --- [followup-service] [main] o.s.o.j.p.SpringPersistenceUnitInfo      : No LoadTimeWeaver setup: ignoring JPA class transformer
2026-06-13T16:53:12.958-04:00  WARN 28388 --- [followup-service] [main] org.hibernate.orm.deprecation            : HHH90000025: PostgreSQLDialect does not need to be specified explicitly using 'hibernate.dialect' (remove the property setting and it will be selected by default)
2026-06-13T16:53:12.973-04:00  INFO 28388 --- [followup-service] [main] org.hibernate.orm.connections.pooling    : HHH10001005: Database info:
	Database JDBC URL [Connecting through datasource 'HikariDataSource (HikariPool-1)']
	Database driver: undefined/unknown
	Database version: 18.3
	Autocommit mode: undefined/unknown
	Isolation level: undefined/unknown
	Minimum pool size: undefined/unknown
	Maximum pool size: undefined/unknown
2026-06-13T16:53:13.709-04:00  INFO 28388 --- [followup-service] [main] o.h.e.t.j.p.i.JtaPlatformInitiator       : HHH000489: No JTA platform available (set 'hibernate.transaction.jta.platform' to enable JTA platform integration)
2026-06-13T16:53:13.742-04:00  INFO 28388 --- [followup-service] [main] j.LocalContainerEntityManagerFactoryBean : Initialized JPA EntityManagerFactory for persistence unit 'default'
2026-06-13T16:53:13.868-04:00  WARN 28388 --- [followup-service] [main] JpaBaseConfiguration$JpaWebConfiguration : spring.jpa.open-in-view is enabled by default. Therefore, database queries may be performed during view rendering. Explicitly configure spring.jpa.open-in-view to disable this warning
2026-06-13T16:53:14.622-04:00  INFO 28388 --- [followup-service] [main] r$InitializeUserDetailsManagerConfigurer : Global AuthenticationManager configured with UserDetailsService bean with name customUserDetailsService
2026-06-13T16:53:14.771-04:00 DEBUG 28388 --- [followup-service] [main] s.w.s.m.m.a.RequestMappingHandlerMapping : 8 mappings in 'requestMappingHandlerMapping'
2026-06-13T16:53:14.939-04:00 DEBUG 28388 --- [followup-service] [main] o.s.w.s.handler.SimpleUrlHandlerMapping  : Patterns [/webjars/**, /**] in 'resourceHandlerMapping'
2026-06-13T16:53:15.171-04:00 DEBUG 28388 --- [followup-service] [main] s.w.s.m.m.a.RequestMappingHandlerAdapter : ControllerAdvice beans: 0 @ModelAttribute, 0 @InitBinder, 1 RequestBodyAdvice, 1 ResponseBodyAdvice
2026-06-13T16:53:15.226-04:00 DEBUG 28388 --- [followup-service] [main] .m.m.a.ExceptionHandlerExceptionResolver : ControllerAdvice beans: 1 @ExceptionHandler, 1 ResponseBodyAdvice
2026-06-13T16:53:16.522-04:00  INFO 28388 --- [followup-service] [main] o.s.cloud.commons.util.InetUtils         : Cannot determine local hostname
2026-06-13T16:53:16.614-04:00  INFO 28388 --- [followup-service] [main] o.s.b.w.embedded.tomcat.TomcatWebServer  : Tomcat started on port 8086 (http) with context path '/followup-app'
2026-06-13T16:53:17.619-04:00  INFO 28388 --- [followup-service] [main] o.s.cloud.commons.util.InetUtils         : Cannot determine local hostname
2026-06-13T16:53:17.628-04:00  INFO 28388 --- [followup-service] [main] c.a.f.FollowupServiceApplication         : Started FollowupServiceApplication in 9.181 seconds (process running for 10.146)
2026-06-13T17:18:40.723-04:00  INFO 28388 --- [followup-service] [SpringApplicationShutdownHook] o.s.b.w.e.tomcat.GracefulShutdown        : Commencing graceful shutdown. Waiting for active requests to complete
2026-06-13T17:18:40.764-04:00  INFO 28388 --- [followup-service] [tomcat-shutdown] o.s.b.w.e.tomcat.GracefulShutdown        : Graceful shutdown complete
2026-06-13T17:18:40.783-04:00  INFO 28388 --- [followup-service] [SpringApplicationShutdownHook] j.LocalContainerEntityManagerFactoryBean : Closing JPA EntityManagerFactory for persistence unit 'default'
2026-06-13T17:18:40.800-04:00  INFO 28388 --- [followup-service] [SpringApplicationShutdownHook] com.zaxxer.hikari.HikariDataSource       : HikariPool-1 - Shutdown initiated...
2026-06-13T17:18:40.810-04:00  INFO 28388 --- [followup-service] [SpringApplicationShutdownHook] com.zaxxer.hikari.HikariDataSource       : HikariPool-1 - Shutdown completed.
2026-06-13T17:23:56.386-04:00  INFO 17532 --- [followup-service] [main] c.a.f.FollowupServiceApplication         : Starting FollowupServiceApplication using Java 26 with PID 17532 (C:\Users\camil\Documents\fullstack1\adoptapp\followup-service\target\classes started by camila in C:\Users\camil\Documents\fullstack1\adoptapp)
2026-06-13T17:23:56.388-04:00 DEBUG 17532 --- [followup-service] [main] c.a.f.FollowupServiceApplication         : Running with Spring Boot v3.4.5, Spring v6.2.6
2026-06-13T17:23:56.389-04:00  INFO 17532 --- [followup-service] [main] c.a.f.FollowupServiceApplication         : No active profile set, falling back to 1 default profile: "default"
2026-06-13T17:23:57.368-04:00  INFO 17532 --- [followup-service] [main] .s.d.r.c.RepositoryConfigurationDelegate : Bootstrapping Spring Data JPA repositories in DEFAULT mode.
2026-06-13T17:23:57.430-04:00  INFO 17532 --- [followup-service] [main] .s.d.r.c.RepositoryConfigurationDelegate : Finished Spring Data repository scanning in 52 ms. Found 2 JPA repository interfaces.
2026-06-13T17:23:57.714-04:00  INFO 17532 --- [followup-service] [main] o.s.cloud.context.scope.GenericScope     : BeanFactory id=b6f62709-00a8-3db3-97fc-dbed0cdd7df3
2026-06-13T17:23:58.486-04:00  INFO 17532 --- [followup-service] [main] o.s.b.w.embedded.tomcat.TomcatWebServer  : Tomcat initialized with port 8086 (http)
2026-06-13T17:23:58.508-04:00  INFO 17532 --- [followup-service] [main] o.apache.catalina.core.StandardService   : Starting service [Tomcat]
2026-06-13T17:23:58.509-04:00  INFO 17532 --- [followup-service] [main] o.apache.catalina.core.StandardEngine    : Starting Servlet engine: [Apache Tomcat/10.1.40]
2026-06-13T17:23:58.599-04:00  INFO 17532 --- [followup-service] [main] o.a.c.c.C.[.[localhost].[/followup-app]  : Initializing Spring embedded WebApplicationContext
2026-06-13T17:23:58.599-04:00  INFO 17532 --- [followup-service] [main] w.s.c.ServletWebServerApplicationContext : Root WebApplicationContext: initialization completed in 2164 ms
2026-06-13T17:23:58.963-04:00  INFO 17532 --- [followup-service] [main] com.zaxxer.hikari.HikariDataSource       : HikariPool-1 - Starting...
2026-06-13T17:23:59.211-04:00  INFO 17532 --- [followup-service] [main] com.zaxxer.hikari.pool.HikariPool        : HikariPool-1 - Added connection org.postgresql.jdbc.PgConnection@44aed6a4
2026-06-13T17:23:59.213-04:00  INFO 17532 --- [followup-service] [main] com.zaxxer.hikari.HikariDataSource       : HikariPool-1 - Start completed.
2026-06-13T17:23:59.251-04:00  INFO 17532 --- [followup-service] [main] org.flywaydb.core.FlywayExecutor         : Database: jdbc:postgresql://localhost:5432/followup_db (PostgreSQL 18.3)
2026-06-13T17:23:59.267-04:00  WARN 17532 --- [followup-service] [main] o.f.c.internal.database.base.Database    : Flyway upgrade recommended: PostgreSQL 18.3 is newer than this version of Flyway and support has not been tested. The latest supported version of PostgreSQL is 17.
2026-06-13T17:23:59.326-04:00  INFO 17532 --- [followup-service] [main] o.f.core.internal.command.DbValidate     : Successfully validated 3 migrations (execution time 00:00.039s)
2026-06-13T17:23:59.450-04:00  INFO 17532 --- [followup-service] [main] o.f.core.internal.command.DbMigrate      : Current version of schema "public": 3
2026-06-13T17:23:59.455-04:00  INFO 17532 --- [followup-service] [main] o.f.core.internal.command.DbMigrate      : Schema "public" is up to date. No migration necessary.
2026-06-13T17:23:59.608-04:00  INFO 17532 --- [followup-service] [main] o.hibernate.jpa.internal.util.LogHelper  : HHH000204: Processing PersistenceUnitInfo [name: default]
2026-06-13T17:23:59.697-04:00  INFO 17532 --- [followup-service] [main] org.hibernate.Version                    : HHH000412: Hibernate ORM core version 6.6.13.Final
2026-06-13T17:23:59.753-04:00  INFO 17532 --- [followup-service] [main] o.h.c.internal.RegionFactoryInitiator    : HHH000026: Second-level cache disabled
2026-06-13T17:24:00.178-04:00  INFO 17532 --- [followup-service] [main] o.s.o.j.p.SpringPersistenceUnitInfo      : No LoadTimeWeaver setup: ignoring JPA class transformer
2026-06-13T17:24:00.244-04:00  WARN 17532 --- [followup-service] [main] org.hibernate.orm.deprecation            : HHH90000025: PostgreSQLDialect does not need to be specified explicitly using 'hibernate.dialect' (remove the property setting and it will be selected by default)
2026-06-13T17:24:00.259-04:00  INFO 17532 --- [followup-service] [main] org.hibernate.orm.connections.pooling    : HHH10001005: Database info:
	Database JDBC URL [Connecting through datasource 'HikariDataSource (HikariPool-1)']
	Database driver: undefined/unknown
	Database version: 18.3
	Autocommit mode: undefined/unknown
	Isolation level: undefined/unknown
	Minimum pool size: undefined/unknown
	Maximum pool size: undefined/unknown
2026-06-13T17:24:01.123-04:00  INFO 17532 --- [followup-service] [main] o.h.e.t.j.p.i.JtaPlatformInitiator       : HHH000489: No JTA platform available (set 'hibernate.transaction.jta.platform' to enable JTA platform integration)
2026-06-13T17:24:01.173-04:00  INFO 17532 --- [followup-service] [main] j.LocalContainerEntityManagerFactoryBean : Initialized JPA EntityManagerFactory for persistence unit 'default'
2026-06-13T17:24:01.377-04:00  WARN 17532 --- [followup-service] [main] JpaBaseConfiguration$JpaWebConfiguration : spring.jpa.open-in-view is enabled by default. Therefore, database queries may be performed during view rendering. Explicitly configure spring.jpa.open-in-view to disable this warning
2026-06-13T17:24:02.737-04:00  INFO 17532 --- [followup-service] [main] r$InitializeUserDetailsManagerConfigurer : Global AuthenticationManager configured with UserDetailsService bean with name customUserDetailsService
2026-06-13T17:24:02.990-04:00 DEBUG 17532 --- [followup-service] [main] s.w.s.m.m.a.RequestMappingHandlerMapping : 8 mappings in 'requestMappingHandlerMapping'
2026-06-13T17:24:03.286-04:00 DEBUG 17532 --- [followup-service] [main] o.s.w.s.handler.SimpleUrlHandlerMapping  : Patterns [/webjars/**, /**] in 'resourceHandlerMapping'
2026-06-13T17:24:03.650-04:00 DEBUG 17532 --- [followup-service] [main] s.w.s.m.m.a.RequestMappingHandlerAdapter : ControllerAdvice beans: 0 @ModelAttribute, 0 @InitBinder, 1 RequestBodyAdvice, 1 ResponseBodyAdvice
2026-06-13T17:24:03.735-04:00 DEBUG 17532 --- [followup-service] [main] .m.m.a.ExceptionHandlerExceptionResolver : ControllerAdvice beans: 1 @ExceptionHandler, 1 ResponseBodyAdvice
2026-06-13T17:24:05.132-04:00  INFO 17532 --- [followup-service] [main] o.s.cloud.commons.util.InetUtils         : Cannot determine local hostname
2026-06-13T17:24:05.331-04:00  INFO 17532 --- [followup-service] [main] o.s.b.w.embedded.tomcat.TomcatWebServer  : Tomcat started on port 8086 (http) with context path '/followup-app'
2026-06-13T17:24:06.343-04:00  INFO 17532 --- [followup-service] [main] o.s.cloud.commons.util.InetUtils         : Cannot determine local hostname
2026-06-13T17:24:06.352-04:00  INFO 17532 --- [followup-service] [main] c.a.f.FollowupServiceApplication         : Started FollowupServiceApplication in 11.561 seconds (process running for 12.533)
2026-06-13T17:31:55.496-04:00  INFO 17532 --- [followup-service] [SpringApplicationShutdownHook] o.s.b.w.e.tomcat.GracefulShutdown        : Commencing graceful shutdown. Waiting for active requests to complete
2026-06-13T17:31:55.519-04:00  INFO 17532 --- [followup-service] [tomcat-shutdown] o.s.b.w.e.tomcat.GracefulShutdown        : Graceful shutdown complete
2026-06-13T17:31:55.527-04:00  INFO 17532 --- [followup-service] [SpringApplicationShutdownHook] j.LocalContainerEntityManagerFactoryBean : Closing JPA EntityManagerFactory for persistence unit 'default'
2026-06-13T17:31:55.530-04:00  INFO 17532 --- [followup-service] [SpringApplicationShutdownHook] com.zaxxer.hikari.HikariDataSource       : HikariPool-1 - Shutdown initiated...
2026-06-13T17:31:55.541-04:00  INFO 17532 --- [followup-service] [SpringApplicationShutdownHook] com.zaxxer.hikari.HikariDataSource       : HikariPool-1 - Shutdown completed.
