2026-06-13T16:36:49.550-04:00  INFO 28760 --- [pet-service] [restartedMain] c.a.petservice.PetServiceApplication     : Starting PetServiceApplication using Java 26 with PID 28760 (C:\Users\camil\Documents\fullstack1\adoptapp\pet-service\target\classes started by camila in C:\Users\camil\Documents\fullstack1\adoptapp)
2026-06-13T16:36:49.560-04:00 DEBUG 28760 --- [pet-service] [restartedMain] c.a.petservice.PetServiceApplication     : Running with Spring Boot v3.4.5, Spring v6.2.6
2026-06-13T16:36:49.561-04:00  INFO 28760 --- [pet-service] [restartedMain] c.a.petservice.PetServiceApplication     : No active profile set, falling back to 1 default profile: "default"
2026-06-13T16:36:49.642-04:00  INFO 28760 --- [pet-service] [restartedMain] .e.DevToolsPropertyDefaultsPostProcessor : Devtools property defaults active! Set 'spring.devtools.add-properties' to 'false' to disable
2026-06-13T16:36:49.644-04:00  INFO 28760 --- [pet-service] [restartedMain] .e.DevToolsPropertyDefaultsPostProcessor : For additional web related logging consider setting the 'logging.level.web' property to 'DEBUG'
2026-06-13T16:36:50.982-04:00  INFO 28760 --- [pet-service] [restartedMain] .s.d.r.c.RepositoryConfigurationDelegate : Bootstrapping Spring Data JPA repositories in DEFAULT mode.
2026-06-13T16:36:51.065-04:00  INFO 28760 --- [pet-service] [restartedMain] .s.d.r.c.RepositoryConfigurationDelegate : Finished Spring Data repository scanning in 70 ms. Found 2 JPA repository interfaces.
2026-06-13T16:36:51.592-04:00  INFO 28760 --- [pet-service] [restartedMain] o.s.cloud.context.scope.GenericScope     : BeanFactory id=6d57a12c-bde1-3e93-bded-90d89b62f3e2
2026-06-13T16:36:52.760-04:00  INFO 28760 --- [pet-service] [restartedMain] o.s.b.w.embedded.tomcat.TomcatWebServer  : Tomcat initialized with port 8082 (http)
2026-06-13T16:36:52.784-04:00  INFO 28760 --- [pet-service] [restartedMain] o.apache.catalina.core.StandardService   : Starting service [Tomcat]
2026-06-13T16:36:52.785-04:00  INFO 28760 --- [pet-service] [restartedMain] o.apache.catalina.core.StandardEngine    : Starting Servlet engine: [Apache Tomcat/10.1.40]
2026-06-13T16:36:52.872-04:00  INFO 28760 --- [pet-service] [restartedMain] o.a.c.c.C.[.[localhost].[/pet-app]       : Initializing Spring embedded WebApplicationContext
2026-06-13T16:36:52.873-04:00  INFO 28760 --- [pet-service] [restartedMain] w.s.c.ServletWebServerApplicationContext : Root WebApplicationContext: initialization completed in 3229 ms
2026-06-13T16:36:53.514-04:00  INFO 28760 --- [pet-service] [restartedMain] com.zaxxer.hikari.HikariDataSource       : HikariPool-1 - Starting...
2026-06-13T16:36:53.825-04:00  INFO 28760 --- [pet-service] [restartedMain] com.zaxxer.hikari.pool.HikariPool        : HikariPool-1 - Added connection org.postgresql.jdbc.PgConnection@49a0d2ec
2026-06-13T16:36:53.826-04:00  INFO 28760 --- [pet-service] [restartedMain] com.zaxxer.hikari.HikariDataSource       : HikariPool-1 - Start completed.
2026-06-13T16:36:53.866-04:00  INFO 28760 --- [pet-service] [restartedMain] org.flywaydb.core.FlywayExecutor         : Database: jdbc:postgresql://localhost:5432/pet_db (PostgreSQL 18.3)
2026-06-13T16:36:53.906-04:00  WARN 28760 --- [pet-service] [restartedMain] o.f.c.internal.database.base.Database    : Flyway upgrade recommended: PostgreSQL 18.3 is newer than this version of Flyway and support has not been tested. The latest supported version of PostgreSQL is 17.
2026-06-13T16:36:54.052-04:00  WARN 28760 --- [pet-service] [restartedMain] ConfigServletWebServerApplicationContext : Exception encountered during context initialization - cancelling refresh attempt: org.springframework.beans.factory.BeanCreationException: Error creating bean with name 'entityManagerFactory' defined in class path resource [org/springframework/boot/autoconfigure/orm/jpa/HibernateJpaConfiguration.class]: Failed to initialize dependency 'flywayInitializer' of LoadTimeWeaverAware bean 'entityManagerFactory': Error creating bean with name 'flywayInitializer' defined in class path resource [org/springframework/boot/autoconfigure/flyway/FlywayAutoConfiguration$FlywayConfiguration.class]: Validate failed: Migrations have failed validation
Migration checksum mismatch for migration version 1
-> Applied to database : -2092858753
-> Resolved locally    : 951274680
Either revert the changes to the migration, or run repair to update the schema history.
Migration checksum mismatch for migration version 2
-> Applied to database : -722370255
-> Resolved locally    : 311274323
Either revert the changes to the migration, or run repair to update the schema history.
Migration checksum mismatch for migration version 3
-> Applied to database : -1402987281
-> Resolved locally    : 611692461
Either revert the changes to the migration, or run repair to update the schema history.
Migration checksum mismatch for migration version 4
-> Applied to database : -1075838645
-> Resolved locally    : -807044053
Either revert the changes to the migration, or run repair to update the schema history.
Need more flexibility with validation rules? Learn more: https://rd.gt/3AbJUZE
2026-06-13T16:36:54.053-04:00  INFO 28760 --- [pet-service] [restartedMain] com.zaxxer.hikari.HikariDataSource       : HikariPool-1 - Shutdown initiated...
2026-06-13T16:36:54.256-04:00  INFO 28760 --- [pet-service] [restartedMain] com.zaxxer.hikari.HikariDataSource       : HikariPool-1 - Shutdown completed.
2026-06-13T16:36:54.261-04:00  INFO 28760 --- [pet-service] [restartedMain] o.apache.catalina.core.StandardService   : Stopping service [Tomcat]
2026-06-13T16:36:54.282-04:00  INFO 28760 --- [pet-service] [restartedMain] .s.b.a.l.ConditionEvaluationReportLogger : 

Error starting ApplicationContext. To display the condition evaluation report re-run your application with 'debug' enabled.
2026-06-13T16:36:54.328-04:00 ERROR 28760 --- [pet-service] [restartedMain] o.s.boot.SpringApplication               : Application run failed

org.springframework.beans.factory.BeanCreationException: Error creating bean with name 'entityManagerFactory' defined in class path resource [org/springframework/boot/autoconfigure/orm/jpa/HibernateJpaConfiguration.class]: Failed to initialize dependency 'flywayInitializer' of LoadTimeWeaverAware bean 'entityManagerFactory': Error creating bean with name 'flywayInitializer' defined in class path resource [org/springframework/boot/autoconfigure/flyway/FlywayAutoConfiguration$FlywayConfiguration.class]: Validate failed: Migrations have failed validation
Migration checksum mismatch for migration version 1
-> Applied to database : -2092858753
-> Resolved locally    : 951274680
Either revert the changes to the migration, or run repair to update the schema history.
Migration checksum mismatch for migration version 2
-> Applied to database : -722370255
-> Resolved locally    : 311274323
Either revert the changes to the migration, or run repair to update the schema history.
Migration checksum mismatch for migration version 3
-> Applied to database : -1402987281
-> Resolved locally    : 611692461
Either revert the changes to the migration, or run repair to update the schema history.
Migration checksum mismatch for migration version 4
-> Applied to database : -1075838645
-> Resolved locally    : -807044053
Either revert the changes to the migration, or run repair to update the schema history.
Need more flexibility with validation rules? Learn more: https://rd.gt/3AbJUZE
	at org.springframework.beans.factory.support.AbstractBeanFactory.doGetBean(AbstractBeanFactory.java:328) ~[spring-beans-6.2.6.jar:6.2.6]
	at org.springframework.beans.factory.support.AbstractBeanFactory.getBean(AbstractBeanFactory.java:207) ~[spring-beans-6.2.6.jar:6.2.6]
	at org.springframework.context.support.AbstractApplicationContext.finishBeanFactoryInitialization(AbstractApplicationContext.java:970) ~[spring-context-6.2.6.jar:6.2.6]
	at org.springframework.context.support.AbstractApplicationContext.refresh(AbstractApplicationContext.java:627) ~[spring-context-6.2.6.jar:6.2.6]
	at org.springframework.boot.web.servlet.context.ServletWebServerApplicationContext.refresh(ServletWebServerApplicationContext.java:146) ~[spring-boot-3.4.5.jar:3.4.5]
	at org.springframework.boot.SpringApplication.refresh(SpringApplication.java:753) ~[spring-boot-3.4.5.jar:3.4.5]
	at org.springframework.boot.SpringApplication.refreshContext(SpringApplication.java:439) ~[spring-boot-3.4.5.jar:3.4.5]
	at org.springframework.boot.SpringApplication.run(SpringApplication.java:318) ~[spring-boot-3.4.5.jar:3.4.5]
	at org.springframework.boot.SpringApplication.run(SpringApplication.java:1362) ~[spring-boot-3.4.5.jar:3.4.5]
	at org.springframework.boot.SpringApplication.run(SpringApplication.java:1351) ~[spring-boot-3.4.5.jar:3.4.5]
	at com.adoptapp.petservice.PetServiceApplication.main(PetServiceApplication.java:12) ~[classes/:na]
	at java.base/jdk.internal.reflect.DirectMethodHandleAccessor.invoke(DirectMethodHandleAccessor.java:104) ~[na:na]
	at java.base/java.lang.reflect.Method.invoke(Method.java:565) ~[na:na]
	at org.springframework.boot.devtools.restart.RestartLauncher.run(RestartLauncher.java:50) ~[spring-boot-devtools-3.4.5.jar:3.4.5]
Caused by: org.springframework.beans.factory.BeanCreationException: Error creating bean with name 'flywayInitializer' defined in class path resource [org/springframework/boot/autoconfigure/flyway/FlywayAutoConfiguration$FlywayConfiguration.class]: Validate failed: Migrations have failed validation
Migration checksum mismatch for migration version 1
-> Applied to database : -2092858753
-> Resolved locally    : 951274680
Either revert the changes to the migration, or run repair to update the schema history.
Migration checksum mismatch for migration version 2
-> Applied to database : -722370255
-> Resolved locally    : 311274323
Either revert the changes to the migration, or run repair to update the schema history.
Migration checksum mismatch for migration version 3
-> Applied to database : -1402987281
-> Resolved locally    : 611692461
Either revert the changes to the migration, or run repair to update the schema history.
Migration checksum mismatch for migration version 4
-> Applied to database : -1075838645
-> Resolved locally    : -807044053
Either revert the changes to the migration, or run repair to update the schema history.
Need more flexibility with validation rules? Learn more: https://rd.gt/3AbJUZE
	at org.springframework.beans.factory.support.AbstractAutowireCapableBeanFactory.initializeBean(AbstractAutowireCapableBeanFactory.java:1818) ~[spring-beans-6.2.6.jar:6.2.6]
	at org.springframework.beans.factory.support.AbstractAutowireCapableBeanFactory.doCreateBean(AbstractAutowireCapableBeanFactory.java:607) ~[spring-beans-6.2.6.jar:6.2.6]
	at org.springframework.beans.factory.support.AbstractAutowireCapableBeanFactory.createBean(AbstractAutowireCapableBeanFactory.java:529) ~[spring-beans-6.2.6.jar:6.2.6]
	at org.springframework.beans.factory.support.AbstractBeanFactory.lambda$doGetBean$0(AbstractBeanFactory.java:339) ~[spring-beans-6.2.6.jar:6.2.6]
	at org.springframework.beans.factory.support.DefaultSingletonBeanRegistry.getSingleton(DefaultSingletonBeanRegistry.java:371) ~[spring-beans-6.2.6.jar:6.2.6]
	at org.springframework.beans.factory.support.AbstractBeanFactory.doGetBean(AbstractBeanFactory.java:337) ~[spring-beans-6.2.6.jar:6.2.6]
	at org.springframework.beans.factory.support.AbstractBeanFactory.getBean(AbstractBeanFactory.java:202) ~[spring-beans-6.2.6.jar:6.2.6]
	at org.springframework.beans.factory.support.AbstractBeanFactory.doGetBean(AbstractBeanFactory.java:315) ~[spring-beans-6.2.6.jar:6.2.6]
	... 13 common frames omitted
Caused by: org.flywaydb.core.api.exception.FlywayValidateException: Validate failed: Migrations have failed validation
Migration checksum mismatch for migration version 1
-> Applied to database : -2092858753
-> Resolved locally    : 951274680
Either revert the changes to the migration, or run repair to update the schema history.
Migration checksum mismatch for migration version 2
-> Applied to database : -722370255
-> Resolved locally    : 311274323
Either revert the changes to the migration, or run repair to update the schema history.
Migration checksum mismatch for migration version 3
-> Applied to database : -1402987281
-> Resolved locally    : 611692461
Either revert the changes to the migration, or run repair to update the schema history.
Migration checksum mismatch for migration version 4
-> Applied to database : -1075838645
-> Resolved locally    : -807044053
Either revert the changes to the migration, or run repair to update the schema history.
Need more flexibility with validation rules? Learn more: https://rd.gt/3AbJUZE
	at org.flywaydb.core.Flyway.lambda$migrate$1(Flyway.java:201) ~[flyway-core-11.7.2.jar:na]
	at org.flywaydb.core.FlywayExecutor.execute(FlywayExecutor.java:210) ~[flyway-core-11.7.2.jar:na]
	at org.flywaydb.core.Flyway.migrate(Flyway.java:188) ~[flyway-core-11.7.2.jar:na]
	at org.springframework.boot.autoconfigure.flyway.FlywayMigrationInitializer.afterPropertiesSet(FlywayMigrationInitializer.java:66) ~[spring-boot-autoconfigure-3.4.5.jar:3.4.5]
	at org.springframework.beans.factory.support.AbstractAutowireCapableBeanFactory.invokeInitMethods(AbstractAutowireCapableBeanFactory.java:1865) ~[spring-beans-6.2.6.jar:6.2.6]
	at org.springframework.beans.factory.support.AbstractAutowireCapableBeanFactory.initializeBean(AbstractAutowireCapableBeanFactory.java:1814) ~[spring-beans-6.2.6.jar:6.2.6]
	... 20 common frames omitted

2026-06-13T16:51:32.994-04:00  INFO 19392 --- [pet-service] [restartedMain] c.a.petservice.PetServiceApplication     : Starting PetServiceApplication using Java 26 with PID 19392 (C:\Users\camil\Documents\fullstack1\adoptapp\pet-service\target\classes started by camila in C:\Users\camil\Documents\fullstack1\adoptapp)
2026-06-13T16:51:32.996-04:00 DEBUG 19392 --- [pet-service] [restartedMain] c.a.petservice.PetServiceApplication     : Running with Spring Boot v3.4.5, Spring v6.2.6
2026-06-13T16:51:32.997-04:00  INFO 19392 --- [pet-service] [restartedMain] c.a.petservice.PetServiceApplication     : No active profile set, falling back to 1 default profile: "default"
2026-06-13T16:51:33.047-04:00  INFO 19392 --- [pet-service] [restartedMain] .e.DevToolsPropertyDefaultsPostProcessor : Devtools property defaults active! Set 'spring.devtools.add-properties' to 'false' to disable
2026-06-13T16:51:33.047-04:00  INFO 19392 --- [pet-service] [restartedMain] .e.DevToolsPropertyDefaultsPostProcessor : For additional web related logging consider setting the 'logging.level.web' property to 'DEBUG'
2026-06-13T16:51:33.810-04:00  INFO 19392 --- [pet-service] [restartedMain] .s.d.r.c.RepositoryConfigurationDelegate : Bootstrapping Spring Data JPA repositories in DEFAULT mode.
2026-06-13T16:51:33.861-04:00  INFO 19392 --- [pet-service] [restartedMain] .s.d.r.c.RepositoryConfigurationDelegate : Finished Spring Data repository scanning in 42 ms. Found 2 JPA repository interfaces.
2026-06-13T16:51:34.079-04:00  INFO 19392 --- [pet-service] [restartedMain] o.s.cloud.context.scope.GenericScope     : BeanFactory id=6d57a12c-bde1-3e93-bded-90d89b62f3e2
2026-06-13T16:51:34.745-04:00  INFO 19392 --- [pet-service] [restartedMain] o.s.b.w.embedded.tomcat.TomcatWebServer  : Tomcat initialized with port 8082 (http)
2026-06-13T16:51:34.756-04:00  INFO 19392 --- [pet-service] [restartedMain] o.apache.catalina.core.StandardService   : Starting service [Tomcat]
2026-06-13T16:51:34.757-04:00  INFO 19392 --- [pet-service] [restartedMain] o.apache.catalina.core.StandardEngine    : Starting Servlet engine: [Apache Tomcat/10.1.40]
2026-06-13T16:51:34.802-04:00  INFO 19392 --- [pet-service] [restartedMain] o.a.c.c.C.[.[localhost].[/pet-app]       : Initializing Spring embedded WebApplicationContext
2026-06-13T16:51:34.802-04:00  INFO 19392 --- [pet-service] [restartedMain] w.s.c.ServletWebServerApplicationContext : Root WebApplicationContext: initialization completed in 1754 ms
2026-06-13T16:51:35.068-04:00  INFO 19392 --- [pet-service] [restartedMain] com.zaxxer.hikari.HikariDataSource       : HikariPool-1 - Starting...
2026-06-13T16:51:35.223-04:00  INFO 19392 --- [pet-service] [restartedMain] com.zaxxer.hikari.pool.HikariPool        : HikariPool-1 - Added connection org.postgresql.jdbc.PgConnection@1f56670b
2026-06-13T16:51:35.225-04:00  INFO 19392 --- [pet-service] [restartedMain] com.zaxxer.hikari.HikariDataSource       : HikariPool-1 - Start completed.
2026-06-13T16:51:35.244-04:00  INFO 19392 --- [pet-service] [restartedMain] org.flywaydb.core.FlywayExecutor         : Database: jdbc:postgresql://localhost:5432/pet_db (PostgreSQL 18.3)
2026-06-13T16:51:35.251-04:00  WARN 19392 --- [pet-service] [restartedMain] o.f.c.internal.database.base.Database    : Flyway upgrade recommended: PostgreSQL 18.3 is newer than this version of Flyway and support has not been tested. The latest supported version of PostgreSQL is 17.
2026-06-13T16:51:35.273-04:00  INFO 19392 --- [pet-service] [restartedMain] o.f.c.i.s.JdbcTableSchemaHistory         : Schema history table "public"."flyway_schema_history" does not exist yet
2026-06-13T16:51:35.275-04:00  INFO 19392 --- [pet-service] [restartedMain] o.f.core.internal.command.DbValidate     : Successfully validated 8 migrations (execution time 00:00.016s)
2026-06-13T16:51:35.285-04:00  INFO 19392 --- [pet-service] [restartedMain] org.flywaydb.core.Flyway                 : All configured schemas are empty; baseline operation skipped. A baseline or migration script with a lower version than the baseline version may execute if available. Check the Schemas parameter if this is not intended.
2026-06-13T16:51:35.288-04:00  INFO 19392 --- [pet-service] [restartedMain] o.f.c.i.s.JdbcTableSchemaHistory         : Creating Schema History table "public"."flyway_schema_history" ...
2026-06-13T16:51:35.412-04:00  INFO 19392 --- [pet-service] [restartedMain] o.f.core.internal.command.DbMigrate      : Current version of schema "public": << Empty Schema >>
2026-06-13T16:51:35.420-04:00  INFO 19392 --- [pet-service] [restartedMain] o.f.core.internal.command.DbMigrate      : Migrating schema "public" to version "1 - create pets table"
2026-06-13T16:51:35.450-04:00  INFO 19392 --- [pet-service] [restartedMain] o.f.core.internal.command.DbMigrate      : Migrating schema "public" to version "2 - insert initial data"
2026-06-13T16:51:35.462-04:00  INFO 19392 --- [pet-service] [restartedMain] o.f.core.internal.command.DbMigrate      : Migrating schema "public" to version "3 - create pet history table"
2026-06-13T16:51:35.481-04:00  INFO 19392 --- [pet-service] [restartedMain] o.f.core.internal.command.DbMigrate      : Migrating schema "public" to version "4 - add shelter id to pets"
2026-06-13T16:51:35.485-04:00  WARN 19392 --- [pet-service] [restartedMain] o.f.c.i.s.DefaultSqlScriptExecutor       : DB: la columna «shelter_id» de la relación «pets» ya existe, omitiendo (SQL State: 42701 - Error Code: 0)
2026-06-13T16:51:35.493-04:00  INFO 19392 --- [pet-service] [restartedMain] o.f.core.internal.command.DbMigrate      : Migrating schema "public" to version "5 - migrate health to service"
2026-06-13T16:51:35.494-04:00  INFO 19392 --- [pet-service] [restartedMain] o.f.c.i.s.DefaultSqlScriptExecutor       : DB: no existe la restricción «fk_pets_health» en la relación «pets», omitiendo
2026-06-13T16:51:35.494-04:00  INFO 19392 --- [pet-service] [restartedMain] o.f.c.i.s.DefaultSqlScriptExecutor       : DB: no existe la columna «health_id» en la relación «pets», omitiendo
2026-06-13T16:51:35.499-04:00  INFO 19392 --- [pet-service] [restartedMain] o.f.c.i.s.DefaultSqlScriptExecutor       : DB: la tabla «pet_health» no existe, omitiendo
2026-06-13T16:51:35.506-04:00  INFO 19392 --- [pet-service] [restartedMain] o.f.core.internal.command.DbMigrate      : Migrating schema "public" to version "6 - remove medical fields from pets"
2026-06-13T16:51:35.508-04:00  WARN 19392 --- [pet-service] [restartedMain] o.f.c.i.s.DefaultSqlScriptExecutor       : DB: la columna «updated_at» de la relación «pets» ya existe, omitiendo (SQL State: 42701 - Error Code: 0)
2026-06-13T16:51:35.514-04:00  INFO 19392 --- [pet-service] [restartedMain] o.f.core.internal.command.DbMigrate      : Migrating schema "public" to version "7 - remove health service id from pets"
2026-06-13T16:51:35.522-04:00  INFO 19392 --- [pet-service] [restartedMain] o.f.core.internal.command.DbMigrate      : Migrating schema "public" to version "8 - remove foster id from pets"
2026-06-13T16:51:35.523-04:00  INFO 19392 --- [pet-service] [restartedMain] o.f.c.i.s.DefaultSqlScriptExecutor       : DB: el índice «idx_pets_foster_id» no existe, omitiendo
2026-06-13T16:51:35.524-04:00  INFO 19392 --- [pet-service] [restartedMain] o.f.c.i.s.DefaultSqlScriptExecutor       : DB: no existe la columna «foster_id» en la relación «pets», omitiendo
2026-06-13T16:51:35.524-04:00  INFO 19392 --- [pet-service] [restartedMain] o.f.c.i.s.DefaultSqlScriptExecutor       : DB: no existe la columna «previous_foster_id» en la relación «pet_history», omitiendo
2026-06-13T16:51:35.524-04:00  INFO 19392 --- [pet-service] [restartedMain] o.f.c.i.s.DefaultSqlScriptExecutor       : DB: no existe la columna «new_foster_id» en la relación «pet_history», omitiendo
2026-06-13T16:51:35.531-04:00  INFO 19392 --- [pet-service] [restartedMain] o.f.core.internal.command.DbMigrate      : Successfully applied 8 migrations to schema "public", now at version v8 (execution time 00:00.052s)
2026-06-13T16:51:35.655-04:00  INFO 19392 --- [pet-service] [restartedMain] o.hibernate.jpa.internal.util.LogHelper  : HHH000204: Processing PersistenceUnitInfo [name: default]
2026-06-13T16:51:35.713-04:00  INFO 19392 --- [pet-service] [restartedMain] org.hibernate.Version                    : HHH000412: Hibernate ORM core version 6.6.13.Final
2026-06-13T16:51:35.743-04:00  INFO 19392 --- [pet-service] [restartedMain] o.h.c.internal.RegionFactoryInitiator    : HHH000026: Second-level cache disabled
2026-06-13T16:51:35.986-04:00  INFO 19392 --- [pet-service] [restartedMain] o.s.o.j.p.SpringPersistenceUnitInfo      : No LoadTimeWeaver setup: ignoring JPA class transformer
2026-06-13T16:51:36.041-04:00  WARN 19392 --- [pet-service] [restartedMain] org.hibernate.orm.deprecation            : HHH90000025: PostgreSQLDialect does not need to be specified explicitly using 'hibernate.dialect' (remove the property setting and it will be selected by default)
2026-06-13T16:51:36.055-04:00  INFO 19392 --- [pet-service] [restartedMain] org.hibernate.orm.connections.pooling    : HHH10001005: Database info:
	Database JDBC URL [Connecting through datasource 'HikariDataSource (HikariPool-1)']
	Database driver: undefined/unknown
	Database version: 18.3
	Autocommit mode: undefined/unknown
	Isolation level: undefined/unknown
	Minimum pool size: undefined/unknown
	Maximum pool size: undefined/unknown
2026-06-13T16:51:36.906-04:00  INFO 19392 --- [pet-service] [restartedMain] o.h.e.t.j.p.i.JtaPlatformInitiator       : HHH000489: No JTA platform available (set 'hibernate.transaction.jta.platform' to enable JTA platform integration)
2026-06-13T16:51:36.938-04:00  INFO 19392 --- [pet-service] [restartedMain] j.LocalContainerEntityManagerFactoryBean : Initialized JPA EntityManagerFactory for persistence unit 'default'
2026-06-13T16:51:37.095-04:00  WARN 19392 --- [pet-service] [restartedMain] JpaBaseConfiguration$JpaWebConfiguration : spring.jpa.open-in-view is enabled by default. Therefore, database queries may be performed during view rendering. Explicitly configure spring.jpa.open-in-view to disable this warning
2026-06-13T16:51:37.209-04:00  WARN 19392 --- [pet-service] [restartedMain] o.s.b.d.a.OptionalLiveReloadServer       : Unable to start LiveReload server
2026-06-13T16:51:37.967-04:00  INFO 19392 --- [pet-service] [restartedMain] r$InitializeUserDetailsManagerConfigurer : Global AuthenticationManager configured with UserDetailsService bean with name customUserDetailsService
2026-06-13T16:51:38.119-04:00 DEBUG 19392 --- [pet-service] [restartedMain] s.w.s.m.m.a.RequestMappingHandlerMapping : 12 mappings in 'requestMappingHandlerMapping'
2026-06-13T16:51:38.323-04:00 DEBUG 19392 --- [pet-service] [restartedMain] o.s.w.s.handler.SimpleUrlHandlerMapping  : Patterns [/webjars/**, /**] in 'resourceHandlerMapping'
2026-06-13T16:51:38.600-04:00 DEBUG 19392 --- [pet-service] [restartedMain] s.w.s.m.m.a.RequestMappingHandlerAdapter : ControllerAdvice beans: 0 @ModelAttribute, 0 @InitBinder, 1 RequestBodyAdvice, 1 ResponseBodyAdvice
2026-06-13T16:51:38.667-04:00 DEBUG 19392 --- [pet-service] [restartedMain] .m.m.a.ExceptionHandlerExceptionResolver : ControllerAdvice beans: 1 @ExceptionHandler, 1 ResponseBodyAdvice
2026-06-13T16:51:38.905-04:00  INFO 19392 --- [pet-service] [restartedMain] o.s.b.a.h2.H2ConsoleAutoConfiguration    : H2 console available at '/h2-console'. Database available at 'jdbc:postgresql://localhost:5432/pet_db'
2026-06-13T16:51:40.043-04:00  INFO 19392 --- [pet-service] [restartedMain] o.s.cloud.commons.util.InetUtils         : Cannot determine local hostname
2026-06-13T16:51:40.146-04:00  INFO 19392 --- [pet-service] [restartedMain] o.s.b.w.embedded.tomcat.TomcatWebServer  : Tomcat started on port 8082 (http) with context path '/pet-app'
2026-06-13T16:51:41.154-04:00  INFO 19392 --- [pet-service] [restartedMain] o.s.cloud.commons.util.InetUtils         : Cannot determine local hostname
2026-06-13T16:51:41.161-04:00  INFO 19392 --- [pet-service] [restartedMain] c.a.petservice.PetServiceApplication     : Started PetServiceApplication in 9.669 seconds (process running for 10.703)
2026-06-13T17:01:59.226-04:00  INFO 19392 --- [pet-service] [http-nio-8082-exec-1] o.a.c.c.C.[.[localhost].[/pet-app]       : Initializing Spring DispatcherServlet 'dispatcherServlet'
2026-06-13T17:01:59.226-04:00  INFO 19392 --- [pet-service] [http-nio-8082-exec-1] o.s.web.servlet.DispatcherServlet        : Initializing Servlet 'dispatcherServlet'
2026-06-13T17:01:59.226-04:00 DEBUG 19392 --- [pet-service] [http-nio-8082-exec-1] o.s.web.servlet.DispatcherServlet        : Detected StandardServletMultipartResolver
2026-06-13T17:01:59.226-04:00 DEBUG 19392 --- [pet-service] [http-nio-8082-exec-1] o.s.web.servlet.DispatcherServlet        : Detected AcceptHeaderLocaleResolver
2026-06-13T17:01:59.226-04:00 DEBUG 19392 --- [pet-service] [http-nio-8082-exec-1] o.s.web.servlet.DispatcherServlet        : Detected FixedThemeResolver
2026-06-13T17:01:59.226-04:00 DEBUG 19392 --- [pet-service] [http-nio-8082-exec-1] o.s.web.servlet.DispatcherServlet        : Detected org.springframework.web.servlet.view.DefaultRequestToViewNameTranslator@34af4798
2026-06-13T17:01:59.226-04:00 DEBUG 19392 --- [pet-service] [http-nio-8082-exec-1] o.s.web.servlet.DispatcherServlet        : Detected org.springframework.web.servlet.support.SessionFlashMapManager@1217802f
2026-06-13T17:01:59.226-04:00 DEBUG 19392 --- [pet-service] [http-nio-8082-exec-1] o.s.web.servlet.DispatcherServlet        : enableLoggingRequestDetails='false': request parameters and headers will be masked to prevent unsafe logging of potentially sensitive data
2026-06-13T17:01:59.226-04:00  INFO 19392 --- [pet-service] [http-nio-8082-exec-1] o.s.web.servlet.DispatcherServlet        : Completed initialization in 0 ms
2026-06-13T17:01:59.393-04:00 DEBUG 19392 --- [pet-service] [pool-2-thread-1] c.a.petservice.client.UserServiceClient  : [UserServiceClient#getUserAuthByEmail] ---> GET http://localhost:8081/user-app/users/by-email/admin%40empresa.com/auth HTTP/1.1
2026-06-13T17:01:59.540-04:00 DEBUG 19392 --- [pet-service] [pool-2-thread-1] c.a.petservice.client.UserServiceClient  : [UserServiceClient#getUserAuthByEmail] <--- HTTP/1.1 200 (140ms)
2026-06-13T17:01:59.561-04:00 DEBUG 19392 --- [pet-service] [pool-2-thread-1] o.s.w.c.HttpMessageConverterExtractor    : Reading to [com.adoptapp.sharedkernel.dto.UserAuthResponse]
2026-06-13T17:01:59.711-04:00 DEBUG 19392 --- [pet-service] [http-nio-8082-exec-1] o.s.web.servlet.DispatcherServlet        : GET "/pet-app/pets", parameters={}
2026-06-13T17:01:59.711-04:00 DEBUG 19392 --- [pet-service] [http-nio-8082-exec-1] s.w.s.m.m.a.RequestMappingHandlerMapping : Mapped to com.adoptapp.petservice.controller.PetController#getAllPets()
2026-06-13T17:01:59.899-04:00 DEBUG 19392 --- [pet-service] [http-nio-8082-exec-1] org.hibernate.SQL                        : 
    select
        p1_0.id,
        p1_0.age,
        p1_0.color,
        p1_0.created_at,
        p1_0.name,
        p1_0.personality,
        p1_0.race,
        p1_0.shelter_id,
        p1_0.size,
        p1_0.species,
        p1_0.status,
        p1_0.updated_at 
    from
        pets p1_0 
    where
        p1_0.status in (?, ?) 
    order by
        p1_0.created_at
2026-06-13T17:01:59.975-04:00 DEBUG 19392 --- [pet-service] [http-nio-8082-exec-1] o.s.w.s.m.m.a.HttpEntityMethodProcessor  : Using 'application/json', given [*/*] and supported [application/json, application/*+json]
2026-06-13T17:01:59.977-04:00 DEBUG 19392 --- [pet-service] [http-nio-8082-exec-1] o.s.w.s.m.m.a.HttpEntityMethodProcessor  : Writing [[PetResponse[id=1, name=Yoni, species=Perro, race=Doberman, age=7, size=Grande, color=Cafe, status=A (truncated)...]
2026-06-13T17:01:59.993-04:00 DEBUG 19392 --- [pet-service] [http-nio-8082-exec-1] o.s.web.servlet.DispatcherServlet        : Completed 200 OK
2026-06-13T17:02:11.144-04:00 DEBUG 19392 --- [pet-service] [pool-2-thread-1] c.a.petservice.client.UserServiceClient  : [UserServiceClient#getUserAuthByEmail] ---> GET http://localhost:8081/user-app/users/by-email/admin%40adoptapp.com/auth HTTP/1.1
2026-06-13T17:02:11.261-04:00 DEBUG 19392 --- [pet-service] [pool-2-thread-1] c.a.petservice.client.UserServiceClient  : [UserServiceClient#getUserAuthByEmail] <--- HTTP/1.1 401 (116ms)
2026-06-13T17:02:11.271-04:00  WARN 19392 --- [pet-service] [http-nio-8082-exec-3] c.a.p.client.UserServiceClientFallback   : User-service no disponible para auth admin@adoptapp.com
2026-06-13T17:02:11.272-04:00  WARN 19392 --- [pet-service] [http-nio-8082-exec-3] c.a.p.config.CustomUserDetailsService    : Usuario no encontrado: admin@adoptapp.com
2026-06-13T17:02:20.849-04:00 DEBUG 19392 --- [pet-service] [pool-2-thread-1] c.a.petservice.client.UserServiceClient  : [UserServiceClient#getUserAuthByEmail] ---> GET http://localhost:8081/user-app/users/by-email/admin%40empresa.com/auth HTTP/1.1
2026-06-13T17:02:20.975-04:00 DEBUG 19392 --- [pet-service] [pool-2-thread-1] c.a.petservice.client.UserServiceClient  : [UserServiceClient#getUserAuthByEmail] <--- HTTP/1.1 200 (124ms)
2026-06-13T17:02:20.975-04:00 DEBUG 19392 --- [pet-service] [pool-2-thread-1] o.s.w.c.HttpMessageConverterExtractor    : Reading to [com.adoptapp.sharedkernel.dto.UserAuthResponse]
2026-06-13T17:02:21.090-04:00 DEBUG 19392 --- [pet-service] [http-nio-8082-exec-4] o.s.web.servlet.DispatcherServlet        : GET "/pet-app/pets/admin?status=AVAILABLE", parameters={masked}
2026-06-13T17:02:21.091-04:00 DEBUG 19392 --- [pet-service] [http-nio-8082-exec-4] s.w.s.m.m.a.RequestMappingHandlerMapping : Mapped to com.adoptapp.petservice.controller.PetController#getPetsByStatusAdmin(String, Authentication)
2026-06-13T17:02:21.143-04:00 DEBUG 19392 --- [pet-service] [http-nio-8082-exec-4] org.hibernate.SQL                        : 
    select
        p1_0.id,
        p1_0.age,
        p1_0.color,
        p1_0.created_at,
        p1_0.name,
        p1_0.personality,
        p1_0.race,
        p1_0.shelter_id,
        p1_0.size,
        p1_0.species,
        p1_0.status,
        p1_0.updated_at 
    from
        pets p1_0 
    where
        p1_0.status=?
2026-06-13T17:02:21.143-04:00 DEBUG 19392 --- [pet-service] [http-nio-8082-exec-4] o.s.w.s.m.m.a.HttpEntityMethodProcessor  : Using 'application/json', given [*/*] and supported [application/json, application/*+json]
2026-06-13T17:02:21.143-04:00 DEBUG 19392 --- [pet-service] [http-nio-8082-exec-4] o.s.w.s.m.m.a.HttpEntityMethodProcessor  : Writing [[PetResponse[id=1, name=Yoni, species=Perro, race=Doberman, age=7, size=Grande, color=Cafe, status=A (truncated)...]
2026-06-13T17:02:21.143-04:00 DEBUG 19392 --- [pet-service] [http-nio-8082-exec-4] o.s.web.servlet.DispatcherServlet        : Completed 200 OK
2026-06-13T17:02:40.718-04:00 DEBUG 19392 --- [pet-service] [pool-2-thread-1] c.a.petservice.client.UserServiceClient  : [UserServiceClient#getUserAuthByEmail] ---> GET http://localhost:8081/user-app/users/by-email/admin%40adoptapp.com/auth HTTP/1.1
2026-06-13T17:02:40.841-04:00 DEBUG 19392 --- [pet-service] [pool-2-thread-1] c.a.petservice.client.UserServiceClient  : [UserServiceClient#getUserAuthByEmail] <--- HTTP/1.1 401 (122ms)
2026-06-13T17:02:40.841-04:00  WARN 19392 --- [pet-service] [http-nio-8082-exec-5] c.a.p.client.UserServiceClientFallback   : User-service no disponible para auth admin@adoptapp.com
2026-06-13T17:02:40.841-04:00  WARN 19392 --- [pet-service] [http-nio-8082-exec-5] c.a.p.config.CustomUserDetailsService    : Usuario no encontrado: admin@adoptapp.com
2026-06-13T17:02:47.890-04:00 DEBUG 19392 --- [pet-service] [pool-2-thread-1] c.a.petservice.client.UserServiceClient  : [UserServiceClient#getUserAuthByEmail] ---> GET http://localhost:8081/user-app/users/by-email/admin%40empresa.com/auth HTTP/1.1
2026-06-13T17:02:48.028-04:00 DEBUG 19392 --- [pet-service] [pool-2-thread-1] c.a.petservice.client.UserServiceClient  : [UserServiceClient#getUserAuthByEmail] <--- HTTP/1.1 200 (135ms)
2026-06-13T17:02:48.028-04:00 DEBUG 19392 --- [pet-service] [pool-2-thread-1] o.s.w.c.HttpMessageConverterExtractor    : Reading to [com.adoptapp.sharedkernel.dto.UserAuthResponse]
2026-06-13T17:02:48.162-04:00 DEBUG 19392 --- [pet-service] [http-nio-8082-exec-6] o.s.web.servlet.DispatcherServlet        : GET "/pet-app/pets/admin/by-id/1", parameters={}
2026-06-13T17:02:48.163-04:00 DEBUG 19392 --- [pet-service] [http-nio-8082-exec-6] s.w.s.m.m.a.RequestMappingHandlerMapping : Mapped to com.adoptapp.petservice.controller.PetController#getByIdIncludingDeleted(Long, Authentication)
2026-06-13T17:02:48.193-04:00 DEBUG 19392 --- [pet-service] [http-nio-8082-exec-6] org.hibernate.SQL                        : 
    select
        p1_0.id,
        p1_0.age,
        p1_0.color,
        p1_0.created_at,
        p1_0.name,
        p1_0.personality,
        p1_0.race,
        p1_0.shelter_id,
        p1_0.size,
        p1_0.species,
        p1_0.status,
        p1_0.updated_at 
    from
        pets p1_0 
    where
        p1_0.id=?
2026-06-13T17:02:48.199-04:00 DEBUG 19392 --- [pet-service] [http-nio-8082-exec-6] o.s.w.s.m.m.a.HttpEntityMethodProcessor  : Using 'application/json', given [*/*] and supported [application/json, application/*+json]
2026-06-13T17:02:48.201-04:00 DEBUG 19392 --- [pet-service] [http-nio-8082-exec-6] o.s.w.s.m.m.a.HttpEntityMethodProcessor  : Writing [PetResponse[id=1, name=Yoni, species=Perro, race=Doberman, age=7, size=Grande, color=Cafe, status=AV (truncated)...]
2026-06-13T17:02:48.203-04:00 DEBUG 19392 --- [pet-service] [http-nio-8082-exec-6] o.s.web.servlet.DispatcherServlet        : Completed 200 OK
2026-06-13T17:03:09.794-04:00 DEBUG 19392 --- [pet-service] [pool-2-thread-1] c.a.petservice.client.UserServiceClient  : [UserServiceClient#getUserAuthByEmail] ---> GET http://localhost:8081/user-app/users/by-email/admin%40empresa.com/auth HTTP/1.1
2026-06-13T17:03:09.928-04:00 DEBUG 19392 --- [pet-service] [pool-2-thread-1] c.a.petservice.client.UserServiceClient  : [UserServiceClient#getUserAuthByEmail] <--- HTTP/1.1 200 (130ms)
2026-06-13T17:03:09.928-04:00 DEBUG 19392 --- [pet-service] [pool-2-thread-1] o.s.w.c.HttpMessageConverterExtractor    : Reading to [com.adoptapp.sharedkernel.dto.UserAuthResponse]
2026-06-13T17:03:10.045-04:00 DEBUG 19392 --- [pet-service] [http-nio-8082-exec-7] o.s.web.servlet.DispatcherServlet        : GET "/pet-app/pets/admin/by-id/4", parameters={}
2026-06-13T17:03:10.045-04:00 DEBUG 19392 --- [pet-service] [http-nio-8082-exec-7] s.w.s.m.m.a.RequestMappingHandlerMapping : Mapped to com.adoptapp.petservice.controller.PetController#getByIdIncludingDeleted(Long, Authentication)
2026-06-13T17:03:10.054-04:00 DEBUG 19392 --- [pet-service] [http-nio-8082-exec-7] org.hibernate.SQL                        : 
    select
        p1_0.id,
        p1_0.age,
        p1_0.color,
        p1_0.created_at,
        p1_0.name,
        p1_0.personality,
        p1_0.race,
        p1_0.shelter_id,
        p1_0.size,
        p1_0.species,
        p1_0.status,
        p1_0.updated_at 
    from
        pets p1_0 
    where
        p1_0.id=?
2026-06-13T17:03:10.056-04:00 DEBUG 19392 --- [pet-service] [http-nio-8082-exec-7] o.s.w.s.m.m.a.HttpEntityMethodProcessor  : Using 'application/json', given [*/*] and supported [application/json, application/*+json]
2026-06-13T17:03:10.056-04:00 DEBUG 19392 --- [pet-service] [http-nio-8082-exec-7] o.s.w.s.m.m.a.HttpEntityMethodProcessor  : Nothing to write: null body
2026-06-13T17:03:10.058-04:00 DEBUG 19392 --- [pet-service] [http-nio-8082-exec-7] o.s.web.servlet.DispatcherServlet        : Completed 404 NOT_FOUND
2026-06-13T17:03:20.807-04:00 DEBUG 19392 --- [pet-service] [pool-2-thread-1] c.a.petservice.client.UserServiceClient  : [UserServiceClient#getUserAuthByEmail] ---> GET http://localhost:8081/user-app/users/by-email/admin%40adoptapp.com/auth HTTP/1.1
2026-06-13T17:03:20.933-04:00 DEBUG 19392 --- [pet-service] [pool-2-thread-1] c.a.petservice.client.UserServiceClient  : [UserServiceClient#getUserAuthByEmail] <--- HTTP/1.1 401 (125ms)
2026-06-13T17:03:20.933-04:00  WARN 19392 --- [pet-service] [http-nio-8082-exec-8] c.a.p.client.UserServiceClientFallback   : User-service no disponible para auth admin@adoptapp.com
2026-06-13T17:03:20.935-04:00  WARN 19392 --- [pet-service] [http-nio-8082-exec-8] c.a.p.config.CustomUserDetailsService    : Usuario no encontrado: admin@adoptapp.com
2026-06-13T17:03:29.191-04:00 DEBUG 19392 --- [pet-service] [pool-2-thread-1] c.a.petservice.client.UserServiceClient  : [UserServiceClient#getUserAuthByEmail] ---> GET http://localhost:8081/user-app/users/by-email/admin%40empresa.com/auth HTTP/1.1
2026-06-13T17:03:29.332-04:00 DEBUG 19392 --- [pet-service] [pool-2-thread-1] c.a.petservice.client.UserServiceClient  : [UserServiceClient#getUserAuthByEmail] <--- HTTP/1.1 200 (133ms)
2026-06-13T17:03:29.334-04:00 DEBUG 19392 --- [pet-service] [pool-2-thread-1] o.s.w.c.HttpMessageConverterExtractor    : Reading to [com.adoptapp.sharedkernel.dto.UserAuthResponse]
2026-06-13T17:03:29.457-04:00 DEBUG 19392 --- [pet-service] [http-nio-8082-exec-9] o.s.web.servlet.DispatcherServlet        : GET "/pet-app/pets/by-id/1/health", parameters={}
2026-06-13T17:03:29.458-04:00 DEBUG 19392 --- [pet-service] [http-nio-8082-exec-9] s.w.s.m.m.a.RequestMappingHandlerMapping : Mapped to com.adoptapp.petservice.controller.PetController#getPetHealth(Long)
2026-06-13T17:03:29.460-04:00 DEBUG 19392 --- [pet-service] [http-nio-8082-exec-9] org.hibernate.SQL                        : 
    select
        p1_0.id,
        p1_0.age,
        p1_0.color,
        p1_0.created_at,
        p1_0.name,
        p1_0.personality,
        p1_0.race,
        p1_0.shelter_id,
        p1_0.size,
        p1_0.species,
        p1_0.status,
        p1_0.updated_at 
    from
        pets p1_0 
    where
        p1_0.id=?
2026-06-13T17:03:29.460-04:00 DEBUG 19392 --- [pet-service] [pool-2-thread-1] c.a.p.client.HealthServiceClient         : [HealthServiceClient#getHealthByPetId] ---> GET http://localhost:8085/health-app/health/by-pet/1 HTTP/1.1
2026-06-13T17:03:30.278-04:00 DEBUG 19392 --- [pet-service] [pool-2-thread-1] c.a.p.client.HealthServiceClient         : [HealthServiceClient#getHealthByPetId] <--- HTTP/1.1 200 (823ms)
2026-06-13T17:03:30.278-04:00 DEBUG 19392 --- [pet-service] [pool-2-thread-1] o.s.w.c.HttpMessageConverterExtractor    : Reading to [com.adoptapp.petservice.dto.HealthResult]
2026-06-13T17:03:30.295-04:00 DEBUG 19392 --- [pet-service] [http-nio-8082-exec-9] o.s.w.s.m.m.a.HttpEntityMethodProcessor  : Using 'application/json', given [*/*] and supported [application/json, application/*+json]
2026-06-13T17:03:30.305-04:00 DEBUG 19392 --- [pet-service] [http-nio-8082-exec-9] o.s.w.s.m.m.a.HttpEntityMethodProcessor  : Writing [HealthResult[id=1, userId=1, petId=1, vaccinationStatus=VACCINATED, sterilizationStatus=STERILIZED,  (truncated)...]
2026-06-13T17:03:30.305-04:00 DEBUG 19392 --- [pet-service] [http-nio-8082-exec-9] o.s.web.servlet.DispatcherServlet        : Completed 200 OK
2026-06-13T17:06:22.150-04:00 DEBUG 19392 --- [pet-service] [pool-2-thread-2] c.a.petservice.client.UserServiceClient  : [UserServiceClient#getUserAuthByEmail] ---> GET http://localhost:8081/user-app/users/by-email/admin%40empresa.com/auth HTTP/1.1
2026-06-13T17:06:22.280-04:00 DEBUG 19392 --- [pet-service] [pool-2-thread-2] c.a.petservice.client.UserServiceClient  : [UserServiceClient#getUserAuthByEmail] <--- HTTP/1.1 200 (129ms)
2026-06-13T17:06:22.281-04:00 DEBUG 19392 --- [pet-service] [pool-2-thread-2] o.s.w.c.HttpMessageConverterExtractor    : Reading to [com.adoptapp.sharedkernel.dto.UserAuthResponse]
2026-06-13T17:06:22.384-04:00 DEBUG 19392 --- [pet-service] [http-nio-8082-exec-2] o.s.web.servlet.DispatcherServlet        : GET "/pet-app/pets/by-id/1", parameters={}
2026-06-13T17:06:22.384-04:00 DEBUG 19392 --- [pet-service] [http-nio-8082-exec-2] s.w.s.m.m.a.RequestMappingHandlerMapping : Mapped to com.adoptapp.petservice.controller.PetController#getPetById(Long)
2026-06-13T17:06:22.397-04:00 DEBUG 19392 --- [pet-service] [http-nio-8082-exec-2] org.hibernate.SQL                        : 
    select
        p1_0.id,
        p1_0.age,
        p1_0.color,
        p1_0.created_at,
        p1_0.name,
        p1_0.personality,
        p1_0.race,
        p1_0.shelter_id,
        p1_0.size,
        p1_0.species,
        p1_0.status,
        p1_0.updated_at 
    from
        pets p1_0 
    where
        p1_0.id=?
2026-06-13T17:06:22.401-04:00 DEBUG 19392 --- [pet-service] [http-nio-8082-exec-2] o.s.w.s.m.m.a.HttpEntityMethodProcessor  : Using 'application/json', given [*/*] and supported [application/json, application/*+json]
2026-06-13T17:06:22.401-04:00 DEBUG 19392 --- [pet-service] [http-nio-8082-exec-2] o.s.w.s.m.m.a.HttpEntityMethodProcessor  : Writing [PetResponse[id=1, name=Yoni, species=Perro, race=Doberman, age=7, size=Grande, color=Cafe, status=AV (truncated)...]
2026-06-13T17:06:22.401-04:00 DEBUG 19392 --- [pet-service] [http-nio-8082-exec-2] o.s.web.servlet.DispatcherServlet        : Completed 200 OK
2026-06-13T17:06:34.980-04:00 DEBUG 19392 --- [pet-service] [pool-2-thread-2] c.a.petservice.client.UserServiceClient  : [UserServiceClient#getUserAuthByEmail] ---> GET http://localhost:8081/user-app/users/by-email/admin%40empresa.com/auth HTTP/1.1
2026-06-13T17:06:35.118-04:00 DEBUG 19392 --- [pet-service] [pool-2-thread-2] c.a.petservice.client.UserServiceClient  : [UserServiceClient#getUserAuthByEmail] <--- HTTP/1.1 200 (136ms)
2026-06-13T17:06:35.118-04:00 DEBUG 19392 --- [pet-service] [pool-2-thread-2] o.s.w.c.HttpMessageConverterExtractor    : Reading to [com.adoptapp.sharedkernel.dto.UserAuthResponse]
2026-06-13T17:06:35.238-04:00 DEBUG 19392 --- [pet-service] [http-nio-8082-exec-3] o.s.web.servlet.DispatcherServlet        : GET "/pet-app/pets/by-id/1/health", parameters={}
2026-06-13T17:06:35.238-04:00 DEBUG 19392 --- [pet-service] [http-nio-8082-exec-3] s.w.s.m.m.a.RequestMappingHandlerMapping : Mapped to com.adoptapp.petservice.controller.PetController#getPetHealth(Long)
2026-06-13T17:06:35.238-04:00 DEBUG 19392 --- [pet-service] [http-nio-8082-exec-3] org.hibernate.SQL                        : 
    select
        p1_0.id,
        p1_0.age,
        p1_0.color,
        p1_0.created_at,
        p1_0.name,
        p1_0.personality,
        p1_0.race,
        p1_0.shelter_id,
        p1_0.size,
        p1_0.species,
        p1_0.status,
        p1_0.updated_at 
    from
        pets p1_0 
    where
        p1_0.id=?
2026-06-13T17:06:35.238-04:00 DEBUG 19392 --- [pet-service] [pool-2-thread-2] c.a.p.client.HealthServiceClient         : [HealthServiceClient#getHealthByPetId] ---> GET http://localhost:8085/health-app/health/by-pet/1 HTTP/1.1
2026-06-13T17:06:35.505-04:00 DEBUG 19392 --- [pet-service] [pool-2-thread-2] c.a.p.client.HealthServiceClient         : [HealthServiceClient#getHealthByPetId] <--- HTTP/1.1 200 (263ms)
2026-06-13T17:06:35.505-04:00 DEBUG 19392 --- [pet-service] [pool-2-thread-2] o.s.w.c.HttpMessageConverterExtractor    : Reading to [com.adoptapp.petservice.dto.HealthResult]
2026-06-13T17:06:35.509-04:00 DEBUG 19392 --- [pet-service] [http-nio-8082-exec-3] o.s.w.s.m.m.a.HttpEntityMethodProcessor  : Using 'application/json', given [*/*] and supported [application/json, application/*+json]
2026-06-13T17:06:35.509-04:00 DEBUG 19392 --- [pet-service] [http-nio-8082-exec-3] o.s.w.s.m.m.a.HttpEntityMethodProcessor  : Writing [HealthResult[id=1, userId=1, petId=1, vaccinationStatus=VACCINATED, sterilizationStatus=STERILIZED,  (truncated)...]
2026-06-13T17:06:35.509-04:00 DEBUG 19392 --- [pet-service] [http-nio-8082-exec-3] o.s.web.servlet.DispatcherServlet        : Completed 200 OK
2026-06-13T17:18:40.759-04:00  INFO 19392 --- [pet-service] [SpringApplicationShutdownHook] o.s.b.w.e.tomcat.GracefulShutdown        : Commencing graceful shutdown. Waiting for active requests to complete
2026-06-13T17:18:40.781-04:00  INFO 19392 --- [pet-service] [tomcat-shutdown] o.s.b.w.e.tomcat.GracefulShutdown        : Graceful shutdown complete
2026-06-13T17:18:40.790-04:00  INFO 19392 --- [pet-service] [SpringApplicationShutdownHook] j.LocalContainerEntityManagerFactoryBean : Closing JPA EntityManagerFactory for persistence unit 'default'
2026-06-13T17:18:40.797-04:00  INFO 19392 --- [pet-service] [SpringApplicationShutdownHook] com.zaxxer.hikari.HikariDataSource       : HikariPool-1 - Shutdown initiated...
2026-06-13T17:18:40.803-04:00  INFO 19392 --- [pet-service] [SpringApplicationShutdownHook] com.zaxxer.hikari.HikariDataSource       : HikariPool-1 - Shutdown completed.
2026-06-13T17:24:11.053-04:00  INFO 19084 --- [pet-service] [restartedMain] c.a.petservice.PetServiceApplication     : Starting PetServiceApplication using Java 26 with PID 19084 (C:\Users\camil\Documents\fullstack1\adoptapp\pet-service\target\classes started by camila in C:\Users\camil\Documents\fullstack1\adoptapp)
2026-06-13T17:24:11.056-04:00 DEBUG 19084 --- [pet-service] [restartedMain] c.a.petservice.PetServiceApplication     : Running with Spring Boot v3.4.5, Spring v6.2.6
2026-06-13T17:24:11.057-04:00  INFO 19084 --- [pet-service] [restartedMain] c.a.petservice.PetServiceApplication     : No active profile set, falling back to 1 default profile: "default"
2026-06-13T17:24:11.121-04:00  INFO 19084 --- [pet-service] [restartedMain] .e.DevToolsPropertyDefaultsPostProcessor : Devtools property defaults active! Set 'spring.devtools.add-properties' to 'false' to disable
2026-06-13T17:24:11.121-04:00  INFO 19084 --- [pet-service] [restartedMain] .e.DevToolsPropertyDefaultsPostProcessor : For additional web related logging consider setting the 'logging.level.web' property to 'DEBUG'
2026-06-13T17:24:12.684-04:00  INFO 19084 --- [pet-service] [restartedMain] .s.d.r.c.RepositoryConfigurationDelegate : Bootstrapping Spring Data JPA repositories in DEFAULT mode.
2026-06-13T17:24:12.769-04:00  INFO 19084 --- [pet-service] [restartedMain] .s.d.r.c.RepositoryConfigurationDelegate : Finished Spring Data repository scanning in 72 ms. Found 2 JPA repository interfaces.
2026-06-13T17:24:13.202-04:00  INFO 19084 --- [pet-service] [restartedMain] o.s.cloud.context.scope.GenericScope     : BeanFactory id=6d57a12c-bde1-3e93-bded-90d89b62f3e2
2026-06-13T17:24:14.638-04:00  INFO 19084 --- [pet-service] [restartedMain] o.s.b.w.embedded.tomcat.TomcatWebServer  : Tomcat initialized with port 8082 (http)
2026-06-13T17:24:14.662-04:00  INFO 19084 --- [pet-service] [restartedMain] o.apache.catalina.core.StandardService   : Starting service [Tomcat]
2026-06-13T17:24:14.662-04:00  INFO 19084 --- [pet-service] [restartedMain] o.apache.catalina.core.StandardEngine    : Starting Servlet engine: [Apache Tomcat/10.1.40]
2026-06-13T17:24:14.755-04:00  INFO 19084 --- [pet-service] [restartedMain] o.a.c.c.C.[.[localhost].[/pet-app]       : Initializing Spring embedded WebApplicationContext
2026-06-13T17:24:14.756-04:00  INFO 19084 --- [pet-service] [restartedMain] w.s.c.ServletWebServerApplicationContext : Root WebApplicationContext: initialization completed in 3634 ms
2026-06-13T17:24:15.443-04:00  INFO 19084 --- [pet-service] [restartedMain] com.zaxxer.hikari.HikariDataSource       : HikariPool-1 - Starting...
2026-06-13T17:24:15.785-04:00  INFO 19084 --- [pet-service] [restartedMain] com.zaxxer.hikari.pool.HikariPool        : HikariPool-1 - Added connection org.postgresql.jdbc.PgConnection@297a6715
2026-06-13T17:24:15.789-04:00  INFO 19084 --- [pet-service] [restartedMain] com.zaxxer.hikari.HikariDataSource       : HikariPool-1 - Start completed.
2026-06-13T17:24:15.842-04:00  INFO 19084 --- [pet-service] [restartedMain] org.flywaydb.core.FlywayExecutor         : Database: jdbc:postgresql://localhost:5432/pet_db (PostgreSQL 18.3)
2026-06-13T17:24:15.859-04:00  WARN 19084 --- [pet-service] [restartedMain] o.f.c.internal.database.base.Database    : Flyway upgrade recommended: PostgreSQL 18.3 is newer than this version of Flyway and support has not been tested. The latest supported version of PostgreSQL is 17.
2026-06-13T17:24:15.948-04:00  INFO 19084 --- [pet-service] [restartedMain] o.f.core.internal.command.DbValidate     : Successfully validated 8 migrations (execution time 00:00.068s)
2026-06-13T17:24:16.132-04:00  INFO 19084 --- [pet-service] [restartedMain] o.f.core.internal.command.DbMigrate      : Current version of schema "public": 8
2026-06-13T17:24:16.139-04:00  INFO 19084 --- [pet-service] [restartedMain] o.f.core.internal.command.DbMigrate      : Schema "public" is up to date. No migration necessary.
2026-06-13T17:24:16.432-04:00  INFO 19084 --- [pet-service] [restartedMain] o.hibernate.jpa.internal.util.LogHelper  : HHH000204: Processing PersistenceUnitInfo [name: default]
2026-06-13T17:24:16.527-04:00  INFO 19084 --- [pet-service] [restartedMain] org.hibernate.Version                    : HHH000412: Hibernate ORM core version 6.6.13.Final
2026-06-13T17:24:16.589-04:00  INFO 19084 --- [pet-service] [restartedMain] o.h.c.internal.RegionFactoryInitiator    : HHH000026: Second-level cache disabled
2026-06-13T17:24:17.123-04:00  INFO 19084 --- [pet-service] [restartedMain] o.s.o.j.p.SpringPersistenceUnitInfo      : No LoadTimeWeaver setup: ignoring JPA class transformer
2026-06-13T17:24:17.229-04:00  WARN 19084 --- [pet-service] [restartedMain] org.hibernate.orm.deprecation            : HHH90000025: PostgreSQLDialect does not need to be specified explicitly using 'hibernate.dialect' (remove the property setting and it will be selected by default)
2026-06-13T17:24:17.252-04:00  INFO 19084 --- [pet-service] [restartedMain] org.hibernate.orm.connections.pooling    : HHH10001005: Database info:
	Database JDBC URL [Connecting through datasource 'HikariDataSource (HikariPool-1)']
	Database driver: undefined/unknown
	Database version: 18.3
	Autocommit mode: undefined/unknown
	Isolation level: undefined/unknown
	Minimum pool size: undefined/unknown
	Maximum pool size: undefined/unknown
2026-06-13T17:24:18.946-04:00  INFO 19084 --- [pet-service] [restartedMain] o.h.e.t.j.p.i.JtaPlatformInitiator       : HHH000489: No JTA platform available (set 'hibernate.transaction.jta.platform' to enable JTA platform integration)
2026-06-13T17:24:19.019-04:00  INFO 19084 --- [pet-service] [restartedMain] j.LocalContainerEntityManagerFactoryBean : Initialized JPA EntityManagerFactory for persistence unit 'default'
2026-06-13T17:24:19.439-04:00  WARN 19084 --- [pet-service] [restartedMain] JpaBaseConfiguration$JpaWebConfiguration : spring.jpa.open-in-view is enabled by default. Therefore, database queries may be performed during view rendering. Explicitly configure spring.jpa.open-in-view to disable this warning
2026-06-13T17:24:19.764-04:00  WARN 19084 --- [pet-service] [restartedMain] o.s.b.d.a.OptionalLiveReloadServer       : Unable to start LiveReload server
2026-06-13T17:24:21.253-04:00  INFO 19084 --- [pet-service] [restartedMain] r$InitializeUserDetailsManagerConfigurer : Global AuthenticationManager configured with UserDetailsService bean with name customUserDetailsService
2026-06-13T17:24:21.580-04:00 DEBUG 19084 --- [pet-service] [restartedMain] s.w.s.m.m.a.RequestMappingHandlerMapping : 12 mappings in 'requestMappingHandlerMapping'
2026-06-13T17:24:22.067-04:00 DEBUG 19084 --- [pet-service] [restartedMain] o.s.w.s.handler.SimpleUrlHandlerMapping  : Patterns [/webjars/**, /**] in 'resourceHandlerMapping'
2026-06-13T17:24:22.849-04:00 DEBUG 19084 --- [pet-service] [restartedMain] s.w.s.m.m.a.RequestMappingHandlerAdapter : ControllerAdvice beans: 0 @ModelAttribute, 0 @InitBinder, 1 RequestBodyAdvice, 1 ResponseBodyAdvice
2026-06-13T17:24:23.037-04:00 DEBUG 19084 --- [pet-service] [restartedMain] .m.m.a.ExceptionHandlerExceptionResolver : ControllerAdvice beans: 1 @ExceptionHandler, 1 ResponseBodyAdvice
2026-06-13T17:24:23.743-04:00  INFO 19084 --- [pet-service] [restartedMain] o.s.b.a.h2.H2ConsoleAutoConfiguration    : H2 console available at '/h2-console'. Database available at 'jdbc:postgresql://localhost:5432/pet_db'
2026-06-13T17:24:25.121-04:00  INFO 19084 --- [pet-service] [restartedMain] o.s.cloud.commons.util.InetUtils         : Cannot determine local hostname
2026-06-13T17:24:25.369-04:00  INFO 19084 --- [pet-service] [restartedMain] o.s.b.w.embedded.tomcat.TomcatWebServer  : Tomcat started on port 8082 (http) with context path '/pet-app'
2026-06-13T17:24:26.387-04:00  INFO 19084 --- [pet-service] [restartedMain] o.s.cloud.commons.util.InetUtils         : Cannot determine local hostname
2026-06-13T17:24:26.406-04:00  INFO 19084 --- [pet-service] [restartedMain] c.a.petservice.PetServiceApplication     : Started PetServiceApplication in 17.029 seconds (process running for 18.465)
2026-06-13T17:31:16.888-04:00  INFO 19084 --- [pet-service] [File Watcher] rtingClassPathChangeChangedEventListener : Restarting due to 2 class path changes (1 addition, 1 deletion, 0 modifications)
2026-06-13T17:31:16.895-04:00  INFO 19084 --- [pet-service] [Thread-1] o.s.b.w.e.tomcat.GracefulShutdown        : Commencing graceful shutdown. Waiting for active requests to complete
2026-06-13T17:31:16.910-04:00  INFO 19084 --- [pet-service] [tomcat-shutdown] o.s.b.w.e.tomcat.GracefulShutdown        : Graceful shutdown complete
2026-06-13T17:31:16.920-04:00  INFO 19084 --- [pet-service] [Thread-1] j.LocalContainerEntityManagerFactoryBean : Closing JPA EntityManagerFactory for persistence unit 'default'
2026-06-13T17:31:16.926-04:00  INFO 19084 --- [pet-service] [Thread-1] com.zaxxer.hikari.HikariDataSource       : HikariPool-1 - Shutdown initiated...
2026-06-13T17:31:16.930-04:00  INFO 19084 --- [pet-service] [Thread-1] com.zaxxer.hikari.HikariDataSource       : HikariPool-1 - Shutdown completed.
2026-06-13T17:31:18.185-04:00  INFO 19084 --- [pet-service] [restartedMain] c.a.petservice.PetServiceApplication     : Starting PetServiceApplication using Java 26 with PID 19084 (C:\Users\camil\Documents\fullstack1\adoptapp\pet-service\target\classes started by camila in C:\Users\camil\Documents\fullstack1\adoptapp)
2026-06-13T17:31:18.187-04:00 DEBUG 19084 --- [pet-service] [restartedMain] c.a.petservice.PetServiceApplication     : Running with Spring Boot v3.4.5, Spring v6.2.6
2026-06-13T17:31:18.187-04:00  INFO 19084 --- [pet-service] [restartedMain] c.a.petservice.PetServiceApplication     : No active profile set, falling back to 1 default profile: "default"
2026-06-13T17:31:18.946-04:00  INFO 19084 --- [pet-service] [restartedMain] .s.d.r.c.RepositoryConfigurationDelegate : Bootstrapping Spring Data JPA repositories in DEFAULT mode.
2026-06-13T17:31:18.979-04:00  INFO 19084 --- [pet-service] [restartedMain] .s.d.r.c.RepositoryConfigurationDelegate : Finished Spring Data repository scanning in 31 ms. Found 2 JPA repository interfaces.
2026-06-13T17:31:19.156-04:00  INFO 19084 --- [pet-service] [restartedMain] o.s.cloud.context.scope.GenericScope     : BeanFactory id=03735443-fe92-3bd5-845f-9574e42d9c73
2026-06-13T17:31:19.859-04:00  INFO 19084 --- [pet-service] [restartedMain] o.s.b.w.embedded.tomcat.TomcatWebServer  : Tomcat initialized with port 8082 (http)
2026-06-13T17:31:19.865-04:00  INFO 19084 --- [pet-service] [restartedMain] o.apache.catalina.core.StandardService   : Starting service [Tomcat]
2026-06-13T17:31:19.866-04:00  INFO 19084 --- [pet-service] [restartedMain] o.apache.catalina.core.StandardEngine    : Starting Servlet engine: [Apache Tomcat/10.1.40]
2026-06-13T17:31:19.944-04:00  INFO 19084 --- [pet-service] [restartedMain] o.a.c.c.C.[.[localhost].[/pet-app]       : Initializing Spring embedded WebApplicationContext
2026-06-13T17:31:19.944-04:00  INFO 19084 --- [pet-service] [restartedMain] w.s.c.ServletWebServerApplicationContext : Root WebApplicationContext: initialization completed in 1752 ms
2026-06-13T17:31:20.362-04:00  INFO 19084 --- [pet-service] [restartedMain] com.zaxxer.hikari.HikariDataSource       : HikariPool-2 - Starting...
2026-06-13T17:31:20.684-04:00  INFO 19084 --- [pet-service] [restartedMain] com.zaxxer.hikari.pool.HikariPool        : HikariPool-2 - Added connection org.postgresql.jdbc.PgConnection@7f83d51f
2026-06-13T17:31:20.684-04:00  INFO 19084 --- [pet-service] [restartedMain] com.zaxxer.hikari.HikariDataSource       : HikariPool-2 - Start completed.
2026-06-13T17:31:20.688-04:00  INFO 19084 --- [pet-service] [restartedMain] org.flywaydb.core.FlywayExecutor         : Database: jdbc:postgresql://localhost:5432/pet_db (PostgreSQL 18.3)
2026-06-13T17:31:20.699-04:00  WARN 19084 --- [pet-service] [restartedMain] o.f.c.internal.database.base.Database    : Flyway upgrade recommended: PostgreSQL 18.3 is newer than this version of Flyway and support has not been tested. The latest supported version of PostgreSQL is 17.
2026-06-13T17:31:20.746-04:00  INFO 19084 --- [pet-service] [restartedMain] o.f.core.internal.command.DbValidate     : Successfully validated 8 migrations (execution time 00:00.039s)
2026-06-13T17:31:21.141-04:00  INFO 19084 --- [pet-service] [restartedMain] o.f.core.internal.command.DbMigrate      : Current version of schema "public": 8
2026-06-13T17:31:21.141-04:00  INFO 19084 --- [pet-service] [restartedMain] o.f.core.internal.command.DbMigrate      : Schema "public" is up to date. No migration necessary.
2026-06-13T17:31:21.363-04:00  INFO 19084 --- [pet-service] [restartedMain] o.hibernate.jpa.internal.util.LogHelper  : HHH000204: Processing PersistenceUnitInfo [name: default]
2026-06-13T17:31:21.386-04:00  INFO 19084 --- [pet-service] [restartedMain] o.h.c.internal.RegionFactoryInitiator    : HHH000026: Second-level cache disabled
2026-06-13T17:31:21.436-04:00  INFO 19084 --- [pet-service] [restartedMain] o.s.o.j.p.SpringPersistenceUnitInfo      : No LoadTimeWeaver setup: ignoring JPA class transformer
2026-06-13T17:31:21.455-04:00  WARN 19084 --- [pet-service] [restartedMain] org.hibernate.orm.deprecation            : HHH90000025: PostgreSQLDialect does not need to be specified explicitly using 'hibernate.dialect' (remove the property setting and it will be selected by default)
2026-06-13T17:31:21.458-04:00  INFO 19084 --- [pet-service] [restartedMain] org.hibernate.orm.connections.pooling    : HHH10001005: Database info:
	Database JDBC URL [Connecting through datasource 'HikariDataSource (HikariPool-2)']
	Database driver: undefined/unknown
	Database version: 18.3
	Autocommit mode: undefined/unknown
	Isolation level: undefined/unknown
	Minimum pool size: undefined/unknown
	Maximum pool size: undefined/unknown
2026-06-13T17:31:21.798-04:00  INFO 19084 --- [pet-service] [restartedMain] o.h.e.t.j.p.i.JtaPlatformInitiator       : HHH000489: No JTA platform available (set 'hibernate.transaction.jta.platform' to enable JTA platform integration)
2026-06-13T17:31:21.830-04:00  INFO 19084 --- [pet-service] [restartedMain] j.LocalContainerEntityManagerFactoryBean : Initialized JPA EntityManagerFactory for persistence unit 'default'
2026-06-13T17:31:22.241-04:00  WARN 19084 --- [pet-service] [restartedMain] JpaBaseConfiguration$JpaWebConfiguration : spring.jpa.open-in-view is enabled by default. Therefore, database queries may be performed during view rendering. Explicitly configure spring.jpa.open-in-view to disable this warning
2026-06-13T17:31:22.626-04:00  WARN 19084 --- [pet-service] [restartedMain] o.s.b.d.a.OptionalLiveReloadServer       : Unable to start LiveReload server
2026-06-13T17:31:23.876-04:00  INFO 19084 --- [pet-service] [restartedMain] r$InitializeUserDetailsManagerConfigurer : Global AuthenticationManager configured with UserDetailsService bean with name customUserDetailsService
2026-06-13T17:31:24.085-04:00 DEBUG 19084 --- [pet-service] [restartedMain] s.w.s.m.m.a.RequestMappingHandlerMapping : 2 mappings in 'requestMappingHandlerMapping'
2026-06-13T17:31:24.648-04:00 DEBUG 19084 --- [pet-service] [restartedMain] o.s.w.s.handler.SimpleUrlHandlerMapping  : Patterns [/webjars/**, /**] in 'resourceHandlerMapping'
2026-06-13T17:31:25.628-04:00 DEBUG 19084 --- [pet-service] [restartedMain] s.w.s.m.m.a.RequestMappingHandlerAdapter : ControllerAdvice beans: 0 @ModelAttribute, 0 @InitBinder, 1 RequestBodyAdvice, 1 ResponseBodyAdvice
2026-06-13T17:31:25.748-04:00 DEBUG 19084 --- [pet-service] [restartedMain] .m.m.a.ExceptionHandlerExceptionResolver : ControllerAdvice beans: 1 @ExceptionHandler, 1 ResponseBodyAdvice
2026-06-13T17:31:26.419-04:00  INFO 19084 --- [pet-service] [restartedMain] o.s.b.a.h2.H2ConsoleAutoConfiguration    : H2 console available at '/h2-console'. Database available at 'jdbc:postgresql://localhost:5432/pet_db'
2026-06-13T17:31:27.814-04:00  INFO 19084 --- [pet-service] [restartedMain] o.s.cloud.commons.util.InetUtils         : Cannot determine local hostname
2026-06-13T17:31:28.011-04:00  INFO 19084 --- [pet-service] [restartedMain] o.s.b.w.embedded.tomcat.TomcatWebServer  : Tomcat started on port 8082 (http) with context path '/pet-app'
2026-06-13T17:31:28.256-04:00  INFO 19084 --- [pet-service] [File Watcher] rtingClassPathChangeChangedEventListener : Restarting due to 11 class path changes (1 addition, 0 deletions, 10 modifications)
2026-06-13T17:31:29.047-04:00  INFO 19084 --- [pet-service] [restartedMain] o.s.cloud.commons.util.InetUtils         : Cannot determine local hostname
2026-06-13T17:31:29.052-04:00  INFO 19084 --- [pet-service] [restartedMain] c.a.petservice.PetServiceApplication     : Started PetServiceApplication in 12.026 seconds (process running for 441.112)
2026-06-13T17:31:29.052-04:00  INFO 19084 --- [pet-service] [Thread-8] o.s.b.w.e.tomcat.GracefulShutdown        : Commencing graceful shutdown. Waiting for active requests to complete
2026-06-13T17:31:29.052-04:00  INFO 19084 --- [pet-service] [restartedMain] .ConditionEvaluationDeltaLoggingListener : Condition evaluation unchanged
2026-06-13T17:31:29.082-04:00  INFO 19084 --- [pet-service] [tomcat-shutdown] o.s.b.w.e.tomcat.GracefulShutdown        : Graceful shutdown complete
2026-06-13T17:31:29.091-04:00  INFO 19084 --- [pet-service] [Thread-8] j.LocalContainerEntityManagerFactoryBean : Closing JPA EntityManagerFactory for persistence unit 'default'
2026-06-13T17:31:29.093-04:00  INFO 19084 --- [pet-service] [Thread-8] com.zaxxer.hikari.HikariDataSource       : HikariPool-2 - Shutdown initiated...
2026-06-13T17:31:29.094-04:00  INFO 19084 --- [pet-service] [Thread-8] com.zaxxer.hikari.HikariDataSource       : HikariPool-2 - Shutdown completed.
2026-06-13T17:31:30.307-04:00  INFO 19084 --- [pet-service] [restartedMain] c.a.petservice.PetServiceApplication     : Starting PetServiceApplication using Java 26 with PID 19084 (C:\Users\camil\Documents\fullstack1\adoptapp\pet-service\target\classes started by camila in C:\Users\camil\Documents\fullstack1\adoptapp)
2026-06-13T17:31:30.308-04:00 DEBUG 19084 --- [pet-service] [restartedMain] c.a.petservice.PetServiceApplication     : Running with Spring Boot v3.4.5, Spring v6.2.6
2026-06-13T17:31:30.310-04:00  INFO 19084 --- [pet-service] [restartedMain] c.a.petservice.PetServiceApplication     : No active profile set, falling back to 1 default profile: "default"
2026-06-13T17:31:31.112-04:00  INFO 19084 --- [pet-service] [restartedMain] .s.d.r.c.RepositoryConfigurationDelegate : Bootstrapping Spring Data JPA repositories in DEFAULT mode.
2026-06-13T17:31:31.145-04:00  INFO 19084 --- [pet-service] [restartedMain] .s.d.r.c.RepositoryConfigurationDelegate : Finished Spring Data repository scanning in 31 ms. Found 2 JPA repository interfaces.
2026-06-13T17:31:31.302-04:00  INFO 19084 --- [pet-service] [restartedMain] o.s.cloud.context.scope.GenericScope     : BeanFactory id=6d57a12c-bde1-3e93-bded-90d89b62f3e2
2026-06-13T17:31:31.912-04:00  INFO 19084 --- [pet-service] [restartedMain] o.s.b.w.embedded.tomcat.TomcatWebServer  : Tomcat initialized with port 8082 (http)
2026-06-13T17:31:31.914-04:00  INFO 19084 --- [pet-service] [restartedMain] o.apache.catalina.core.StandardService   : Starting service [Tomcat]
2026-06-13T17:31:31.915-04:00  INFO 19084 --- [pet-service] [restartedMain] o.apache.catalina.core.StandardEngine    : Starting Servlet engine: [Apache Tomcat/10.1.40]
2026-06-13T17:31:31.990-04:00  INFO 19084 --- [pet-service] [restartedMain] o.a.c.c.C.[.[localhost].[/pet-app]       : Initializing Spring embedded WebApplicationContext
2026-06-13T17:31:31.991-04:00  INFO 19084 --- [pet-service] [restartedMain] w.s.c.ServletWebServerApplicationContext : Root WebApplicationContext: initialization completed in 1672 ms
2026-06-13T17:31:32.364-04:00  INFO 19084 --- [pet-service] [restartedMain] com.zaxxer.hikari.HikariDataSource       : HikariPool-3 - Starting...
2026-06-13T17:31:32.654-04:00  INFO 19084 --- [pet-service] [restartedMain] com.zaxxer.hikari.pool.HikariPool        : HikariPool-3 - Added connection org.postgresql.jdbc.PgConnection@463a6d9a
2026-06-13T17:31:32.654-04:00  INFO 19084 --- [pet-service] [restartedMain] com.zaxxer.hikari.HikariDataSource       : HikariPool-3 - Start completed.
2026-06-13T17:31:32.656-04:00  INFO 19084 --- [pet-service] [restartedMain] org.flywaydb.core.FlywayExecutor         : Database: jdbc:postgresql://localhost:5432/pet_db (PostgreSQL 18.3)
2026-06-13T17:31:32.664-04:00  WARN 19084 --- [pet-service] [restartedMain] o.f.c.internal.database.base.Database    : Flyway upgrade recommended: PostgreSQL 18.3 is newer than this version of Flyway and support has not been tested. The latest supported version of PostgreSQL is 17.
2026-06-13T17:31:32.691-04:00  INFO 19084 --- [pet-service] [restartedMain] o.f.core.internal.command.DbValidate     : Successfully validated 8 migrations (execution time 00:00.022s)
2026-06-13T17:31:32.936-04:00  INFO 19084 --- [pet-service] [restartedMain] o.f.core.internal.command.DbMigrate      : Current version of schema "public": 8
2026-06-13T17:31:32.936-04:00  INFO 19084 --- [pet-service] [restartedMain] o.f.core.internal.command.DbMigrate      : Schema "public" is up to date. No migration necessary.
2026-06-13T17:31:33.075-04:00  INFO 19084 --- [pet-service] [restartedMain] o.hibernate.jpa.internal.util.LogHelper  : HHH000204: Processing PersistenceUnitInfo [name: default]
2026-06-13T17:31:33.085-04:00  INFO 19084 --- [pet-service] [restartedMain] o.h.c.internal.RegionFactoryInitiator    : HHH000026: Second-level cache disabled
2026-06-13T17:31:33.107-04:00  INFO 19084 --- [pet-service] [restartedMain] o.s.o.j.p.SpringPersistenceUnitInfo      : No LoadTimeWeaver setup: ignoring JPA class transformer
2026-06-13T17:31:33.119-04:00  WARN 19084 --- [pet-service] [restartedMain] org.hibernate.orm.deprecation            : HHH90000025: PostgreSQLDialect does not need to be specified explicitly using 'hibernate.dialect' (remove the property setting and it will be selected by default)
2026-06-13T17:31:33.120-04:00  INFO 19084 --- [pet-service] [restartedMain] org.hibernate.orm.connections.pooling    : HHH10001005: Database info:
	Database JDBC URL [Connecting through datasource 'HikariDataSource (HikariPool-3)']
	Database driver: undefined/unknown
	Database version: 18.3
	Autocommit mode: undefined/unknown
	Isolation level: undefined/unknown
	Minimum pool size: undefined/unknown
	Maximum pool size: undefined/unknown
2026-06-13T17:31:33.272-04:00  INFO 19084 --- [pet-service] [restartedMain] o.h.e.t.j.p.i.JtaPlatformInitiator       : HHH000489: No JTA platform available (set 'hibernate.transaction.jta.platform' to enable JTA platform integration)
2026-06-13T17:31:33.296-04:00  INFO 19084 --- [pet-service] [restartedMain] j.LocalContainerEntityManagerFactoryBean : Initialized JPA EntityManagerFactory for persistence unit 'default'
2026-06-13T17:31:33.567-04:00  WARN 19084 --- [pet-service] [restartedMain] JpaBaseConfiguration$JpaWebConfiguration : spring.jpa.open-in-view is enabled by default. Therefore, database queries may be performed during view rendering. Explicitly configure spring.jpa.open-in-view to disable this warning
2026-06-13T17:31:33.791-04:00  WARN 19084 --- [pet-service] [restartedMain] o.s.b.d.a.OptionalLiveReloadServer       : Unable to start LiveReload server
2026-06-13T17:31:34.506-04:00  INFO 19084 --- [pet-service] [restartedMain] r$InitializeUserDetailsManagerConfigurer : Global AuthenticationManager configured with UserDetailsService bean with name customUserDetailsService
2026-06-13T17:31:34.649-04:00 DEBUG 19084 --- [pet-service] [restartedMain] s.w.s.m.m.a.RequestMappingHandlerMapping : 12 mappings in 'requestMappingHandlerMapping'
2026-06-13T17:31:34.979-04:00 DEBUG 19084 --- [pet-service] [restartedMain] o.s.w.s.handler.SimpleUrlHandlerMapping  : Patterns [/webjars/**, /**] in 'resourceHandlerMapping'
2026-06-13T17:31:35.502-04:00 DEBUG 19084 --- [pet-service] [restartedMain] s.w.s.m.m.a.RequestMappingHandlerAdapter : ControllerAdvice beans: 0 @ModelAttribute, 0 @InitBinder, 1 RequestBodyAdvice, 1 ResponseBodyAdvice
2026-06-13T17:31:35.600-04:00 DEBUG 19084 --- [pet-service] [restartedMain] .m.m.a.ExceptionHandlerExceptionResolver : ControllerAdvice beans: 1 @ExceptionHandler, 1 ResponseBodyAdvice
2026-06-13T17:31:36.060-04:00  INFO 19084 --- [pet-service] [restartedMain] o.s.b.a.h2.H2ConsoleAutoConfiguration    : H2 console available at '/h2-console'. Database available at 'jdbc:postgresql://localhost:5432/pet_db'
2026-06-13T17:31:37.291-04:00  INFO 19084 --- [pet-service] [restartedMain] o.s.cloud.commons.util.InetUtils         : Cannot determine local hostname
2026-06-13T17:31:37.386-04:00  INFO 19084 --- [pet-service] [restartedMain] o.s.b.w.embedded.tomcat.TomcatWebServer  : Tomcat started on port 8082 (http) with context path '/pet-app'
2026-06-13T17:31:38.400-04:00  INFO 19084 --- [pet-service] [restartedMain] o.s.cloud.commons.util.InetUtils         : Cannot determine local hostname
2026-06-13T17:31:38.404-04:00  INFO 19084 --- [pet-service] [restartedMain] c.a.petservice.PetServiceApplication     : Started PetServiceApplication in 9.232 seconds (process running for 450.463)
2026-06-13T17:31:38.406-04:00  INFO 19084 --- [pet-service] [restartedMain] .ConditionEvaluationDeltaLoggingListener : Condition evaluation unchanged
2026-06-13T17:31:55.565-04:00  INFO 19084 --- [pet-service] [SpringApplicationShutdownHook] o.s.b.w.e.tomcat.GracefulShutdown        : Commencing graceful shutdown. Waiting for active requests to complete
2026-06-13T17:31:55.586-04:00  INFO 19084 --- [pet-service] [tomcat-shutdown] o.s.b.w.e.tomcat.GracefulShutdown        : Graceful shutdown complete
2026-06-13T17:31:55.591-04:00  INFO 19084 --- [pet-service] [SpringApplicationShutdownHook] j.LocalContainerEntityManagerFactoryBean : Closing JPA EntityManagerFactory for persistence unit 'default'
2026-06-13T17:31:55.592-04:00  INFO 19084 --- [pet-service] [SpringApplicationShutdownHook] com.zaxxer.hikari.HikariDataSource       : HikariPool-3 - Shutdown initiated...
2026-06-13T17:31:55.595-04:00  INFO 19084 --- [pet-service] [SpringApplicationShutdownHook] com.zaxxer.hikari.HikariDataSource       : HikariPool-3 - Shutdown completed.
