2026-06-13T16:36:29.799-04:00  INFO 26180 --- [staff-service] [main] c.a.s.StaffServiceApplication            : Starting StaffServiceApplication using Java 26 with PID 26180 (C:\Users\camil\Documents\fullstack1\adoptapp\staff-service\target\classes started by camila in C:\Users\camil\Documents\fullstack1\adoptapp)
2026-06-13T16:36:29.805-04:00 DEBUG 26180 --- [staff-service] [main] c.a.s.StaffServiceApplication            : Running with Spring Boot v3.4.5, Spring v6.2.6
2026-06-13T16:36:29.806-04:00  INFO 26180 --- [staff-service] [main] c.a.s.StaffServiceApplication            : No active profile set, falling back to 1 default profile: "default"
2026-06-13T16:36:30.744-04:00  INFO 26180 --- [staff-service] [main] .s.d.r.c.RepositoryConfigurationDelegate : Bootstrapping Spring Data JPA repositories in DEFAULT mode.
2026-06-13T16:36:30.812-04:00  INFO 26180 --- [staff-service] [main] .s.d.r.c.RepositoryConfigurationDelegate : Finished Spring Data repository scanning in 58 ms. Found 2 JPA repository interfaces.
2026-06-13T16:36:31.117-04:00  INFO 26180 --- [staff-service] [main] o.s.cloud.context.scope.GenericScope     : BeanFactory id=af2d3227-1866-38e1-b270-362eb035523f
2026-06-13T16:36:32.139-04:00  INFO 26180 --- [staff-service] [main] o.s.b.w.embedded.tomcat.TomcatWebServer  : Tomcat initialized with port 8091 (http)
2026-06-13T16:36:32.155-04:00  INFO 26180 --- [staff-service] [main] o.apache.catalina.core.StandardService   : Starting service [Tomcat]
2026-06-13T16:36:32.155-04:00  INFO 26180 --- [staff-service] [main] o.apache.catalina.core.StandardEngine    : Starting Servlet engine: [Apache Tomcat/10.1.40]
2026-06-13T16:36:32.225-04:00  INFO 26180 --- [staff-service] [main] o.a.c.c.C.[.[localhost].[/staff-app]     : Initializing Spring embedded WebApplicationContext
2026-06-13T16:36:32.225-04:00  INFO 26180 --- [staff-service] [main] w.s.c.ServletWebServerApplicationContext : Root WebApplicationContext: initialization completed in 2354 ms
2026-06-13T16:36:32.507-04:00  INFO 26180 --- [staff-service] [main] com.zaxxer.hikari.HikariDataSource       : HikariPool-1 - Starting...
2026-06-13T16:36:33.251-04:00  INFO 26180 --- [staff-service] [main] com.zaxxer.hikari.pool.HikariPool        : HikariPool-1 - Added connection org.postgresql.jdbc.PgConnection@6a278584
2026-06-13T16:36:33.252-04:00  INFO 26180 --- [staff-service] [main] com.zaxxer.hikari.HikariDataSource       : HikariPool-1 - Start completed.
2026-06-13T16:36:33.273-04:00  INFO 26180 --- [staff-service] [main] org.flywaydb.core.FlywayExecutor         : Database: jdbc:postgresql://localhost:5432/staff_db (PostgreSQL 18.3)
2026-06-13T16:36:33.285-04:00  WARN 26180 --- [staff-service] [main] o.f.c.internal.database.base.Database    : Flyway upgrade recommended: PostgreSQL 18.3 is newer than this version of Flyway and support has not been tested. The latest supported version of PostgreSQL is 17.
2026-06-13T16:36:33.325-04:00  INFO 26180 --- [staff-service] [main] o.f.core.internal.command.DbValidate     : Successfully validated 2 migrations (execution time 00:00.029s)
2026-06-13T16:36:33.516-04:00  INFO 26180 --- [staff-service] [main] o.f.core.internal.command.DbMigrate      : Current version of schema "public": 2
2026-06-13T16:36:33.519-04:00  INFO 26180 --- [staff-service] [main] o.f.core.internal.command.DbMigrate      : Schema "public" is up to date. No migration necessary.
2026-06-13T16:36:33.659-04:00  INFO 26180 --- [staff-service] [main] o.hibernate.jpa.internal.util.LogHelper  : HHH000204: Processing PersistenceUnitInfo [name: default]
2026-06-13T16:36:33.722-04:00  INFO 26180 --- [staff-service] [main] org.hibernate.Version                    : HHH000412: Hibernate ORM core version 6.6.13.Final
2026-06-13T16:36:33.755-04:00  INFO 26180 --- [staff-service] [main] o.h.c.internal.RegionFactoryInitiator    : HHH000026: Second-level cache disabled
2026-06-13T16:36:34.101-04:00  INFO 26180 --- [staff-service] [main] o.s.o.j.p.SpringPersistenceUnitInfo      : No LoadTimeWeaver setup: ignoring JPA class transformer
2026-06-13T16:36:34.186-04:00  WARN 26180 --- [staff-service] [main] org.hibernate.orm.deprecation            : HHH90000025: PostgreSQLDialect does not need to be specified explicitly using 'hibernate.dialect' (remove the property setting and it will be selected by default)
2026-06-13T16:36:34.205-04:00  INFO 26180 --- [staff-service] [main] org.hibernate.orm.connections.pooling    : HHH10001005: Database info:
	Database JDBC URL [Connecting through datasource 'HikariDataSource (HikariPool-1)']
	Database driver: undefined/unknown
	Database version: 18.3
	Autocommit mode: undefined/unknown
	Isolation level: undefined/unknown
	Minimum pool size: undefined/unknown
	Maximum pool size: undefined/unknown
2026-06-13T16:36:35.434-04:00  INFO 26180 --- [staff-service] [main] o.h.e.t.j.p.i.JtaPlatformInitiator       : HHH000489: No JTA platform available (set 'hibernate.transaction.jta.platform' to enable JTA platform integration)
2026-06-13T16:36:35.500-04:00  INFO 26180 --- [staff-service] [main] j.LocalContainerEntityManagerFactoryBean : Initialized JPA EntityManagerFactory for persistence unit 'default'
2026-06-13T16:36:35.693-04:00  WARN 26180 --- [staff-service] [main] JpaBaseConfiguration$JpaWebConfiguration : spring.jpa.open-in-view is enabled by default. Therefore, database queries may be performed during view rendering. Explicitly configure spring.jpa.open-in-view to disable this warning
2026-06-13T16:36:36.814-04:00  INFO 26180 --- [staff-service] [main] r$InitializeUserDetailsManagerConfigurer : Global AuthenticationManager configured with UserDetailsService bean with name customUserDetailsService
2026-06-13T16:36:36.992-04:00 DEBUG 26180 --- [staff-service] [main] s.w.s.m.m.a.RequestMappingHandlerMapping : 9 mappings in 'requestMappingHandlerMapping'
2026-06-13T16:36:37.182-04:00 DEBUG 26180 --- [staff-service] [main] o.s.w.s.handler.SimpleUrlHandlerMapping  : Patterns [/webjars/**, /**] in 'resourceHandlerMapping'
2026-06-13T16:36:37.620-04:00 DEBUG 26180 --- [staff-service] [main] s.w.s.m.m.a.RequestMappingHandlerAdapter : ControllerAdvice beans: 0 @ModelAttribute, 0 @InitBinder, 1 RequestBodyAdvice, 1 ResponseBodyAdvice
2026-06-13T16:36:37.755-04:00 DEBUG 26180 --- [staff-service] [main] .m.m.a.ExceptionHandlerExceptionResolver : ControllerAdvice beans: 1 @ExceptionHandler, 1 ResponseBodyAdvice
2026-06-13T16:36:39.422-04:00  INFO 26180 --- [staff-service] [main] o.s.cloud.commons.util.InetUtils         : Cannot determine local hostname
2026-06-13T16:36:39.588-04:00  INFO 26180 --- [staff-service] [main] o.s.b.w.embedded.tomcat.TomcatWebServer  : Tomcat started on port 8091 (http) with context path '/staff-app'
2026-06-13T16:36:40.597-04:00  INFO 26180 --- [staff-service] [main] o.s.cloud.commons.util.InetUtils         : Cannot determine local hostname
2026-06-13T16:36:40.609-04:00  INFO 26180 --- [staff-service] [main] c.a.s.StaffServiceApplication            : Started StaffServiceApplication in 12.496 seconds (process running for 13.462)
2026-06-13T16:39:12.169-04:00  INFO 26180 --- [staff-service] [SpringApplicationShutdownHook] o.s.b.w.e.tomcat.GracefulShutdown        : Commencing graceful shutdown. Waiting for active requests to complete
2026-06-13T16:39:12.190-04:00  INFO 26180 --- [staff-service] [tomcat-shutdown] o.s.b.w.e.tomcat.GracefulShutdown        : Graceful shutdown complete
2026-06-13T16:39:12.203-04:00  INFO 26180 --- [staff-service] [SpringApplicationShutdownHook] j.LocalContainerEntityManagerFactoryBean : Closing JPA EntityManagerFactory for persistence unit 'default'
2026-06-13T16:39:12.209-04:00  INFO 26180 --- [staff-service] [SpringApplicationShutdownHook] com.zaxxer.hikari.HikariDataSource       : HikariPool-1 - Shutdown initiated...
2026-06-13T16:39:12.212-04:00  INFO 26180 --- [staff-service] [SpringApplicationShutdownHook] com.zaxxer.hikari.HikariDataSource       : HikariPool-1 - Shutdown completed.
2026-06-13T16:50:58.456-04:00  INFO 28332 --- [staff-service] [main] c.a.s.StaffServiceApplication            : Starting StaffServiceApplication using Java 26 with PID 28332 (C:\Users\camil\Documents\fullstack1\adoptapp\staff-service\target\classes started by camila in C:\Users\camil\Documents\fullstack1\adoptapp)
2026-06-13T16:50:58.458-04:00 DEBUG 28332 --- [staff-service] [main] c.a.s.StaffServiceApplication            : Running with Spring Boot v3.4.5, Spring v6.2.6
2026-06-13T16:50:58.458-04:00  INFO 28332 --- [staff-service] [main] c.a.s.StaffServiceApplication            : No active profile set, falling back to 1 default profile: "default"
2026-06-13T16:50:59.179-04:00  INFO 28332 --- [staff-service] [main] .s.d.r.c.RepositoryConfigurationDelegate : Bootstrapping Spring Data JPA repositories in DEFAULT mode.
2026-06-13T16:50:59.227-04:00  INFO 28332 --- [staff-service] [main] .s.d.r.c.RepositoryConfigurationDelegate : Finished Spring Data repository scanning in 41 ms. Found 2 JPA repository interfaces.
2026-06-13T16:50:59.433-04:00  INFO 28332 --- [staff-service] [main] o.s.cloud.context.scope.GenericScope     : BeanFactory id=af2d3227-1866-38e1-b270-362eb035523f
2026-06-13T16:50:59.935-04:00  INFO 28332 --- [staff-service] [main] o.s.b.w.embedded.tomcat.TomcatWebServer  : Tomcat initialized with port 8091 (http)
2026-06-13T16:50:59.948-04:00  INFO 28332 --- [staff-service] [main] o.apache.catalina.core.StandardService   : Starting service [Tomcat]
2026-06-13T16:50:59.948-04:00  INFO 28332 --- [staff-service] [main] o.apache.catalina.core.StandardEngine    : Starting Servlet engine: [Apache Tomcat/10.1.40]
2026-06-13T16:50:59.999-04:00  INFO 28332 --- [staff-service] [main] o.a.c.c.C.[.[localhost].[/staff-app]     : Initializing Spring embedded WebApplicationContext
2026-06-13T16:51:00.000-04:00  INFO 28332 --- [staff-service] [main] w.s.c.ServletWebServerApplicationContext : Root WebApplicationContext: initialization completed in 1507 ms
2026-06-13T16:51:00.245-04:00  INFO 28332 --- [staff-service] [main] com.zaxxer.hikari.HikariDataSource       : HikariPool-1 - Starting...
2026-06-13T16:51:00.403-04:00  INFO 28332 --- [staff-service] [main] com.zaxxer.hikari.pool.HikariPool        : HikariPool-1 - Added connection org.postgresql.jdbc.PgConnection@4b5798c2
2026-06-13T16:51:00.405-04:00  INFO 28332 --- [staff-service] [main] com.zaxxer.hikari.HikariDataSource       : HikariPool-1 - Start completed.
2026-06-13T16:51:00.424-04:00  INFO 28332 --- [staff-service] [main] org.flywaydb.core.FlywayExecutor         : Database: jdbc:postgresql://localhost:5432/staff_db (PostgreSQL 18.3)
2026-06-13T16:51:00.431-04:00  WARN 28332 --- [staff-service] [main] o.f.c.internal.database.base.Database    : Flyway upgrade recommended: PostgreSQL 18.3 is newer than this version of Flyway and support has not been tested. The latest supported version of PostgreSQL is 17.
2026-06-13T16:51:00.451-04:00  INFO 28332 --- [staff-service] [main] o.f.c.i.s.JdbcTableSchemaHistory         : Schema history table "public"."flyway_schema_history" does not exist yet
2026-06-13T16:51:00.453-04:00  INFO 28332 --- [staff-service] [main] o.f.core.internal.command.DbValidate     : Successfully validated 2 migrations (execution time 00:00.013s)
2026-06-13T16:51:00.463-04:00  INFO 28332 --- [staff-service] [main] org.flywaydb.core.Flyway                 : All configured schemas are empty; baseline operation skipped. A baseline or migration script with a lower version than the baseline version may execute if available. Check the Schemas parameter if this is not intended.
2026-06-13T16:51:00.467-04:00  INFO 28332 --- [staff-service] [main] o.f.c.i.s.JdbcTableSchemaHistory         : Creating Schema History table "public"."flyway_schema_history" ...
2026-06-13T16:51:00.589-04:00  INFO 28332 --- [staff-service] [main] o.f.core.internal.command.DbMigrate      : Current version of schema "public": << Empty Schema >>
2026-06-13T16:51:00.598-04:00  INFO 28332 --- [staff-service] [main] o.f.core.internal.command.DbMigrate      : Migrating schema "public" to version "1 - create staff table"
2026-06-13T16:51:00.633-04:00  INFO 28332 --- [staff-service] [main] o.f.core.internal.command.DbMigrate      : Migrating schema "public" to version "2 - seed staff"
2026-06-13T16:51:00.645-04:00  INFO 28332 --- [staff-service] [main] o.f.core.internal.command.DbMigrate      : Successfully applied 2 migrations to schema "public", now at version v2 (execution time 00:00.026s)
2026-06-13T16:51:00.747-04:00  INFO 28332 --- [staff-service] [main] o.hibernate.jpa.internal.util.LogHelper  : HHH000204: Processing PersistenceUnitInfo [name: default]
2026-06-13T16:51:00.801-04:00  INFO 28332 --- [staff-service] [main] org.hibernate.Version                    : HHH000412: Hibernate ORM core version 6.6.13.Final
2026-06-13T16:51:00.829-04:00  INFO 28332 --- [staff-service] [main] o.h.c.internal.RegionFactoryInitiator    : HHH000026: Second-level cache disabled
2026-06-13T16:51:01.044-04:00  INFO 28332 --- [staff-service] [main] o.s.o.j.p.SpringPersistenceUnitInfo      : No LoadTimeWeaver setup: ignoring JPA class transformer
2026-06-13T16:51:01.084-04:00  WARN 28332 --- [staff-service] [main] org.hibernate.orm.deprecation            : HHH90000025: PostgreSQLDialect does not need to be specified explicitly using 'hibernate.dialect' (remove the property setting and it will be selected by default)
2026-06-13T16:51:01.093-04:00  INFO 28332 --- [staff-service] [main] org.hibernate.orm.connections.pooling    : HHH10001005: Database info:
	Database JDBC URL [Connecting through datasource 'HikariDataSource (HikariPool-1)']
	Database driver: undefined/unknown
	Database version: 18.3
	Autocommit mode: undefined/unknown
	Isolation level: undefined/unknown
	Minimum pool size: undefined/unknown
	Maximum pool size: undefined/unknown
2026-06-13T16:51:01.771-04:00  INFO 28332 --- [staff-service] [main] o.h.e.t.j.p.i.JtaPlatformInitiator       : HHH000489: No JTA platform available (set 'hibernate.transaction.jta.platform' to enable JTA platform integration)
2026-06-13T16:51:01.800-04:00  INFO 28332 --- [staff-service] [main] j.LocalContainerEntityManagerFactoryBean : Initialized JPA EntityManagerFactory for persistence unit 'default'
2026-06-13T16:51:01.927-04:00  WARN 28332 --- [staff-service] [main] JpaBaseConfiguration$JpaWebConfiguration : spring.jpa.open-in-view is enabled by default. Therefore, database queries may be performed during view rendering. Explicitly configure spring.jpa.open-in-view to disable this warning
2026-06-13T16:51:02.664-04:00  INFO 28332 --- [staff-service] [main] r$InitializeUserDetailsManagerConfigurer : Global AuthenticationManager configured with UserDetailsService bean with name customUserDetailsService
2026-06-13T16:51:02.832-04:00 DEBUG 28332 --- [staff-service] [main] s.w.s.m.m.a.RequestMappingHandlerMapping : 9 mappings in 'requestMappingHandlerMapping'
2026-06-13T16:51:03.019-04:00 DEBUG 28332 --- [staff-service] [main] o.s.w.s.handler.SimpleUrlHandlerMapping  : Patterns [/webjars/**, /**] in 'resourceHandlerMapping'
2026-06-13T16:51:03.298-04:00 DEBUG 28332 --- [staff-service] [main] s.w.s.m.m.a.RequestMappingHandlerAdapter : ControllerAdvice beans: 0 @ModelAttribute, 0 @InitBinder, 1 RequestBodyAdvice, 1 ResponseBodyAdvice
2026-06-13T16:51:03.355-04:00 DEBUG 28332 --- [staff-service] [main] .m.m.a.ExceptionHandlerExceptionResolver : ControllerAdvice beans: 1 @ExceptionHandler, 1 ResponseBodyAdvice
2026-06-13T16:51:04.626-04:00  INFO 28332 --- [staff-service] [main] o.s.cloud.commons.util.InetUtils         : Cannot determine local hostname
2026-06-13T16:51:04.705-04:00  INFO 28332 --- [staff-service] [main] o.s.b.w.embedded.tomcat.TomcatWebServer  : Tomcat started on port 8091 (http) with context path '/staff-app'
2026-06-13T16:51:05.711-04:00  INFO 28332 --- [staff-service] [main] o.s.cloud.commons.util.InetUtils         : Cannot determine local hostname
2026-06-13T16:51:05.717-04:00  INFO 28332 --- [staff-service] [main] c.a.s.StaffServiceApplication            : Started StaffServiceApplication in 8.821 seconds (process running for 9.601)
2026-06-13T17:18:40.737-04:00  INFO 28332 --- [staff-service] [SpringApplicationShutdownHook] o.s.b.w.e.tomcat.GracefulShutdown        : Commencing graceful shutdown. Waiting for active requests to complete
2026-06-13T17:18:40.775-04:00  INFO 28332 --- [staff-service] [tomcat-shutdown] o.s.b.w.e.tomcat.GracefulShutdown        : Graceful shutdown complete
2026-06-13T17:18:40.795-04:00  INFO 28332 --- [staff-service] [SpringApplicationShutdownHook] j.LocalContainerEntityManagerFactoryBean : Closing JPA EntityManagerFactory for persistence unit 'default'
2026-06-13T17:18:40.810-04:00  INFO 28332 --- [staff-service] [SpringApplicationShutdownHook] com.zaxxer.hikari.HikariDataSource       : HikariPool-1 - Shutdown initiated...
2026-06-13T17:18:40.818-04:00  INFO 28332 --- [staff-service] [SpringApplicationShutdownHook] com.zaxxer.hikari.HikariDataSource       : HikariPool-1 - Shutdown completed.
2026-06-13T17:24:29.106-04:00  INFO 31444 --- [staff-service] [main] c.a.s.StaffServiceApplication            : Starting StaffServiceApplication using Java 26 with PID 31444 (C:\Users\camil\Documents\fullstack1\adoptapp\staff-service\target\classes started by camila in C:\Users\camil\Documents\fullstack1\adoptapp)
2026-06-13T17:24:29.111-04:00 DEBUG 31444 --- [staff-service] [main] c.a.s.StaffServiceApplication            : Running with Spring Boot v3.4.5, Spring v6.2.6
2026-06-13T17:24:29.111-04:00  INFO 31444 --- [staff-service] [main] c.a.s.StaffServiceApplication            : No active profile set, falling back to 1 default profile: "default"
2026-06-13T17:24:30.614-04:00  INFO 31444 --- [staff-service] [main] .s.d.r.c.RepositoryConfigurationDelegate : Bootstrapping Spring Data JPA repositories in DEFAULT mode.
2026-06-13T17:24:30.741-04:00  INFO 31444 --- [staff-service] [main] .s.d.r.c.RepositoryConfigurationDelegate : Finished Spring Data repository scanning in 109 ms. Found 2 JPA repository interfaces.
2026-06-13T17:24:31.297-04:00  INFO 31444 --- [staff-service] [main] o.s.cloud.context.scope.GenericScope     : BeanFactory id=af2d3227-1866-38e1-b270-362eb035523f
2026-06-13T17:24:32.455-04:00  INFO 31444 --- [staff-service] [main] o.s.b.w.embedded.tomcat.TomcatWebServer  : Tomcat initialized with port 8091 (http)
2026-06-13T17:24:32.475-04:00  INFO 31444 --- [staff-service] [main] o.apache.catalina.core.StandardService   : Starting service [Tomcat]
2026-06-13T17:24:32.475-04:00  INFO 31444 --- [staff-service] [main] o.apache.catalina.core.StandardEngine    : Starting Servlet engine: [Apache Tomcat/10.1.40]
2026-06-13T17:24:32.589-04:00  INFO 31444 --- [staff-service] [main] o.a.c.c.C.[.[localhost].[/staff-app]     : Initializing Spring embedded WebApplicationContext
2026-06-13T17:24:32.589-04:00  INFO 31444 --- [staff-service] [main] w.s.c.ServletWebServerApplicationContext : Root WebApplicationContext: initialization completed in 3380 ms
2026-06-13T17:24:33.161-04:00  INFO 31444 --- [staff-service] [main] com.zaxxer.hikari.HikariDataSource       : HikariPool-1 - Starting...
2026-06-13T17:24:33.428-04:00  INFO 31444 --- [staff-service] [main] com.zaxxer.hikari.pool.HikariPool        : HikariPool-1 - Added connection org.postgresql.jdbc.PgConnection@2d4f67e
2026-06-13T17:24:33.428-04:00  INFO 31444 --- [staff-service] [main] com.zaxxer.hikari.HikariDataSource       : HikariPool-1 - Start completed.
2026-06-13T17:24:33.468-04:00  INFO 31444 --- [staff-service] [main] org.flywaydb.core.FlywayExecutor         : Database: jdbc:postgresql://localhost:5432/staff_db (PostgreSQL 18.3)
2026-06-13T17:24:33.481-04:00  WARN 31444 --- [staff-service] [main] o.f.c.internal.database.base.Database    : Flyway upgrade recommended: PostgreSQL 18.3 is newer than this version of Flyway and support has not been tested. The latest supported version of PostgreSQL is 17.
2026-06-13T17:24:33.543-04:00  INFO 31444 --- [staff-service] [main] o.f.core.internal.command.DbValidate     : Successfully validated 2 migrations (execution time 00:00.042s)
2026-06-13T17:24:33.661-04:00  INFO 31444 --- [staff-service] [main] o.f.core.internal.command.DbMigrate      : Current version of schema "public": 2
2026-06-13T17:24:33.666-04:00  INFO 31444 --- [staff-service] [main] o.f.core.internal.command.DbMigrate      : Schema "public" is up to date. No migration necessary.
2026-06-13T17:24:33.863-04:00  INFO 31444 --- [staff-service] [main] o.hibernate.jpa.internal.util.LogHelper  : HHH000204: Processing PersistenceUnitInfo [name: default]
2026-06-13T17:24:33.962-04:00  INFO 31444 --- [staff-service] [main] org.hibernate.Version                    : HHH000412: Hibernate ORM core version 6.6.13.Final
2026-06-13T17:24:34.016-04:00  INFO 31444 --- [staff-service] [main] o.h.c.internal.RegionFactoryInitiator    : HHH000026: Second-level cache disabled
2026-06-13T17:24:34.438-04:00  INFO 31444 --- [staff-service] [main] o.s.o.j.p.SpringPersistenceUnitInfo      : No LoadTimeWeaver setup: ignoring JPA class transformer
2026-06-13T17:24:34.527-04:00  WARN 31444 --- [staff-service] [main] org.hibernate.orm.deprecation            : HHH90000025: PostgreSQLDialect does not need to be specified explicitly using 'hibernate.dialect' (remove the property setting and it will be selected by default)
2026-06-13T17:24:34.543-04:00  INFO 31444 --- [staff-service] [main] org.hibernate.orm.connections.pooling    : HHH10001005: Database info:
	Database JDBC URL [Connecting through datasource 'HikariDataSource (HikariPool-1)']
	Database driver: undefined/unknown
	Database version: 18.3
	Autocommit mode: undefined/unknown
	Isolation level: undefined/unknown
	Minimum pool size: undefined/unknown
	Maximum pool size: undefined/unknown
2026-06-13T17:24:36.093-04:00  INFO 31444 --- [staff-service] [main] o.h.e.t.j.p.i.JtaPlatformInitiator       : HHH000489: No JTA platform available (set 'hibernate.transaction.jta.platform' to enable JTA platform integration)
2026-06-13T17:24:36.162-04:00  INFO 31444 --- [staff-service] [main] j.LocalContainerEntityManagerFactoryBean : Initialized JPA EntityManagerFactory for persistence unit 'default'
2026-06-13T17:24:36.437-04:00  WARN 31444 --- [staff-service] [main] JpaBaseConfiguration$JpaWebConfiguration : spring.jpa.open-in-view is enabled by default. Therefore, database queries may be performed during view rendering. Explicitly configure spring.jpa.open-in-view to disable this warning
2026-06-13T17:24:37.743-04:00  INFO 31444 --- [staff-service] [main] r$InitializeUserDetailsManagerConfigurer : Global AuthenticationManager configured with UserDetailsService bean with name customUserDetailsService
2026-06-13T17:24:38.043-04:00 DEBUG 31444 --- [staff-service] [main] s.w.s.m.m.a.RequestMappingHandlerMapping : 9 mappings in 'requestMappingHandlerMapping'
2026-06-13T17:24:38.357-04:00 DEBUG 31444 --- [staff-service] [main] o.s.w.s.handler.SimpleUrlHandlerMapping  : Patterns [/webjars/**, /**] in 'resourceHandlerMapping'
2026-06-13T17:24:38.852-04:00 DEBUG 31444 --- [staff-service] [main] s.w.s.m.m.a.RequestMappingHandlerAdapter : ControllerAdvice beans: 0 @ModelAttribute, 0 @InitBinder, 1 RequestBodyAdvice, 1 ResponseBodyAdvice
2026-06-13T17:24:38.947-04:00 DEBUG 31444 --- [staff-service] [main] .m.m.a.ExceptionHandlerExceptionResolver : ControllerAdvice beans: 1 @ExceptionHandler, 1 ResponseBodyAdvice
2026-06-13T17:24:40.508-04:00  INFO 31444 --- [staff-service] [main] o.s.cloud.commons.util.InetUtils         : Cannot determine local hostname
2026-06-13T17:24:40.865-04:00  INFO 31444 --- [staff-service] [main] o.s.b.w.embedded.tomcat.TomcatWebServer  : Tomcat started on port 8091 (http) with context path '/staff-app'
2026-06-13T17:24:41.874-04:00  INFO 31444 --- [staff-service] [main] o.s.cloud.commons.util.InetUtils         : Cannot determine local hostname
2026-06-13T17:24:41.886-04:00  INFO 31444 --- [staff-service] [main] c.a.s.StaffServiceApplication            : Started StaffServiceApplication in 14.702 seconds (process running for 16.021)
2026-06-13T17:31:55.597-04:00  INFO 31444 --- [staff-service] [SpringApplicationShutdownHook] o.s.b.w.e.tomcat.GracefulShutdown        : Commencing graceful shutdown. Waiting for active requests to complete
2026-06-13T17:31:55.633-04:00  INFO 31444 --- [staff-service] [tomcat-shutdown] o.s.b.w.e.tomcat.GracefulShutdown        : Graceful shutdown complete
2026-06-13T17:31:55.642-04:00  INFO 31444 --- [staff-service] [SpringApplicationShutdownHook] j.LocalContainerEntityManagerFactoryBean : Closing JPA EntityManagerFactory for persistence unit 'default'
2026-06-13T17:31:55.646-04:00  INFO 31444 --- [staff-service] [SpringApplicationShutdownHook] com.zaxxer.hikari.HikariDataSource       : HikariPool-1 - Shutdown initiated...
2026-06-13T17:31:55.650-04:00  INFO 31444 --- [staff-service] [SpringApplicationShutdownHook] com.zaxxer.hikari.HikariDataSource       : HikariPool-1 - Shutdown completed.
