2026-06-13T16:36:36.102-04:00  INFO 28516 --- [supply-service] [main] c.a.s.SupplyServiceApplication           : Starting SupplyServiceApplication using Java 26 with PID 28516 (C:\Users\camil\Documents\fullstack1\adoptapp\supply-service\target\classes started by camila in C:\Users\camil\Documents\fullstack1\adoptapp)
2026-06-13T16:36:36.108-04:00 DEBUG 28516 --- [supply-service] [main] c.a.s.SupplyServiceApplication           : Running with Spring Boot v3.4.5, Spring v6.2.6
2026-06-13T16:36:36.109-04:00  INFO 28516 --- [supply-service] [main] c.a.s.SupplyServiceApplication           : No active profile set, falling back to 1 default profile: "default"
2026-06-13T16:36:37.071-04:00  INFO 28516 --- [supply-service] [main] .s.d.r.c.RepositoryConfigurationDelegate : Bootstrapping Spring Data JPA repositories in DEFAULT mode.
2026-06-13T16:36:37.134-04:00  INFO 28516 --- [supply-service] [main] .s.d.r.c.RepositoryConfigurationDelegate : Finished Spring Data repository scanning in 52 ms. Found 2 JPA repository interfaces.
2026-06-13T16:36:37.475-04:00  INFO 28516 --- [supply-service] [main] o.s.cloud.context.scope.GenericScope     : BeanFactory id=e4389303-8311-390a-9cf1-c04668fe3e2f
2026-06-13T16:36:38.537-04:00  INFO 28516 --- [supply-service] [main] o.s.b.w.embedded.tomcat.TomcatWebServer  : Tomcat initialized with port 8092 (http)
2026-06-13T16:36:38.555-04:00  INFO 28516 --- [supply-service] [main] o.apache.catalina.core.StandardService   : Starting service [Tomcat]
2026-06-13T16:36:38.556-04:00  INFO 28516 --- [supply-service] [main] o.apache.catalina.core.StandardEngine    : Starting Servlet engine: [Apache Tomcat/10.1.40]
2026-06-13T16:36:38.645-04:00  INFO 28516 --- [supply-service] [main] o.a.c.c.C.[.[localhost].[/supply-app]    : Initializing Spring embedded WebApplicationContext
2026-06-13T16:36:38.645-04:00  INFO 28516 --- [supply-service] [main] w.s.c.ServletWebServerApplicationContext : Root WebApplicationContext: initialization completed in 2474 ms
2026-06-13T16:36:39.030-04:00  INFO 28516 --- [supply-service] [main] com.zaxxer.hikari.HikariDataSource       : HikariPool-1 - Starting...
2026-06-13T16:36:39.348-04:00  INFO 28516 --- [supply-service] [main] com.zaxxer.hikari.pool.HikariPool        : HikariPool-1 - Added connection org.postgresql.jdbc.PgConnection@5871a482
2026-06-13T16:36:39.350-04:00  INFO 28516 --- [supply-service] [main] com.zaxxer.hikari.HikariDataSource       : HikariPool-1 - Start completed.
2026-06-13T16:36:39.396-04:00  INFO 28516 --- [supply-service] [main] org.flywaydb.core.FlywayExecutor         : Database: jdbc:postgresql://localhost:5432/supply_db (PostgreSQL 18.3)
2026-06-13T16:36:39.413-04:00  WARN 28516 --- [supply-service] [main] o.f.c.internal.database.base.Database    : Flyway upgrade recommended: PostgreSQL 18.3 is newer than this version of Flyway and support has not been tested. The latest supported version of PostgreSQL is 17.
2026-06-13T16:36:39.483-04:00  INFO 28516 --- [supply-service] [main] o.f.core.internal.command.DbValidate     : Successfully validated 3 migrations (execution time 00:00.052s)
2026-06-13T16:36:39.607-04:00  INFO 28516 --- [supply-service] [main] o.f.core.internal.command.DbMigrate      : Current version of schema "public": 3
2026-06-13T16:36:39.613-04:00  INFO 28516 --- [supply-service] [main] o.f.core.internal.command.DbMigrate      : Schema "public" is up to date. No migration necessary.
2026-06-13T16:36:39.786-04:00  INFO 28516 --- [supply-service] [main] o.hibernate.jpa.internal.util.LogHelper  : HHH000204: Processing PersistenceUnitInfo [name: default]
2026-06-13T16:36:39.868-04:00  INFO 28516 --- [supply-service] [main] org.hibernate.Version                    : HHH000412: Hibernate ORM core version 6.6.13.Final
2026-06-13T16:36:39.934-04:00  INFO 28516 --- [supply-service] [main] o.h.c.internal.RegionFactoryInitiator    : HHH000026: Second-level cache disabled
2026-06-13T16:36:40.404-04:00  INFO 28516 --- [supply-service] [main] o.s.o.j.p.SpringPersistenceUnitInfo      : No LoadTimeWeaver setup: ignoring JPA class transformer
2026-06-13T16:36:40.500-04:00  WARN 28516 --- [supply-service] [main] org.hibernate.orm.deprecation            : HHH90000025: PostgreSQLDialect does not need to be specified explicitly using 'hibernate.dialect' (remove the property setting and it will be selected by default)
2026-06-13T16:36:40.522-04:00  INFO 28516 --- [supply-service] [main] org.hibernate.orm.connections.pooling    : HHH10001005: Database info:
	Database JDBC URL [Connecting through datasource 'HikariDataSource (HikariPool-1)']
	Database driver: undefined/unknown
	Database version: 18.3
	Autocommit mode: undefined/unknown
	Isolation level: undefined/unknown
	Minimum pool size: undefined/unknown
	Maximum pool size: undefined/unknown
2026-06-13T16:36:41.935-04:00  INFO 28516 --- [supply-service] [main] o.h.e.t.j.p.i.JtaPlatformInitiator       : HHH000489: No JTA platform available (set 'hibernate.transaction.jta.platform' to enable JTA platform integration)
2026-06-13T16:36:42.011-04:00  INFO 28516 --- [supply-service] [main] j.LocalContainerEntityManagerFactoryBean : Initialized JPA EntityManagerFactory for persistence unit 'default'
2026-06-13T16:36:42.244-04:00  WARN 28516 --- [supply-service] [main] JpaBaseConfiguration$JpaWebConfiguration : spring.jpa.open-in-view is enabled by default. Therefore, database queries may be performed during view rendering. Explicitly configure spring.jpa.open-in-view to disable this warning
2026-06-13T16:36:43.539-04:00  INFO 28516 --- [supply-service] [main] r$InitializeUserDetailsManagerConfigurer : Global AuthenticationManager configured with UserDetailsService bean with name customUserDetailsService
2026-06-13T16:36:43.804-04:00 DEBUG 28516 --- [supply-service] [main] s.w.s.m.m.a.RequestMappingHandlerMapping : 9 mappings in 'requestMappingHandlerMapping'
2026-06-13T16:36:44.114-04:00 DEBUG 28516 --- [supply-service] [main] o.s.w.s.handler.SimpleUrlHandlerMapping  : Patterns [/webjars/**, /**] in 'resourceHandlerMapping'
2026-06-13T16:36:44.655-04:00 DEBUG 28516 --- [supply-service] [main] s.w.s.m.m.a.RequestMappingHandlerAdapter : ControllerAdvice beans: 0 @ModelAttribute, 0 @InitBinder, 1 RequestBodyAdvice, 1 ResponseBodyAdvice
2026-06-13T16:36:44.793-04:00 DEBUG 28516 --- [supply-service] [main] .m.m.a.ExceptionHandlerExceptionResolver : ControllerAdvice beans: 1 @ExceptionHandler, 1 ResponseBodyAdvice
2026-06-13T16:36:46.299-04:00  INFO 28516 --- [supply-service] [main] o.s.cloud.commons.util.InetUtils         : Cannot determine local hostname
2026-06-13T16:36:46.791-04:00  INFO 28516 --- [supply-service] [main] o.s.b.w.embedded.tomcat.TomcatWebServer  : Tomcat started on port 8092 (http) with context path '/supply-app'
2026-06-13T16:36:47.799-04:00  INFO 28516 --- [supply-service] [main] o.s.cloud.commons.util.InetUtils         : Cannot determine local hostname
2026-06-13T16:36:47.811-04:00  INFO 28516 --- [supply-service] [main] c.a.s.SupplyServiceApplication           : Started SupplyServiceApplication in 13.391 seconds (process running for 14.307)
2026-06-13T16:39:12.136-04:00  INFO 28516 --- [supply-service] [SpringApplicationShutdownHook] o.s.b.w.e.tomcat.GracefulShutdown        : Commencing graceful shutdown. Waiting for active requests to complete
2026-06-13T16:39:12.173-04:00  INFO 28516 --- [supply-service] [tomcat-shutdown] o.s.b.w.e.tomcat.GracefulShutdown        : Graceful shutdown complete
2026-06-13T16:39:12.184-04:00  INFO 28516 --- [supply-service] [SpringApplicationShutdownHook] j.LocalContainerEntityManagerFactoryBean : Closing JPA EntityManagerFactory for persistence unit 'default'
2026-06-13T16:39:12.188-04:00  INFO 28516 --- [supply-service] [SpringApplicationShutdownHook] com.zaxxer.hikari.HikariDataSource       : HikariPool-1 - Shutdown initiated...
2026-06-13T16:39:12.191-04:00  INFO 28516 --- [supply-service] [SpringApplicationShutdownHook] com.zaxxer.hikari.HikariDataSource       : HikariPool-1 - Shutdown completed.
2026-06-13T16:54:52.021-04:00  INFO 15296 --- [supply-service] [main] c.a.s.SupplyServiceApplication           : Starting SupplyServiceApplication using Java 26 with PID 15296 (C:\Users\camil\Documents\fullstack1\adoptapp\supply-service\target\classes started by camila in C:\Users\camil\Documents\fullstack1\adoptapp)
2026-06-13T16:54:52.023-04:00 DEBUG 15296 --- [supply-service] [main] c.a.s.SupplyServiceApplication           : Running with Spring Boot v3.4.5, Spring v6.2.6
2026-06-13T16:54:52.024-04:00  INFO 15296 --- [supply-service] [main] c.a.s.SupplyServiceApplication           : No active profile set, falling back to 1 default profile: "default"
2026-06-13T16:54:52.778-04:00  INFO 15296 --- [supply-service] [main] .s.d.r.c.RepositoryConfigurationDelegate : Bootstrapping Spring Data JPA repositories in DEFAULT mode.
2026-06-13T16:54:52.842-04:00  INFO 15296 --- [supply-service] [main] .s.d.r.c.RepositoryConfigurationDelegate : Finished Spring Data repository scanning in 53 ms. Found 2 JPA repository interfaces.
2026-06-13T16:54:53.092-04:00  INFO 15296 --- [supply-service] [main] o.s.cloud.context.scope.GenericScope     : BeanFactory id=e4389303-8311-390a-9cf1-c04668fe3e2f
2026-06-13T16:54:53.664-04:00  INFO 15296 --- [supply-service] [main] o.s.b.w.embedded.tomcat.TomcatWebServer  : Tomcat initialized with port 8092 (http)
2026-06-13T16:54:53.675-04:00  INFO 15296 --- [supply-service] [main] o.apache.catalina.core.StandardService   : Starting service [Tomcat]
2026-06-13T16:54:53.675-04:00  INFO 15296 --- [supply-service] [main] o.apache.catalina.core.StandardEngine    : Starting Servlet engine: [Apache Tomcat/10.1.40]
2026-06-13T16:54:53.734-04:00  INFO 15296 --- [supply-service] [main] o.a.c.c.C.[.[localhost].[/supply-app]    : Initializing Spring embedded WebApplicationContext
2026-06-13T16:54:53.735-04:00  INFO 15296 --- [supply-service] [main] w.s.c.ServletWebServerApplicationContext : Root WebApplicationContext: initialization completed in 1662 ms
2026-06-13T16:54:54.004-04:00  INFO 15296 --- [supply-service] [main] com.zaxxer.hikari.HikariDataSource       : HikariPool-1 - Starting...
2026-06-13T16:54:54.173-04:00  INFO 15296 --- [supply-service] [main] com.zaxxer.hikari.pool.HikariPool        : HikariPool-1 - Added connection org.postgresql.jdbc.PgConnection@399af6dc
2026-06-13T16:54:54.174-04:00  INFO 15296 --- [supply-service] [main] com.zaxxer.hikari.HikariDataSource       : HikariPool-1 - Start completed.
2026-06-13T16:54:54.194-04:00  INFO 15296 --- [supply-service] [main] org.flywaydb.core.FlywayExecutor         : Database: jdbc:postgresql://localhost:5432/supply_db (PostgreSQL 18.3)
2026-06-13T16:54:54.201-04:00  WARN 15296 --- [supply-service] [main] o.f.c.internal.database.base.Database    : Flyway upgrade recommended: PostgreSQL 18.3 is newer than this version of Flyway and support has not been tested. The latest supported version of PostgreSQL is 17.
2026-06-13T16:54:54.227-04:00  INFO 15296 --- [supply-service] [main] o.f.c.i.s.JdbcTableSchemaHistory         : Schema history table "public"."flyway_schema_history" does not exist yet
2026-06-13T16:54:54.230-04:00  INFO 15296 --- [supply-service] [main] o.f.core.internal.command.DbValidate     : Successfully validated 3 migrations (execution time 00:00.021s)
2026-06-13T16:54:54.240-04:00  INFO 15296 --- [supply-service] [main] org.flywaydb.core.Flyway                 : All configured schemas are empty; baseline operation skipped. A baseline or migration script with a lower version than the baseline version may execute if available. Check the Schemas parameter if this is not intended.
2026-06-13T16:54:54.243-04:00  INFO 15296 --- [supply-service] [main] o.f.c.i.s.JdbcTableSchemaHistory         : Creating Schema History table "public"."flyway_schema_history" ...
2026-06-13T16:54:54.362-04:00  INFO 15296 --- [supply-service] [main] o.f.core.internal.command.DbMigrate      : Current version of schema "public": << Empty Schema >>
2026-06-13T16:54:54.368-04:00  INFO 15296 --- [supply-service] [main] o.f.core.internal.command.DbMigrate      : Migrating schema "public" to version "1 - create supplies table"
2026-06-13T16:54:54.406-04:00  INFO 15296 --- [supply-service] [main] o.f.core.internal.command.DbMigrate      : Migrating schema "public" to version "2 - seed supplies"
2026-06-13T16:54:54.417-04:00  INFO 15296 --- [supply-service] [main] o.f.core.internal.command.DbMigrate      : Migrating schema "public" to version "3 - add changed by user id to history"
2026-06-13T16:54:54.425-04:00  INFO 15296 --- [supply-service] [main] o.f.core.internal.command.DbMigrate      : Successfully applied 3 migrations to schema "public", now at version v3 (execution time 00:00.030s)
2026-06-13T16:54:54.527-04:00  INFO 15296 --- [supply-service] [main] o.hibernate.jpa.internal.util.LogHelper  : HHH000204: Processing PersistenceUnitInfo [name: default]
2026-06-13T16:54:54.580-04:00  INFO 15296 --- [supply-service] [main] org.hibernate.Version                    : HHH000412: Hibernate ORM core version 6.6.13.Final
2026-06-13T16:54:54.612-04:00  INFO 15296 --- [supply-service] [main] o.h.c.internal.RegionFactoryInitiator    : HHH000026: Second-level cache disabled
2026-06-13T16:54:54.842-04:00  INFO 15296 --- [supply-service] [main] o.s.o.j.p.SpringPersistenceUnitInfo      : No LoadTimeWeaver setup: ignoring JPA class transformer
2026-06-13T16:54:54.893-04:00  WARN 15296 --- [supply-service] [main] org.hibernate.orm.deprecation            : HHH90000025: PostgreSQLDialect does not need to be specified explicitly using 'hibernate.dialect' (remove the property setting and it will be selected by default)
2026-06-13T16:54:54.905-04:00  INFO 15296 --- [supply-service] [main] org.hibernate.orm.connections.pooling    : HHH10001005: Database info:
	Database JDBC URL [Connecting through datasource 'HikariDataSource (HikariPool-1)']
	Database driver: undefined/unknown
	Database version: 18.3
	Autocommit mode: undefined/unknown
	Isolation level: undefined/unknown
	Minimum pool size: undefined/unknown
	Maximum pool size: undefined/unknown
2026-06-13T16:54:55.645-04:00  INFO 15296 --- [supply-service] [main] o.h.e.t.j.p.i.JtaPlatformInitiator       : HHH000489: No JTA platform available (set 'hibernate.transaction.jta.platform' to enable JTA platform integration)
2026-06-13T16:54:55.678-04:00  INFO 15296 --- [supply-service] [main] j.LocalContainerEntityManagerFactoryBean : Initialized JPA EntityManagerFactory for persistence unit 'default'
2026-06-13T16:54:55.829-04:00  WARN 15296 --- [supply-service] [main] JpaBaseConfiguration$JpaWebConfiguration : spring.jpa.open-in-view is enabled by default. Therefore, database queries may be performed during view rendering. Explicitly configure spring.jpa.open-in-view to disable this warning
2026-06-13T16:54:56.554-04:00  INFO 15296 --- [supply-service] [main] r$InitializeUserDetailsManagerConfigurer : Global AuthenticationManager configured with UserDetailsService bean with name customUserDetailsService
2026-06-13T16:54:56.722-04:00 DEBUG 15296 --- [supply-service] [main] s.w.s.m.m.a.RequestMappingHandlerMapping : 9 mappings in 'requestMappingHandlerMapping'
2026-06-13T16:54:56.924-04:00 DEBUG 15296 --- [supply-service] [main] o.s.w.s.handler.SimpleUrlHandlerMapping  : Patterns [/webjars/**, /**] in 'resourceHandlerMapping'
2026-06-13T16:54:57.229-04:00 DEBUG 15296 --- [supply-service] [main] s.w.s.m.m.a.RequestMappingHandlerAdapter : ControllerAdvice beans: 0 @ModelAttribute, 0 @InitBinder, 1 RequestBodyAdvice, 1 ResponseBodyAdvice
2026-06-13T16:54:57.297-04:00 DEBUG 15296 --- [supply-service] [main] .m.m.a.ExceptionHandlerExceptionResolver : ControllerAdvice beans: 1 @ExceptionHandler, 1 ResponseBodyAdvice
2026-06-13T16:54:58.645-04:00  INFO 15296 --- [supply-service] [main] o.s.cloud.commons.util.InetUtils         : Cannot determine local hostname
2026-06-13T16:54:58.744-04:00  INFO 15296 --- [supply-service] [main] o.s.b.w.embedded.tomcat.TomcatWebServer  : Tomcat started on port 8092 (http) with context path '/supply-app'
2026-06-13T16:54:59.750-04:00  INFO 15296 --- [supply-service] [main] o.s.cloud.commons.util.InetUtils         : Cannot determine local hostname
2026-06-13T16:54:59.757-04:00  INFO 15296 --- [supply-service] [main] c.a.s.SupplyServiceApplication           : Started SupplyServiceApplication in 9.198 seconds (process running for 10.024)
2026-06-13T17:18:40.704-04:00  INFO 15296 --- [supply-service] [SpringApplicationShutdownHook] o.s.b.w.e.tomcat.GracefulShutdown        : Commencing graceful shutdown. Waiting for active requests to complete
2026-06-13T17:18:40.728-04:00  INFO 15296 --- [supply-service] [tomcat-shutdown] o.s.b.w.e.tomcat.GracefulShutdown        : Graceful shutdown complete
2026-06-13T17:18:40.748-04:00  INFO 15296 --- [supply-service] [SpringApplicationShutdownHook] j.LocalContainerEntityManagerFactoryBean : Closing JPA EntityManagerFactory for persistence unit 'default'
2026-06-13T17:18:40.763-04:00  INFO 15296 --- [supply-service] [SpringApplicationShutdownHook] com.zaxxer.hikari.HikariDataSource       : HikariPool-1 - Shutdown initiated...
2026-06-13T17:18:40.770-04:00  INFO 15296 --- [supply-service] [SpringApplicationShutdownHook] com.zaxxer.hikari.HikariDataSource       : HikariPool-1 - Shutdown completed.
2026-06-13T17:24:25.594-04:00  INFO 28476 --- [supply-service] [main] c.a.s.SupplyServiceApplication           : Starting SupplyServiceApplication using Java 26 with PID 28476 (C:\Users\camil\Documents\fullstack1\adoptapp\supply-service\target\classes started by camila in C:\Users\camil\Documents\fullstack1\adoptapp)
2026-06-13T17:24:25.597-04:00 DEBUG 28476 --- [supply-service] [main] c.a.s.SupplyServiceApplication           : Running with Spring Boot v3.4.5, Spring v6.2.6
2026-06-13T17:24:25.598-04:00  INFO 28476 --- [supply-service] [main] c.a.s.SupplyServiceApplication           : No active profile set, falling back to 1 default profile: "default"
2026-06-13T17:24:27.168-04:00  INFO 28476 --- [supply-service] [main] .s.d.r.c.RepositoryConfigurationDelegate : Bootstrapping Spring Data JPA repositories in DEFAULT mode.
2026-06-13T17:24:27.299-04:00  INFO 28476 --- [supply-service] [main] .s.d.r.c.RepositoryConfigurationDelegate : Finished Spring Data repository scanning in 112 ms. Found 2 JPA repository interfaces.
2026-06-13T17:24:27.952-04:00  INFO 28476 --- [supply-service] [main] o.s.cloud.context.scope.GenericScope     : BeanFactory id=e4389303-8311-390a-9cf1-c04668fe3e2f
2026-06-13T17:24:29.314-04:00  INFO 28476 --- [supply-service] [main] o.s.b.w.embedded.tomcat.TomcatWebServer  : Tomcat initialized with port 8092 (http)
2026-06-13T17:24:29.344-04:00  INFO 28476 --- [supply-service] [main] o.apache.catalina.core.StandardService   : Starting service [Tomcat]
2026-06-13T17:24:29.344-04:00  INFO 28476 --- [supply-service] [main] o.apache.catalina.core.StandardEngine    : Starting Servlet engine: [Apache Tomcat/10.1.40]
2026-06-13T17:24:29.469-04:00  INFO 28476 --- [supply-service] [main] o.a.c.c.C.[.[localhost].[/supply-app]    : Initializing Spring embedded WebApplicationContext
2026-06-13T17:24:29.469-04:00  INFO 28476 --- [supply-service] [main] w.s.c.ServletWebServerApplicationContext : Root WebApplicationContext: initialization completed in 3792 ms
2026-06-13T17:24:30.093-04:00  INFO 28476 --- [supply-service] [main] com.zaxxer.hikari.HikariDataSource       : HikariPool-1 - Starting...
2026-06-13T17:24:30.383-04:00  INFO 28476 --- [supply-service] [main] com.zaxxer.hikari.pool.HikariPool        : HikariPool-1 - Added connection org.postgresql.jdbc.PgConnection@66d2885c
2026-06-13T17:24:30.394-04:00  INFO 28476 --- [supply-service] [main] com.zaxxer.hikari.HikariDataSource       : HikariPool-1 - Start completed.
2026-06-13T17:24:30.439-04:00  INFO 28476 --- [supply-service] [main] org.flywaydb.core.FlywayExecutor         : Database: jdbc:postgresql://localhost:5432/supply_db (PostgreSQL 18.3)
2026-06-13T17:24:30.451-04:00  WARN 28476 --- [supply-service] [main] o.f.c.internal.database.base.Database    : Flyway upgrade recommended: PostgreSQL 18.3 is newer than this version of Flyway and support has not been tested. The latest supported version of PostgreSQL is 17.
2026-06-13T17:24:30.518-04:00  INFO 28476 --- [supply-service] [main] o.f.core.internal.command.DbValidate     : Successfully validated 3 migrations (execution time 00:00.046s)
2026-06-13T17:24:30.758-04:00  INFO 28476 --- [supply-service] [main] o.f.core.internal.command.DbMigrate      : Current version of schema "public": 3
2026-06-13T17:24:30.765-04:00  INFO 28476 --- [supply-service] [main] o.f.core.internal.command.DbMigrate      : Schema "public" is up to date. No migration necessary.
2026-06-13T17:24:31.021-04:00  INFO 28476 --- [supply-service] [main] o.hibernate.jpa.internal.util.LogHelper  : HHH000204: Processing PersistenceUnitInfo [name: default]
2026-06-13T17:24:31.113-04:00  INFO 28476 --- [supply-service] [main] org.hibernate.Version                    : HHH000412: Hibernate ORM core version 6.6.13.Final
2026-06-13T17:24:31.182-04:00  INFO 28476 --- [supply-service] [main] o.h.c.internal.RegionFactoryInitiator    : HHH000026: Second-level cache disabled
2026-06-13T17:24:31.674-04:00  INFO 28476 --- [supply-service] [main] o.s.o.j.p.SpringPersistenceUnitInfo      : No LoadTimeWeaver setup: ignoring JPA class transformer
2026-06-13T17:24:31.763-04:00  WARN 28476 --- [supply-service] [main] org.hibernate.orm.deprecation            : HHH90000025: PostgreSQLDialect does not need to be specified explicitly using 'hibernate.dialect' (remove the property setting and it will be selected by default)
2026-06-13T17:24:31.781-04:00  INFO 28476 --- [supply-service] [main] org.hibernate.orm.connections.pooling    : HHH10001005: Database info:
	Database JDBC URL [Connecting through datasource 'HikariDataSource (HikariPool-1)']
	Database driver: undefined/unknown
	Database version: 18.3
	Autocommit mode: undefined/unknown
	Isolation level: undefined/unknown
	Minimum pool size: undefined/unknown
	Maximum pool size: undefined/unknown
2026-06-13T17:24:33.304-04:00  INFO 28476 --- [supply-service] [main] o.h.e.t.j.p.i.JtaPlatformInitiator       : HHH000489: No JTA platform available (set 'hibernate.transaction.jta.platform' to enable JTA platform integration)
2026-06-13T17:24:33.358-04:00  INFO 28476 --- [supply-service] [main] j.LocalContainerEntityManagerFactoryBean : Initialized JPA EntityManagerFactory for persistence unit 'default'
2026-06-13T17:24:33.632-04:00  WARN 28476 --- [supply-service] [main] JpaBaseConfiguration$JpaWebConfiguration : spring.jpa.open-in-view is enabled by default. Therefore, database queries may be performed during view rendering. Explicitly configure spring.jpa.open-in-view to disable this warning
2026-06-13T17:24:35.035-04:00  INFO 28476 --- [supply-service] [main] r$InitializeUserDetailsManagerConfigurer : Global AuthenticationManager configured with UserDetailsService bean with name customUserDetailsService
2026-06-13T17:24:35.344-04:00 DEBUG 28476 --- [supply-service] [main] s.w.s.m.m.a.RequestMappingHandlerMapping : 9 mappings in 'requestMappingHandlerMapping'
2026-06-13T17:24:35.716-04:00 DEBUG 28476 --- [supply-service] [main] o.s.w.s.handler.SimpleUrlHandlerMapping  : Patterns [/webjars/**, /**] in 'resourceHandlerMapping'
2026-06-13T17:24:36.345-04:00 DEBUG 28476 --- [supply-service] [main] s.w.s.m.m.a.RequestMappingHandlerAdapter : ControllerAdvice beans: 0 @ModelAttribute, 0 @InitBinder, 1 RequestBodyAdvice, 1 ResponseBodyAdvice
2026-06-13T17:24:36.483-04:00 DEBUG 28476 --- [supply-service] [main] .m.m.a.ExceptionHandlerExceptionResolver : ControllerAdvice beans: 1 @ExceptionHandler, 1 ResponseBodyAdvice
2026-06-13T17:24:38.123-04:00  INFO 28476 --- [supply-service] [main] o.s.cloud.commons.util.InetUtils         : Cannot determine local hostname
2026-06-13T17:24:38.277-04:00  INFO 28476 --- [supply-service] [main] o.s.b.w.embedded.tomcat.TomcatWebServer  : Tomcat started on port 8092 (http) with context path '/supply-app'
2026-06-13T17:24:39.293-04:00  INFO 28476 --- [supply-service] [main] o.s.cloud.commons.util.InetUtils         : Cannot determine local hostname
2026-06-13T17:24:39.308-04:00  INFO 28476 --- [supply-service] [main] c.a.s.SupplyServiceApplication           : Started SupplyServiceApplication in 15.509 seconds (process running for 16.937)
2026-06-13T17:31:55.544-04:00  INFO 28476 --- [supply-service] [SpringApplicationShutdownHook] o.s.b.w.e.tomcat.GracefulShutdown        : Commencing graceful shutdown. Waiting for active requests to complete
2026-06-13T17:31:55.560-04:00  INFO 28476 --- [supply-service] [tomcat-shutdown] o.s.b.w.e.tomcat.GracefulShutdown        : Graceful shutdown complete
2026-06-13T17:31:55.569-04:00  INFO 28476 --- [supply-service] [SpringApplicationShutdownHook] j.LocalContainerEntityManagerFactoryBean : Closing JPA EntityManagerFactory for persistence unit 'default'
2026-06-13T17:31:55.572-04:00  INFO 28476 --- [supply-service] [SpringApplicationShutdownHook] com.zaxxer.hikari.HikariDataSource       : HikariPool-1 - Shutdown initiated...
2026-06-13T17:31:55.576-04:00  INFO 28476 --- [supply-service] [SpringApplicationShutdownHook] com.zaxxer.hikari.HikariDataSource       : HikariPool-1 - Shutdown completed.
