2026-06-20T12:22:01.874-04:00  INFO 15832 --- [user-service] [restartedMain] c.a.userservice.UserServiceApplication   : Starting UserServiceApplication using Java 26 with PID 15832 (C:\Users\camil\Documents\fullstack1\adoptapp\user-service\target\classes started by camila in C:\Users\camil\Documents\fullstack1\adoptapp)
2026-06-20T12:22:01.881-04:00 DEBUG 15832 --- [user-service] [restartedMain] c.a.userservice.UserServiceApplication   : Running with Spring Boot v3.4.5, Spring v6.2.6
2026-06-20T12:22:01.882-04:00  INFO 15832 --- [user-service] [restartedMain] c.a.userservice.UserServiceApplication   : No active profile set, falling back to 1 default profile: "default"
2026-06-20T12:22:01.951-04:00  INFO 15832 --- [user-service] [restartedMain] .e.DevToolsPropertyDefaultsPostProcessor : Devtools property defaults active! Set 'spring.devtools.add-properties' to 'false' to disable
2026-06-20T12:22:01.951-04:00  INFO 15832 --- [user-service] [restartedMain] .e.DevToolsPropertyDefaultsPostProcessor : For additional web related logging consider setting the 'logging.level.web' property to 'DEBUG'
2026-06-20T12:22:03.235-04:00  INFO 15832 --- [user-service] [restartedMain] .s.d.r.c.RepositoryConfigurationDelegate : Bootstrapping Spring Data JPA repositories in DEFAULT mode.
2026-06-20T12:22:03.301-04:00  INFO 15832 --- [user-service] [restartedMain] .s.d.r.c.RepositoryConfigurationDelegate : Finished Spring Data repository scanning in 56 ms. Found 4 JPA repository interfaces.
2026-06-20T12:22:03.526-04:00  INFO 15832 --- [user-service] [restartedMain] o.s.cloud.context.scope.GenericScope     : BeanFactory id=69a8762a-f852-3684-a1d8-5e27c74db3e9
2026-06-20T12:22:04.006-04:00  INFO 15832 --- [user-service] [restartedMain] o.s.b.w.embedded.tomcat.TomcatWebServer  : Tomcat initialized with port 8081 (http)
2026-06-20T12:22:04.021-04:00  INFO 15832 --- [user-service] [restartedMain] o.apache.catalina.core.StandardService   : Starting service [Tomcat]
2026-06-20T12:22:04.022-04:00  INFO 15832 --- [user-service] [restartedMain] o.apache.catalina.core.StandardEngine    : Starting Servlet engine: [Apache Tomcat/10.1.40]
2026-06-20T12:22:04.078-04:00  INFO 15832 --- [user-service] [restartedMain] o.a.c.c.C.[.[localhost].[/user-app]      : Initializing Spring embedded WebApplicationContext
2026-06-20T12:22:04.078-04:00  INFO 15832 --- [user-service] [restartedMain] w.s.c.ServletWebServerApplicationContext : Root WebApplicationContext: initialization completed in 2126 ms
2026-06-20T12:22:04.347-04:00  INFO 15832 --- [user-service] [restartedMain] com.zaxxer.hikari.HikariDataSource       : HikariPool-1 - Starting...
2026-06-20T12:22:04.615-04:00  INFO 15832 --- [user-service] [restartedMain] com.zaxxer.hikari.pool.HikariPool        : HikariPool-1 - Added connection org.postgresql.jdbc.PgConnection@251e6335
2026-06-20T12:22:04.617-04:00  INFO 15832 --- [user-service] [restartedMain] com.zaxxer.hikari.HikariDataSource       : HikariPool-1 - Start completed.
2026-06-20T12:22:04.645-04:00  INFO 15832 --- [user-service] [restartedMain] org.flywaydb.core.FlywayExecutor         : Database: jdbc:postgresql://localhost:5432/users_db (PostgreSQL 18.3)
2026-06-20T12:22:04.676-04:00  WARN 15832 --- [user-service] [restartedMain] o.f.c.internal.database.base.Database    : Flyway upgrade recommended: PostgreSQL 18.3 is newer than this version of Flyway and support has not been tested. The latest supported version of PostgreSQL is 17.
2026-06-20T12:22:04.725-04:00  INFO 15832 --- [user-service] [restartedMain] o.f.core.internal.command.DbValidate     : Successfully validated 3 migrations (execution time 00:00.033s)
2026-06-20T12:22:04.857-04:00  INFO 15832 --- [user-service] [restartedMain] o.f.core.internal.command.DbMigrate      : Current version of schema "public": 3
2026-06-20T12:22:04.862-04:00  INFO 15832 --- [user-service] [restartedMain] o.f.core.internal.command.DbMigrate      : Schema "public" is up to date. No migration necessary.
2026-06-20T12:22:05.013-04:00  INFO 15832 --- [user-service] [restartedMain] o.hibernate.jpa.internal.util.LogHelper  : HHH000204: Processing PersistenceUnitInfo [name: default]
2026-06-20T12:22:05.106-04:00  INFO 15832 --- [user-service] [restartedMain] org.hibernate.Version                    : HHH000412: Hibernate ORM core version 6.6.13.Final
2026-06-20T12:22:05.152-04:00  INFO 15832 --- [user-service] [restartedMain] o.h.c.internal.RegionFactoryInitiator    : HHH000026: Second-level cache disabled
2026-06-20T12:22:05.472-04:00  INFO 15832 --- [user-service] [restartedMain] o.s.o.j.p.SpringPersistenceUnitInfo      : No LoadTimeWeaver setup: ignoring JPA class transformer
2026-06-20T12:22:05.547-04:00  WARN 15832 --- [user-service] [restartedMain] org.hibernate.orm.deprecation            : HHH90000025: PostgreSQLDialect does not need to be specified explicitly using 'hibernate.dialect' (remove the property setting and it will be selected by default)
2026-06-20T12:22:05.563-04:00  INFO 15832 --- [user-service] [restartedMain] org.hibernate.orm.connections.pooling    : HHH10001005: Database info:
	Database JDBC URL [Connecting through datasource 'HikariDataSource (HikariPool-1)']
	Database driver: undefined/unknown
	Database version: 18.3
	Autocommit mode: undefined/unknown
	Isolation level: undefined/unknown
	Minimum pool size: undefined/unknown
	Maximum pool size: undefined/unknown
2026-06-20T12:22:06.653-04:00  INFO 15832 --- [user-service] [restartedMain] o.h.e.t.j.p.i.JtaPlatformInitiator       : HHH000489: No JTA platform available (set 'hibernate.transaction.jta.platform' to enable JTA platform integration)
2026-06-20T12:22:06.721-04:00  INFO 15832 --- [user-service] [restartedMain] j.LocalContainerEntityManagerFactoryBean : Initialized JPA EntityManagerFactory for persistence unit 'default'
2026-06-20T12:22:07.349-04:00  WARN 15832 --- [user-service] [restartedMain] JpaBaseConfiguration$JpaWebConfiguration : spring.jpa.open-in-view is enabled by default. Therefore, database queries may be performed during view rendering. Explicitly configure spring.jpa.open-in-view to disable this warning
2026-06-20T12:22:07.397-04:00  INFO 15832 --- [user-service] [restartedMain] o.s.b.d.a.OptionalLiveReloadServer       : LiveReload server is running on port 35729
2026-06-20T12:22:07.504-04:00  INFO 15832 --- [user-service] [restartedMain] r$InitializeUserDetailsManagerConfigurer : Global AuthenticationManager configured with UserDetailsService bean with name customUserDetailsService
2026-06-20T12:22:07.655-04:00 DEBUG 15832 --- [user-service] [restartedMain] s.w.s.m.m.a.RequestMappingHandlerMapping : 15 mappings in 'requestMappingHandlerMapping'
2026-06-20T12:22:07.752-04:00 DEBUG 15832 --- [user-service] [restartedMain] o.s.w.s.handler.SimpleUrlHandlerMapping  : Patterns [/webjars/**, /**, /doc/swagger-ui*/*swagger-initializer.js, /doc/swagger-ui*/**] in 'resourceHandlerMapping'
2026-06-20T12:22:07.924-04:00 DEBUG 15832 --- [user-service] [restartedMain] s.w.s.m.m.a.RequestMappingHandlerAdapter : ControllerAdvice beans: 0 @ModelAttribute, 0 @InitBinder, 1 RequestBodyAdvice, 1 ResponseBodyAdvice
2026-06-20T12:22:07.972-04:00 DEBUG 15832 --- [user-service] [restartedMain] .m.m.a.ExceptionHandlerExceptionResolver : ControllerAdvice beans: 2 @ExceptionHandler, 1 ResponseBodyAdvice
2026-06-20T12:22:08.090-04:00  INFO 15832 --- [user-service] [restartedMain] o.s.b.a.h2.H2ConsoleAutoConfiguration    : H2 console available at '/h2-console'. Database available at 'jdbc:postgresql://localhost:5432/users_db'
2026-06-20T12:22:09.162-04:00  INFO 15832 --- [user-service] [restartedMain] o.s.cloud.commons.util.InetUtils         : Cannot determine local hostname
2026-06-20T12:22:09.230-04:00  INFO 15832 --- [user-service] [restartedMain] o.s.b.w.embedded.tomcat.TomcatWebServer  : Tomcat started on port 8081 (http) with context path '/user-app'
2026-06-20T12:22:10.235-04:00  INFO 15832 --- [user-service] [restartedMain] o.s.cloud.commons.util.InetUtils         : Cannot determine local hostname
2026-06-20T12:22:10.243-04:00  INFO 15832 --- [user-service] [restartedMain] c.a.userservice.UserServiceApplication   : Started UserServiceApplication in 10.039 seconds (process running for 11.118)
2026-06-20T12:23:53.391-04:00  INFO 15832 --- [user-service] [http-nio-8081-exec-1] o.a.c.c.C.[.[localhost].[/user-app]      : Initializing Spring DispatcherServlet 'dispatcherServlet'
2026-06-20T12:23:53.391-04:00  INFO 15832 --- [user-service] [http-nio-8081-exec-1] o.s.web.servlet.DispatcherServlet        : Initializing Servlet 'dispatcherServlet'
2026-06-20T12:23:53.391-04:00 DEBUG 15832 --- [user-service] [http-nio-8081-exec-1] o.s.web.servlet.DispatcherServlet        : Detected StandardServletMultipartResolver
2026-06-20T12:23:53.391-04:00 DEBUG 15832 --- [user-service] [http-nio-8081-exec-1] o.s.web.servlet.DispatcherServlet        : Detected AcceptHeaderLocaleResolver
2026-06-20T12:23:53.391-04:00 DEBUG 15832 --- [user-service] [http-nio-8081-exec-1] o.s.web.servlet.DispatcherServlet        : Detected FixedThemeResolver
2026-06-20T12:23:53.393-04:00 DEBUG 15832 --- [user-service] [http-nio-8081-exec-1] o.s.web.servlet.DispatcherServlet        : Detected org.springframework.web.servlet.view.DefaultRequestToViewNameTranslator@7d444027
2026-06-20T12:23:53.393-04:00 DEBUG 15832 --- [user-service] [http-nio-8081-exec-1] o.s.web.servlet.DispatcherServlet        : Detected org.springframework.web.servlet.support.SessionFlashMapManager@d4328a3
2026-06-20T12:23:53.394-04:00 DEBUG 15832 --- [user-service] [http-nio-8081-exec-1] o.s.web.servlet.DispatcherServlet        : enableLoggingRequestDetails='false': request parameters and headers will be masked to prevent unsafe logging of potentially sensitive data
2026-06-20T12:23:53.394-04:00  INFO 15832 --- [user-service] [http-nio-8081-exec-1] o.s.web.servlet.DispatcherServlet        : Completed initialization in 3 ms
2026-06-20T12:23:53.632-04:00 DEBUG 15832 --- [user-service] [http-nio-8081-exec-1] org.hibernate.SQL                        : 
    select
        u1_0.id,
        u1_0.active,
        u1_0.created_at,
        u1_0.email,
        u1_0.name,
        u1_0.password,
        u1_0.role,
        u1_0.status,
        u1_0.surname,
        u1_0.updated_at,
        u1_0.username 
    from
        users u1_0 
    where
        u1_0.email=?
2026-06-20T12:23:53.668-04:00 DEBUG 15832 --- [user-service] [http-nio-8081-exec-1] org.hibernate.SQL                        : 
    select
        up1_0.id,
        up1_0.number,
        u1_0.id,
        u1_0.active,
        u1_0.created_at,
        u1_0.email,
        u1_0.name,
        u1_0.password,
        u1_0.role,
        u1_0.status,
        u1_0.surname,
        u1_0.updated_at,
        u1_0.username 
    from
        user_phones up1_0 
    left join
        users u1_0 
            on u1_0.id=up1_0.user_id 
    where
        up1_0.user_id=?
2026-06-20T12:23:53.763-04:00 DEBUG 15832 --- [user-service] [http-nio-8081-exec-1] o.s.web.servlet.DispatcherServlet        : GET "/user-app/users/by-email/admin%40empresa.com/auth", parameters={}
2026-06-20T12:23:53.764-04:00 DEBUG 15832 --- [user-service] [http-nio-8081-exec-1] s.w.s.m.m.a.RequestMappingHandlerMapping : Mapped to com.adoptapp.userservice.controller.UserController#getUserAuthByEmail(String)
2026-06-20T12:23:53.814-04:00 DEBUG 15832 --- [user-service] [http-nio-8081-exec-1] org.hibernate.SQL                        : 
    select
        u1_0.id,
        u1_0.active,
        u1_0.created_at,
        u1_0.email,
        u1_0.name,
        u1_0.password,
        u1_0.role,
        u1_0.status,
        u1_0.surname,
        u1_0.updated_at,
        u1_0.username 
    from
        users u1_0 
    where
        u1_0.email=?
2026-06-20T12:23:53.815-04:00 DEBUG 15832 --- [user-service] [http-nio-8081-exec-1] org.hibernate.SQL                        : 
    select
        up1_0.id,
        up1_0.number,
        u1_0.id,
        u1_0.active,
        u1_0.created_at,
        u1_0.email,
        u1_0.name,
        u1_0.password,
        u1_0.role,
        u1_0.status,
        u1_0.surname,
        u1_0.updated_at,
        u1_0.username 
    from
        user_phones up1_0 
    left join
        users u1_0 
            on u1_0.id=up1_0.user_id 
    where
        up1_0.user_id=?
2026-06-20T12:23:53.833-04:00 DEBUG 15832 --- [user-service] [http-nio-8081-exec-1] o.s.w.s.m.m.a.HttpEntityMethodProcessor  : Using 'application/json', given [*/*] and supported [application/json, application/*+json, application/yaml]
2026-06-20T12:23:53.837-04:00 DEBUG 15832 --- [user-service] [http-nio-8081-exec-1] o.s.w.s.m.m.a.HttpEntityMethodProcessor  : Writing [UserAuthResponse[id=4, email=admin@empresa.com, password=$2b$10$muCDGFIIRNG29eEzZF6Dz.RtgnTsUObmxOTf (truncated)...]
2026-06-20T12:23:53.847-04:00 DEBUG 15832 --- [user-service] [http-nio-8081-exec-1] o.s.web.servlet.DispatcherServlet        : Completed 200 OK
2026-06-20T12:24:02.520-04:00 DEBUG 15832 --- [user-service] [http-nio-8081-exec-3] org.hibernate.SQL                        : 
    select
        u1_0.id,
        u1_0.active,
        u1_0.created_at,
        u1_0.email,
        u1_0.name,
        u1_0.password,
        u1_0.role,
        u1_0.status,
        u1_0.surname,
        u1_0.updated_at,
        u1_0.username 
    from
        users u1_0 
    where
        u1_0.email=?
2026-06-20T12:24:02.522-04:00 DEBUG 15832 --- [user-service] [http-nio-8081-exec-3] org.hibernate.SQL                        : 
    select
        up1_0.id,
        up1_0.number,
        u1_0.id,
        u1_0.active,
        u1_0.created_at,
        u1_0.email,
        u1_0.name,
        u1_0.password,
        u1_0.role,
        u1_0.status,
        u1_0.surname,
        u1_0.updated_at,
        u1_0.username 
    from
        user_phones up1_0 
    left join
        users u1_0 
            on u1_0.id=up1_0.user_id 
    where
        up1_0.user_id=?
2026-06-20T12:24:02.596-04:00 DEBUG 15832 --- [user-service] [http-nio-8081-exec-3] o.s.web.servlet.DispatcherServlet        : GET "/user-app/users/by-email/admin%40empresa.com/auth", parameters={}
2026-06-20T12:24:02.596-04:00 DEBUG 15832 --- [user-service] [http-nio-8081-exec-3] s.w.s.m.m.a.RequestMappingHandlerMapping : Mapped to com.adoptapp.userservice.controller.UserController#getUserAuthByEmail(String)
2026-06-20T12:24:02.600-04:00 DEBUG 15832 --- [user-service] [http-nio-8081-exec-3] org.hibernate.SQL                        : 
    select
        u1_0.id,
        u1_0.active,
        u1_0.created_at,
        u1_0.email,
        u1_0.name,
        u1_0.password,
        u1_0.role,
        u1_0.status,
        u1_0.surname,
        u1_0.updated_at,
        u1_0.username 
    from
        users u1_0 
    where
        u1_0.email=?
2026-06-20T12:24:02.602-04:00 DEBUG 15832 --- [user-service] [http-nio-8081-exec-3] org.hibernate.SQL                        : 
    select
        up1_0.id,
        up1_0.number,
        u1_0.id,
        u1_0.active,
        u1_0.created_at,
        u1_0.email,
        u1_0.name,
        u1_0.password,
        u1_0.role,
        u1_0.status,
        u1_0.surname,
        u1_0.updated_at,
        u1_0.username 
    from
        user_phones up1_0 
    left join
        users u1_0 
            on u1_0.id=up1_0.user_id 
    where
        up1_0.user_id=?
2026-06-20T12:24:02.603-04:00 DEBUG 15832 --- [user-service] [http-nio-8081-exec-3] o.s.w.s.m.m.a.HttpEntityMethodProcessor  : Using 'application/json', given [*/*] and supported [application/json, application/*+json, application/yaml]
2026-06-20T12:24:02.603-04:00 DEBUG 15832 --- [user-service] [http-nio-8081-exec-3] o.s.w.s.m.m.a.HttpEntityMethodProcessor  : Writing [UserAuthResponse[id=4, email=admin@empresa.com, password=$2b$10$muCDGFIIRNG29eEzZF6Dz.RtgnTsUObmxOTf (truncated)...]
2026-06-20T12:24:02.604-04:00 DEBUG 15832 --- [user-service] [http-nio-8081-exec-3] o.s.web.servlet.DispatcherServlet        : Completed 200 OK
2026-06-20T12:24:44.647-04:00  INFO 15832 --- [user-service] [SpringApplicationShutdownHook] o.s.b.w.e.tomcat.GracefulShutdown        : Commencing graceful shutdown. Waiting for active requests to complete
2026-06-20T12:24:44.658-04:00  INFO 15832 --- [user-service] [tomcat-shutdown] o.s.b.w.e.tomcat.GracefulShutdown        : Graceful shutdown complete
2026-06-20T12:24:44.664-04:00  INFO 15832 --- [user-service] [SpringApplicationShutdownHook] j.LocalContainerEntityManagerFactoryBean : Closing JPA EntityManagerFactory for persistence unit 'default'
2026-06-20T12:24:44.668-04:00  INFO 15832 --- [user-service] [SpringApplicationShutdownHook] com.zaxxer.hikari.HikariDataSource       : HikariPool-1 - Shutdown initiated...
2026-06-20T12:24:44.670-04:00  INFO 15832 --- [user-service] [SpringApplicationShutdownHook] com.zaxxer.hikari.HikariDataSource       : HikariPool-1 - Shutdown completed.
2026-06-20T12:25:14.433-04:00  INFO 26088 --- [user-service] [restartedMain] c.a.userservice.UserServiceApplication   : Starting UserServiceApplication using Java 26 with PID 26088 (C:\Users\camil\Documents\fullstack1\adoptapp\user-service\target\classes started by camila in C:\Users\camil\Documents\fullstack1\adoptapp)
2026-06-20T12:25:14.435-04:00 DEBUG 26088 --- [user-service] [restartedMain] c.a.userservice.UserServiceApplication   : Running with Spring Boot v3.4.5, Spring v6.2.6
2026-06-20T12:25:14.435-04:00  INFO 26088 --- [user-service] [restartedMain] c.a.userservice.UserServiceApplication   : No active profile set, falling back to 1 default profile: "default"
2026-06-20T12:25:14.472-04:00  INFO 26088 --- [user-service] [restartedMain] .e.DevToolsPropertyDefaultsPostProcessor : Devtools property defaults active! Set 'spring.devtools.add-properties' to 'false' to disable
2026-06-20T12:25:14.472-04:00  INFO 26088 --- [user-service] [restartedMain] .e.DevToolsPropertyDefaultsPostProcessor : For additional web related logging consider setting the 'logging.level.web' property to 'DEBUG'
2026-06-20T12:25:15.323-04:00  INFO 26088 --- [user-service] [restartedMain] .s.d.r.c.RepositoryConfigurationDelegate : Bootstrapping Spring Data JPA repositories in DEFAULT mode.
2026-06-20T12:25:15.373-04:00  INFO 26088 --- [user-service] [restartedMain] .s.d.r.c.RepositoryConfigurationDelegate : Finished Spring Data repository scanning in 43 ms. Found 4 JPA repository interfaces.
2026-06-20T12:25:15.546-04:00  INFO 26088 --- [user-service] [restartedMain] o.s.cloud.context.scope.GenericScope     : BeanFactory id=69a8762a-f852-3684-a1d8-5e27c74db3e9
2026-06-20T12:25:16.062-04:00  INFO 26088 --- [user-service] [restartedMain] o.s.b.w.embedded.tomcat.TomcatWebServer  : Tomcat initialized with port 8081 (http)
2026-06-20T12:25:16.076-04:00  INFO 26088 --- [user-service] [restartedMain] o.apache.catalina.core.StandardService   : Starting service [Tomcat]
2026-06-20T12:25:16.076-04:00  INFO 26088 --- [user-service] [restartedMain] o.apache.catalina.core.StandardEngine    : Starting Servlet engine: [Apache Tomcat/10.1.40]
2026-06-20T12:25:16.124-04:00  INFO 26088 --- [user-service] [restartedMain] o.a.c.c.C.[.[localhost].[/user-app]      : Initializing Spring embedded WebApplicationContext
2026-06-20T12:25:16.124-04:00  INFO 26088 --- [user-service] [restartedMain] w.s.c.ServletWebServerApplicationContext : Root WebApplicationContext: initialization completed in 1651 ms
2026-06-20T12:25:16.333-04:00  INFO 26088 --- [user-service] [restartedMain] com.zaxxer.hikari.HikariDataSource       : HikariPool-1 - Starting...
2026-06-20T12:25:16.503-04:00  INFO 26088 --- [user-service] [restartedMain] com.zaxxer.hikari.pool.HikariPool        : HikariPool-1 - Added connection org.postgresql.jdbc.PgConnection@3170b5d
2026-06-20T12:25:16.504-04:00  INFO 26088 --- [user-service] [restartedMain] com.zaxxer.hikari.HikariDataSource       : HikariPool-1 - Start completed.
2026-06-20T12:25:16.524-04:00  INFO 26088 --- [user-service] [restartedMain] org.flywaydb.core.FlywayExecutor         : Database: jdbc:postgresql://localhost:5432/users_db (PostgreSQL 18.3)
2026-06-20T12:25:16.532-04:00  WARN 26088 --- [user-service] [restartedMain] o.f.c.internal.database.base.Database    : Flyway upgrade recommended: PostgreSQL 18.3 is newer than this version of Flyway and support has not been tested. The latest supported version of PostgreSQL is 17.
2026-06-20T12:25:16.570-04:00  INFO 26088 --- [user-service] [restartedMain] o.f.core.internal.command.DbValidate     : Successfully validated 3 migrations (execution time 00:00.024s)
2026-06-20T12:25:16.672-04:00  INFO 26088 --- [user-service] [restartedMain] o.f.core.internal.command.DbMigrate      : Current version of schema "public": 3
2026-06-20T12:25:16.674-04:00  INFO 26088 --- [user-service] [restartedMain] o.f.core.internal.command.DbMigrate      : Schema "public" is up to date. No migration necessary.
2026-06-20T12:25:16.751-04:00  INFO 26088 --- [user-service] [restartedMain] o.hibernate.jpa.internal.util.LogHelper  : HHH000204: Processing PersistenceUnitInfo [name: default]
2026-06-20T12:25:16.802-04:00  INFO 26088 --- [user-service] [restartedMain] org.hibernate.Version                    : HHH000412: Hibernate ORM core version 6.6.13.Final
2026-06-20T12:25:16.834-04:00  INFO 26088 --- [user-service] [restartedMain] o.h.c.internal.RegionFactoryInitiator    : HHH000026: Second-level cache disabled
2026-06-20T12:25:17.067-04:00  INFO 26088 --- [user-service] [restartedMain] o.s.o.j.p.SpringPersistenceUnitInfo      : No LoadTimeWeaver setup: ignoring JPA class transformer
2026-06-20T12:25:17.111-04:00  WARN 26088 --- [user-service] [restartedMain] org.hibernate.orm.deprecation            : HHH90000025: PostgreSQLDialect does not need to be specified explicitly using 'hibernate.dialect' (remove the property setting and it will be selected by default)
2026-06-20T12:25:17.122-04:00  INFO 26088 --- [user-service] [restartedMain] org.hibernate.orm.connections.pooling    : HHH10001005: Database info:
	Database JDBC URL [Connecting through datasource 'HikariDataSource (HikariPool-1)']
	Database driver: undefined/unknown
	Database version: 18.3
	Autocommit mode: undefined/unknown
	Isolation level: undefined/unknown
	Minimum pool size: undefined/unknown
	Maximum pool size: undefined/unknown
2026-06-20T12:25:17.973-04:00  INFO 26088 --- [user-service] [restartedMain] o.h.e.t.j.p.i.JtaPlatformInitiator       : HHH000489: No JTA platform available (set 'hibernate.transaction.jta.platform' to enable JTA platform integration)
2026-06-20T12:25:18.010-04:00  INFO 26088 --- [user-service] [restartedMain] j.LocalContainerEntityManagerFactoryBean : Initialized JPA EntityManagerFactory for persistence unit 'default'
2026-06-20T12:25:18.469-04:00  WARN 26088 --- [user-service] [restartedMain] JpaBaseConfiguration$JpaWebConfiguration : spring.jpa.open-in-view is enabled by default. Therefore, database queries may be performed during view rendering. Explicitly configure spring.jpa.open-in-view to disable this warning
2026-06-20T12:25:18.511-04:00  INFO 26088 --- [user-service] [restartedMain] o.s.b.d.a.OptionalLiveReloadServer       : LiveReload server is running on port 35729
2026-06-20T12:25:18.594-04:00  INFO 26088 --- [user-service] [restartedMain] r$InitializeUserDetailsManagerConfigurer : Global AuthenticationManager configured with UserDetailsService bean with name customUserDetailsService
2026-06-20T12:25:18.715-04:00 DEBUG 26088 --- [user-service] [restartedMain] s.w.s.m.m.a.RequestMappingHandlerMapping : 15 mappings in 'requestMappingHandlerMapping'
2026-06-20T12:25:18.794-04:00 DEBUG 26088 --- [user-service] [restartedMain] o.s.w.s.handler.SimpleUrlHandlerMapping  : Patterns [/webjars/**, /**, /doc/swagger-ui*/*swagger-initializer.js, /doc/swagger-ui*/**] in 'resourceHandlerMapping'
2026-06-20T12:25:18.941-04:00 DEBUG 26088 --- [user-service] [restartedMain] s.w.s.m.m.a.RequestMappingHandlerAdapter : ControllerAdvice beans: 0 @ModelAttribute, 0 @InitBinder, 1 RequestBodyAdvice, 1 ResponseBodyAdvice
2026-06-20T12:25:18.980-04:00 DEBUG 26088 --- [user-service] [restartedMain] .m.m.a.ExceptionHandlerExceptionResolver : ControllerAdvice beans: 2 @ExceptionHandler, 1 ResponseBodyAdvice
2026-06-20T12:25:19.079-04:00  INFO 26088 --- [user-service] [restartedMain] o.s.b.a.h2.H2ConsoleAutoConfiguration    : H2 console available at '/h2-console'. Database available at 'jdbc:postgresql://localhost:5432/users_db'
2026-06-20T12:25:20.142-04:00  INFO 26088 --- [user-service] [restartedMain] o.s.cloud.commons.util.InetUtils         : Cannot determine local hostname
2026-06-20T12:25:20.208-04:00  INFO 26088 --- [user-service] [restartedMain] o.s.b.w.embedded.tomcat.TomcatWebServer  : Tomcat started on port 8081 (http) with context path '/user-app'
2026-06-20T12:25:21.214-04:00  INFO 26088 --- [user-service] [restartedMain] o.s.cloud.commons.util.InetUtils         : Cannot determine local hostname
2026-06-20T12:25:21.221-04:00  INFO 26088 --- [user-service] [restartedMain] c.a.userservice.UserServiceApplication   : Started UserServiceApplication in 8.255 seconds (process running for 9.169)
2026-06-20T12:25:37.391-04:00  INFO 26088 --- [user-service] [http-nio-8081-exec-1] o.a.c.c.C.[.[localhost].[/user-app]      : Initializing Spring DispatcherServlet 'dispatcherServlet'
2026-06-20T12:25:37.392-04:00  INFO 26088 --- [user-service] [http-nio-8081-exec-1] o.s.web.servlet.DispatcherServlet        : Initializing Servlet 'dispatcherServlet'
2026-06-20T12:25:37.392-04:00 DEBUG 26088 --- [user-service] [http-nio-8081-exec-1] o.s.web.servlet.DispatcherServlet        : Detected StandardServletMultipartResolver
2026-06-20T12:25:37.392-04:00 DEBUG 26088 --- [user-service] [http-nio-8081-exec-1] o.s.web.servlet.DispatcherServlet        : Detected AcceptHeaderLocaleResolver
2026-06-20T12:25:37.392-04:00 DEBUG 26088 --- [user-service] [http-nio-8081-exec-1] o.s.web.servlet.DispatcherServlet        : Detected FixedThemeResolver
2026-06-20T12:25:37.393-04:00 DEBUG 26088 --- [user-service] [http-nio-8081-exec-1] o.s.web.servlet.DispatcherServlet        : Detected org.springframework.web.servlet.view.DefaultRequestToViewNameTranslator@70f06ea5
2026-06-20T12:25:37.393-04:00 DEBUG 26088 --- [user-service] [http-nio-8081-exec-1] o.s.web.servlet.DispatcherServlet        : Detected org.springframework.web.servlet.support.SessionFlashMapManager@e5d5b18
2026-06-20T12:25:37.394-04:00 DEBUG 26088 --- [user-service] [http-nio-8081-exec-1] o.s.web.servlet.DispatcherServlet        : enableLoggingRequestDetails='false': request parameters and headers will be masked to prevent unsafe logging of potentially sensitive data
2026-06-20T12:25:37.394-04:00  INFO 26088 --- [user-service] [http-nio-8081-exec-1] o.s.web.servlet.DispatcherServlet        : Completed initialization in 2 ms
2026-06-20T12:25:37.430-04:00 DEBUG 26088 --- [user-service] [http-nio-8081-exec-1] o.s.web.servlet.DispatcherServlet        : GET "/user-app/doc/swagger-ui.html", parameters={}
2026-06-20T12:25:37.431-04:00 DEBUG 26088 --- [user-service] [http-nio-8081-exec-1] s.w.s.m.m.a.RequestMappingHandlerMapping : Mapped to org.springdoc.webmvc.ui.SwaggerWelcomeWebMvc#redirectToUi(HttpServletRequest)
2026-06-20T12:25:37.477-04:00 DEBUG 26088 --- [user-service] [http-nio-8081-exec-1] o.s.w.s.m.m.a.HttpEntityMethodProcessor  : Using 'application/json;q=0.8', given [text/html, application/xhtml+xml, image/avif, image/webp, image/apng, application/xml;q=0.9, */*;q=0.8, application/signed-exchange;v=b3;q=0.7] and supported [application/json, application/*+json, application/yaml]
2026-06-20T12:25:37.479-04:00 DEBUG 26088 --- [user-service] [http-nio-8081-exec-1] o.s.w.s.m.m.a.HttpEntityMethodProcessor  : Nothing to write: null body
2026-06-20T12:25:37.480-04:00 DEBUG 26088 --- [user-service] [http-nio-8081-exec-1] o.s.web.servlet.DispatcherServlet        : Completed 302 FOUND
2026-06-20T12:25:37.487-04:00 DEBUG 26088 --- [user-service] [http-nio-8081-exec-2] o.s.web.servlet.DispatcherServlet        : GET "/user-app/doc/swagger-ui/index.html", parameters={}
2026-06-20T12:25:37.488-04:00 DEBUG 26088 --- [user-service] [http-nio-8081-exec-2] o.s.w.s.handler.SimpleUrlHandlerMapping  : Mapped to ResourceHttpRequestHandler [classpath [META-INF/resources/webjars/]]
2026-06-20T12:25:37.496-04:00 DEBUG 26088 --- [user-service] [http-nio-8081-exec-2] o.s.web.servlet.DispatcherServlet        : Completed 200 OK
2026-06-20T12:25:37.504-04:00 DEBUG 26088 --- [user-service] [http-nio-8081-exec-4] o.s.web.servlet.DispatcherServlet        : GET "/user-app/doc/swagger-ui/swagger-ui.css", parameters={}
2026-06-20T12:25:37.504-04:00 DEBUG 26088 --- [user-service] [http-nio-8081-exec-5] o.s.web.servlet.DispatcherServlet        : GET "/user-app/doc/swagger-ui/index.css", parameters={}
2026-06-20T12:25:37.505-04:00 DEBUG 26088 --- [user-service] [http-nio-8081-exec-4] o.s.w.s.handler.SimpleUrlHandlerMapping  : Mapped to ResourceHttpRequestHandler [classpath [META-INF/resources/webjars/]]
2026-06-20T12:25:37.505-04:00 DEBUG 26088 --- [user-service] [http-nio-8081-exec-5] o.s.w.s.handler.SimpleUrlHandlerMapping  : Mapped to ResourceHttpRequestHandler [classpath [META-INF/resources/webjars/]]
2026-06-20T12:25:37.505-04:00 DEBUG 26088 --- [user-service] [http-nio-8081-exec-3] o.s.web.servlet.DispatcherServlet        : GET "/user-app/doc/swagger-ui/swagger-ui-bundle.js", parameters={}
2026-06-20T12:25:37.505-04:00 DEBUG 26088 --- [user-service] [http-nio-8081-exec-7] o.s.web.servlet.DispatcherServlet        : GET "/user-app/doc/swagger-ui/swagger-initializer.js", parameters={}
2026-06-20T12:25:37.505-04:00 DEBUG 26088 --- [user-service] [http-nio-8081-exec-6] o.s.web.servlet.DispatcherServlet        : GET "/user-app/doc/swagger-ui/swagger-ui-standalone-preset.js", parameters={}
2026-06-20T12:25:37.506-04:00 DEBUG 26088 --- [user-service] [http-nio-8081-exec-3] o.s.w.s.handler.SimpleUrlHandlerMapping  : Mapped to ResourceHttpRequestHandler [classpath [META-INF/resources/webjars/]]
2026-06-20T12:25:37.506-04:00 DEBUG 26088 --- [user-service] [http-nio-8081-exec-6] o.s.w.s.handler.SimpleUrlHandlerMapping  : Mapped to ResourceHttpRequestHandler [classpath [META-INF/resources/webjars/]]
2026-06-20T12:25:37.506-04:00 DEBUG 26088 --- [user-service] [http-nio-8081-exec-7] o.s.w.s.handler.SimpleUrlHandlerMapping  : Mapped to ResourceHttpRequestHandler [classpath [META-INF/resources/webjars/]]
2026-06-20T12:25:37.509-04:00 DEBUG 26088 --- [user-service] [http-nio-8081-exec-5] o.s.web.servlet.DispatcherServlet        : Completed 200 OK
2026-06-20T12:25:37.510-04:00 DEBUG 26088 --- [user-service] [http-nio-8081-exec-4] o.s.web.servlet.DispatcherServlet        : Completed 200 OK
2026-06-20T12:25:37.513-04:00 DEBUG 26088 --- [user-service] [http-nio-8081-exec-6] o.s.web.servlet.DispatcherServlet        : Completed 200 OK
2026-06-20T12:25:37.522-04:00 DEBUG 26088 --- [user-service] [http-nio-8081-exec-7] o.s.web.servlet.DispatcherServlet        : Completed 200 OK
2026-06-20T12:25:37.527-04:00 DEBUG 26088 --- [user-service] [http-nio-8081-exec-3] o.s.web.servlet.DispatcherServlet        : Completed 200 OK
2026-06-20T12:25:37.641-04:00 DEBUG 26088 --- [user-service] [http-nio-8081-exec-8] o.s.web.servlet.DispatcherServlet        : GET "/user-app/v3/api-docs/swagger-config", parameters={}
2026-06-20T12:25:37.642-04:00 DEBUG 26088 --- [user-service] [http-nio-8081-exec-8] s.w.s.m.m.a.RequestMappingHandlerMapping : Mapped to org.springdoc.webmvc.ui.SwaggerConfigResource#openapiJson(HttpServletRequest)
2026-06-20T12:25:37.645-04:00 DEBUG 26088 --- [user-service] [http-nio-8081-exec-8] m.m.a.RequestResponseBodyMethodProcessor : Using 'application/json', given [*/*] and supported [application/json]
2026-06-20T12:25:37.647-04:00 DEBUG 26088 --- [user-service] [http-nio-8081-exec-9] o.s.web.servlet.DispatcherServlet        : GET "/user-app/doc/swagger-ui/favicon-32x32.png", parameters={}
2026-06-20T12:25:37.648-04:00 DEBUG 26088 --- [user-service] [http-nio-8081-exec-9] o.s.w.s.handler.SimpleUrlHandlerMapping  : Mapped to ResourceHttpRequestHandler [classpath [META-INF/resources/webjars/]]
2026-06-20T12:25:37.648-04:00 DEBUG 26088 --- [user-service] [http-nio-8081-exec-8] m.m.a.RequestResponseBodyMethodProcessor : Writing [{configUrl=/user-app/v3/api-docs/swagger-config, oauth2RedirectUrl=http://localhost:8081/user-app/do (truncated)...]
2026-06-20T12:25:37.653-04:00 DEBUG 26088 --- [user-service] [http-nio-8081-exec-9] o.s.web.servlet.DispatcherServlet        : Completed 200 OK
2026-06-20T12:25:37.655-04:00 DEBUG 26088 --- [user-service] [http-nio-8081-exec-8] o.s.web.servlet.DispatcherServlet        : Completed 200 OK
2026-06-20T12:25:37.666-04:00 DEBUG 26088 --- [user-service] [http-nio-8081-exec-10] o.s.web.servlet.DispatcherServlet        : GET "/user-app/v3/api-docs", parameters={}
2026-06-20T12:25:37.667-04:00 DEBUG 26088 --- [user-service] [http-nio-8081-exec-10] s.w.s.m.m.a.RequestMappingHandlerMapping : Mapped to org.springdoc.webmvc.api.OpenApiWebMvcResource#openapiJson(HttpServletRequest, String, Locale)
2026-06-20T12:25:38.316-04:00  INFO 26088 --- [user-service] [http-nio-8081-exec-10] o.springdoc.api.AbstractOpenApiResource  : Init duration for springdoc-openapi is: 631 ms
2026-06-20T12:25:38.341-04:00 DEBUG 26088 --- [user-service] [http-nio-8081-exec-10] m.m.a.RequestResponseBodyMethodProcessor : Using 'application/json', given [application/json, */*] and supported [application/json]
2026-06-20T12:25:38.344-04:00 DEBUG 26088 --- [user-service] [http-nio-8081-exec-10] m.m.a.RequestResponseBodyMethodProcessor : Writing [{123, 34, 111, 112, 101, 110, 97, 112, 105, 34, 58, 34, 51, 46, 49, 46, 48, 34, 44, 34, 105, 110, 10 (truncated)...]
2026-06-20T12:25:38.346-04:00 DEBUG 26088 --- [user-service] [http-nio-8081-exec-10] o.s.web.servlet.DispatcherServlet        : Completed 200 OK
2026-06-20T12:28:00.960-04:00 DEBUG 26088 --- [user-service] [http-nio-8081-exec-3] org.hibernate.SQL                        : 
    select
        u1_0.id,
        u1_0.active,
        u1_0.created_at,
        u1_0.email,
        u1_0.name,
        u1_0.password,
        u1_0.role,
        u1_0.status,
        u1_0.surname,
        u1_0.updated_at,
        u1_0.username 
    from
        users u1_0 
    where
        u1_0.email=?
2026-06-20T12:28:01.017-04:00 DEBUG 26088 --- [user-service] [http-nio-8081-exec-3] org.hibernate.SQL                        : 
    select
        up1_0.id,
        up1_0.number,
        u1_0.id,
        u1_0.active,
        u1_0.created_at,
        u1_0.email,
        u1_0.name,
        u1_0.password,
        u1_0.role,
        u1_0.status,
        u1_0.surname,
        u1_0.updated_at,
        u1_0.username 
    from
        user_phones up1_0 
    left join
        users u1_0 
            on u1_0.id=up1_0.user_id 
    where
        up1_0.user_id=?
2026-06-20T12:28:01.157-04:00 DEBUG 26088 --- [user-service] [http-nio-8081-exec-3] o.s.web.servlet.DispatcherServlet        : GET "/user-app/users/by-id/1", parameters={}
2026-06-20T12:28:01.157-04:00 DEBUG 26088 --- [user-service] [http-nio-8081-exec-3] s.w.s.m.m.a.RequestMappingHandlerMapping : Mapped to com.adoptapp.userservice.controller.UserController#getUserById(Long)
2026-06-20T12:28:01.192-04:00 DEBUG 26088 --- [user-service] [http-nio-8081-exec-3] org.hibernate.SQL                        : 
    select
        u1_0.id,
        u1_0.active,
        u1_0.created_at,
        u1_0.email,
        u1_0.name,
        u1_0.password,
        p1_0.id,
        p1_0.number,
        u1_0.role,
        u1_0.status,
        u1_0.surname,
        u1_0.updated_at,
        u1_0.username 
    from
        users u1_0 
    left join
        user_phones p1_0 
            on u1_0.id=p1_0.user_id 
    where
        u1_0.id=?
2026-06-20T12:28:01.202-04:00 DEBUG 26088 --- [user-service] [http-nio-8081-exec-3] org.hibernate.SQL                        : 
    select
        a1_0.user_id,
        a1_0.id,
        a1_0.city,
        a1_0.country,
        a1_0.home_number,
        a1_0.postal_code,
        a1_0.primary_address,
        a1_0.street,
        a1_0.type 
    from
        user_addresses a1_0 
    where
        a1_0.user_id=?
2026-06-20T12:28:01.221-04:00 DEBUG 26088 --- [user-service] [http-nio-8081-exec-3] o.s.w.s.m.m.a.HttpEntityMethodProcessor  : Using 'application/json', given [*/*] and supported [application/json, application/*+json, application/yaml]
2026-06-20T12:28:01.231-04:00 DEBUG 26088 --- [user-service] [http-nio-8081-exec-3] o.s.w.s.m.m.a.HttpEntityMethodProcessor  : Writing [UserResponse[id=1, username=LisaS, name=Lisa, surname=Simpson, email=lsimpson@mail.com, phone=123456 (truncated)...]
2026-06-20T12:28:01.234-04:00 DEBUG 26088 --- [user-service] [http-nio-8081-exec-3] o.s.web.servlet.DispatcherServlet        : Completed 200 OK
2026-06-20T12:29:58.918-04:00  INFO 26088 --- [user-service] [SpringApplicationShutdownHook] o.s.b.w.e.tomcat.GracefulShutdown        : Commencing graceful shutdown. Waiting for active requests to complete
2026-06-20T12:29:58.924-04:00  INFO 26088 --- [user-service] [tomcat-shutdown] o.s.b.w.e.tomcat.GracefulShutdown        : Graceful shutdown complete
2026-06-20T12:29:58.930-04:00  INFO 26088 --- [user-service] [SpringApplicationShutdownHook] j.LocalContainerEntityManagerFactoryBean : Closing JPA EntityManagerFactory for persistence unit 'default'
2026-06-20T12:29:58.932-04:00  INFO 26088 --- [user-service] [SpringApplicationShutdownHook] com.zaxxer.hikari.HikariDataSource       : HikariPool-1 - Shutdown initiated...
2026-06-20T12:29:58.934-04:00  INFO 26088 --- [user-service] [SpringApplicationShutdownHook] com.zaxxer.hikari.HikariDataSource       : HikariPool-1 - Shutdown completed.
2026-06-20T12:30:06.272-04:00  INFO 8348 --- [user-service] [restartedMain] c.a.userservice.UserServiceApplication   : Starting UserServiceApplication using Java 26 with PID 8348 (C:\Users\camil\Documents\fullstack1\adoptapp\user-service\target\classes started by camila in C:\Users\camil\Documents\fullstack1\adoptapp)
2026-06-20T12:30:06.275-04:00 DEBUG 8348 --- [user-service] [restartedMain] c.a.userservice.UserServiceApplication   : Running with Spring Boot v3.4.5, Spring v6.2.6
2026-06-20T12:30:06.275-04:00  INFO 8348 --- [user-service] [restartedMain] c.a.userservice.UserServiceApplication   : No active profile set, falling back to 1 default profile: "default"
2026-06-20T12:30:06.321-04:00  INFO 8348 --- [user-service] [restartedMain] .e.DevToolsPropertyDefaultsPostProcessor : Devtools property defaults active! Set 'spring.devtools.add-properties' to 'false' to disable
2026-06-20T12:30:06.321-04:00  INFO 8348 --- [user-service] [restartedMain] .e.DevToolsPropertyDefaultsPostProcessor : For additional web related logging consider setting the 'logging.level.web' property to 'DEBUG'
2026-06-20T12:30:07.234-04:00  INFO 8348 --- [user-service] [restartedMain] .s.d.r.c.RepositoryConfigurationDelegate : Bootstrapping Spring Data JPA repositories in DEFAULT mode.
2026-06-20T12:30:07.307-04:00  INFO 8348 --- [user-service] [restartedMain] .s.d.r.c.RepositoryConfigurationDelegate : Finished Spring Data repository scanning in 60 ms. Found 4 JPA repository interfaces.
2026-06-20T12:30:07.490-04:00  INFO 8348 --- [user-service] [restartedMain] o.s.cloud.context.scope.GenericScope     : BeanFactory id=69a8762a-f852-3684-a1d8-5e27c74db3e9
2026-06-20T12:30:07.966-04:00  INFO 8348 --- [user-service] [restartedMain] o.s.b.w.embedded.tomcat.TomcatWebServer  : Tomcat initialized with port 8081 (http)
2026-06-20T12:30:07.979-04:00  INFO 8348 --- [user-service] [restartedMain] o.apache.catalina.core.StandardService   : Starting service [Tomcat]
2026-06-20T12:30:07.979-04:00  INFO 8348 --- [user-service] [restartedMain] o.apache.catalina.core.StandardEngine    : Starting Servlet engine: [Apache Tomcat/10.1.40]
2026-06-20T12:30:08.026-04:00  INFO 8348 --- [user-service] [restartedMain] o.a.c.c.C.[.[localhost].[/user-app]      : Initializing Spring embedded WebApplicationContext
2026-06-20T12:30:08.026-04:00  INFO 8348 --- [user-service] [restartedMain] w.s.c.ServletWebServerApplicationContext : Root WebApplicationContext: initialization completed in 1704 ms
2026-06-20T12:30:08.245-04:00  INFO 8348 --- [user-service] [restartedMain] com.zaxxer.hikari.HikariDataSource       : HikariPool-1 - Starting...
2026-06-20T12:30:08.430-04:00  INFO 8348 --- [user-service] [restartedMain] com.zaxxer.hikari.pool.HikariPool        : HikariPool-1 - Added connection org.postgresql.jdbc.PgConnection@55b485e8
2026-06-20T12:30:08.432-04:00  INFO 8348 --- [user-service] [restartedMain] com.zaxxer.hikari.HikariDataSource       : HikariPool-1 - Start completed.
2026-06-20T12:30:08.457-04:00  INFO 8348 --- [user-service] [restartedMain] org.flywaydb.core.FlywayExecutor         : Database: jdbc:postgresql://localhost:5432/users_db (PostgreSQL 18.3)
2026-06-20T12:30:08.467-04:00  WARN 8348 --- [user-service] [restartedMain] o.f.c.internal.database.base.Database    : Flyway upgrade recommended: PostgreSQL 18.3 is newer than this version of Flyway and support has not been tested. The latest supported version of PostgreSQL is 17.
2026-06-20T12:30:08.511-04:00  INFO 8348 --- [user-service] [restartedMain] o.f.core.internal.command.DbValidate     : Successfully validated 3 migrations (execution time 00:00.031s)
2026-06-20T12:30:08.629-04:00  INFO 8348 --- [user-service] [restartedMain] o.f.core.internal.command.DbMigrate      : Current version of schema "public": 3
2026-06-20T12:30:08.632-04:00  INFO 8348 --- [user-service] [restartedMain] o.f.core.internal.command.DbMigrate      : Schema "public" is up to date. No migration necessary.
2026-06-20T12:30:08.737-04:00  INFO 8348 --- [user-service] [restartedMain] o.hibernate.jpa.internal.util.LogHelper  : HHH000204: Processing PersistenceUnitInfo [name: default]
2026-06-20T12:30:08.787-04:00  INFO 8348 --- [user-service] [restartedMain] org.hibernate.Version                    : HHH000412: Hibernate ORM core version 6.6.13.Final
2026-06-20T12:30:08.817-04:00  INFO 8348 --- [user-service] [restartedMain] o.h.c.internal.RegionFactoryInitiator    : HHH000026: Second-level cache disabled
2026-06-20T12:30:09.087-04:00  INFO 8348 --- [user-service] [restartedMain] o.s.o.j.p.SpringPersistenceUnitInfo      : No LoadTimeWeaver setup: ignoring JPA class transformer
2026-06-20T12:30:09.145-04:00  WARN 8348 --- [user-service] [restartedMain] org.hibernate.orm.deprecation            : HHH90000025: PostgreSQLDialect does not need to be specified explicitly using 'hibernate.dialect' (remove the property setting and it will be selected by default)
2026-06-20T12:30:09.158-04:00  INFO 8348 --- [user-service] [restartedMain] org.hibernate.orm.connections.pooling    : HHH10001005: Database info:
	Database JDBC URL [Connecting through datasource 'HikariDataSource (HikariPool-1)']
	Database driver: undefined/unknown
	Database version: 18.3
	Autocommit mode: undefined/unknown
	Isolation level: undefined/unknown
	Minimum pool size: undefined/unknown
	Maximum pool size: undefined/unknown
2026-06-20T12:30:10.069-04:00  INFO 8348 --- [user-service] [restartedMain] o.h.e.t.j.p.i.JtaPlatformInitiator       : HHH000489: No JTA platform available (set 'hibernate.transaction.jta.platform' to enable JTA platform integration)
2026-06-20T12:30:10.103-04:00  INFO 8348 --- [user-service] [restartedMain] j.LocalContainerEntityManagerFactoryBean : Initialized JPA EntityManagerFactory for persistence unit 'default'
2026-06-20T12:30:10.600-04:00  WARN 8348 --- [user-service] [restartedMain] JpaBaseConfiguration$JpaWebConfiguration : spring.jpa.open-in-view is enabled by default. Therefore, database queries may be performed during view rendering. Explicitly configure spring.jpa.open-in-view to disable this warning
2026-06-20T12:30:10.642-04:00  INFO 8348 --- [user-service] [restartedMain] o.s.b.d.a.OptionalLiveReloadServer       : LiveReload server is running on port 35729
2026-06-20T12:30:10.747-04:00  INFO 8348 --- [user-service] [restartedMain] r$InitializeUserDetailsManagerConfigurer : Global AuthenticationManager configured with UserDetailsService bean with name customUserDetailsService
2026-06-20T12:30:10.879-04:00 DEBUG 8348 --- [user-service] [restartedMain] s.w.s.m.m.a.RequestMappingHandlerMapping : 15 mappings in 'requestMappingHandlerMapping'
2026-06-20T12:30:10.976-04:00 DEBUG 8348 --- [user-service] [restartedMain] o.s.w.s.handler.SimpleUrlHandlerMapping  : Patterns [/webjars/**, /**, /doc/swagger-ui*/*swagger-initializer.js, /doc/swagger-ui*/**] in 'resourceHandlerMapping'
2026-06-20T12:30:11.121-04:00 DEBUG 8348 --- [user-service] [restartedMain] s.w.s.m.m.a.RequestMappingHandlerAdapter : ControllerAdvice beans: 0 @ModelAttribute, 0 @InitBinder, 1 RequestBodyAdvice, 1 ResponseBodyAdvice
2026-06-20T12:30:11.166-04:00 DEBUG 8348 --- [user-service] [restartedMain] .m.m.a.ExceptionHandlerExceptionResolver : ControllerAdvice beans: 2 @ExceptionHandler, 1 ResponseBodyAdvice
2026-06-20T12:30:11.281-04:00  INFO 8348 --- [user-service] [restartedMain] o.s.b.a.h2.H2ConsoleAutoConfiguration    : H2 console available at '/h2-console'. Database available at 'jdbc:postgresql://localhost:5432/users_db'
2026-06-20T12:30:12.356-04:00  INFO 8348 --- [user-service] [restartedMain] o.s.cloud.commons.util.InetUtils         : Cannot determine local hostname
2026-06-20T12:30:12.416-04:00  INFO 8348 --- [user-service] [restartedMain] o.s.b.w.embedded.tomcat.TomcatWebServer  : Tomcat started on port 8081 (http) with context path '/user-app'
2026-06-20T12:30:13.422-04:00  INFO 8348 --- [user-service] [restartedMain] o.s.cloud.commons.util.InetUtils         : Cannot determine local hostname
2026-06-20T12:30:13.428-04:00  INFO 8348 --- [user-service] [restartedMain] c.a.userservice.UserServiceApplication   : Started UserServiceApplication in 8.666 seconds (process running for 9.836)
2026-06-20T12:30:18.817-04:00  INFO 8348 --- [user-service] [http-nio-8081-exec-1] o.a.c.c.C.[.[localhost].[/user-app]      : Initializing Spring DispatcherServlet 'dispatcherServlet'
2026-06-20T12:30:18.819-04:00  INFO 8348 --- [user-service] [http-nio-8081-exec-1] o.s.web.servlet.DispatcherServlet        : Initializing Servlet 'dispatcherServlet'
2026-06-20T12:30:18.819-04:00 DEBUG 8348 --- [user-service] [http-nio-8081-exec-1] o.s.web.servlet.DispatcherServlet        : Detected StandardServletMultipartResolver
2026-06-20T12:30:18.819-04:00 DEBUG 8348 --- [user-service] [http-nio-8081-exec-1] o.s.web.servlet.DispatcherServlet        : Detected AcceptHeaderLocaleResolver
2026-06-20T12:30:18.819-04:00 DEBUG 8348 --- [user-service] [http-nio-8081-exec-1] o.s.web.servlet.DispatcherServlet        : Detected FixedThemeResolver
2026-06-20T12:30:18.821-04:00 DEBUG 8348 --- [user-service] [http-nio-8081-exec-1] o.s.web.servlet.DispatcherServlet        : Detected org.springframework.web.servlet.view.DefaultRequestToViewNameTranslator@7e82af68
2026-06-20T12:30:18.822-04:00 DEBUG 8348 --- [user-service] [http-nio-8081-exec-1] o.s.web.servlet.DispatcherServlet        : Detected org.springframework.web.servlet.support.SessionFlashMapManager@11f6ddbd
2026-06-20T12:30:18.823-04:00 DEBUG 8348 --- [user-service] [http-nio-8081-exec-1] o.s.web.servlet.DispatcherServlet        : enableLoggingRequestDetails='false': request parameters and headers will be masked to prevent unsafe logging of potentially sensitive data
2026-06-20T12:30:18.823-04:00  INFO 8348 --- [user-service] [http-nio-8081-exec-1] o.s.web.servlet.DispatcherServlet        : Completed initialization in 4 ms
2026-06-20T12:30:18.864-04:00 DEBUG 8348 --- [user-service] [http-nio-8081-exec-1] o.s.web.servlet.DispatcherServlet        : GET "/user-app/doc/swagger-ui/index.html", parameters={}
2026-06-20T12:30:18.868-04:00 DEBUG 8348 --- [user-service] [http-nio-8081-exec-1] o.s.w.s.handler.SimpleUrlHandlerMapping  : Mapped to ResourceHttpRequestHandler [classpath [META-INF/resources/webjars/]]
2026-06-20T12:30:18.908-04:00 DEBUG 8348 --- [user-service] [http-nio-8081-exec-1] o.s.web.servlet.DispatcherServlet        : Completed 200 OK
2026-06-20T12:30:18.921-04:00 DEBUG 8348 --- [user-service] [http-nio-8081-exec-3] o.s.web.servlet.DispatcherServlet        : GET "/user-app/doc/swagger-ui/index.css", parameters={}
2026-06-20T12:30:18.922-04:00 DEBUG 8348 --- [user-service] [http-nio-8081-exec-2] o.s.web.servlet.DispatcherServlet        : GET "/user-app/doc/swagger-ui/swagger-ui.css", parameters={}
2026-06-20T12:30:18.922-04:00 DEBUG 8348 --- [user-service] [http-nio-8081-exec-4] o.s.web.servlet.DispatcherServlet        : GET "/user-app/doc/swagger-ui/swagger-ui-bundle.js", parameters={}
2026-06-20T12:30:18.923-04:00 DEBUG 8348 --- [user-service] [http-nio-8081-exec-3] o.s.w.s.handler.SimpleUrlHandlerMapping  : Mapped to ResourceHttpRequestHandler [classpath [META-INF/resources/webjars/]]
2026-06-20T12:30:18.923-04:00 DEBUG 8348 --- [user-service] [http-nio-8081-exec-4] o.s.w.s.handler.SimpleUrlHandlerMapping  : Mapped to ResourceHttpRequestHandler [classpath [META-INF/resources/webjars/]]
2026-06-20T12:30:18.923-04:00 DEBUG 8348 --- [user-service] [http-nio-8081-exec-2] o.s.w.s.handler.SimpleUrlHandlerMapping  : Mapped to ResourceHttpRequestHandler [classpath [META-INF/resources/webjars/]]
2026-06-20T12:30:18.924-04:00 DEBUG 8348 --- [user-service] [http-nio-8081-exec-5] o.s.web.servlet.DispatcherServlet        : GET "/user-app/doc/swagger-ui/swagger-ui-standalone-preset.js", parameters={}
2026-06-20T12:30:18.924-04:00 DEBUG 8348 --- [user-service] [http-nio-8081-exec-8] o.s.web.servlet.DispatcherServlet        : GET "/user-app/doc/swagger-ui/swagger-initializer.js", parameters={}
2026-06-20T12:30:18.925-04:00 DEBUG 8348 --- [user-service] [http-nio-8081-exec-5] o.s.w.s.handler.SimpleUrlHandlerMapping  : Mapped to ResourceHttpRequestHandler [classpath [META-INF/resources/webjars/]]
2026-06-20T12:30:18.925-04:00 DEBUG 8348 --- [user-service] [http-nio-8081-exec-8] o.s.w.s.handler.SimpleUrlHandlerMapping  : Mapped to ResourceHttpRequestHandler [classpath [META-INF/resources/webjars/]]
2026-06-20T12:30:18.927-04:00 DEBUG 8348 --- [user-service] [http-nio-8081-exec-3] o.s.web.servlet.DispatcherServlet        : Completed 200 OK
2026-06-20T12:30:18.930-04:00 DEBUG 8348 --- [user-service] [http-nio-8081-exec-2] o.s.web.servlet.DispatcherServlet        : Completed 200 OK
2026-06-20T12:30:18.934-04:00 DEBUG 8348 --- [user-service] [http-nio-8081-exec-5] o.s.web.servlet.DispatcherServlet        : Completed 200 OK
2026-06-20T12:30:18.952-04:00 DEBUG 8348 --- [user-service] [http-nio-8081-exec-8] o.s.web.servlet.DispatcherServlet        : Completed 200 OK
2026-06-20T12:30:18.956-04:00 DEBUG 8348 --- [user-service] [http-nio-8081-exec-4] o.s.web.servlet.DispatcherServlet        : Completed 200 OK
2026-06-20T12:30:19.126-04:00 DEBUG 8348 --- [user-service] [http-nio-8081-exec-7] o.s.web.servlet.DispatcherServlet        : GET "/user-app/v3/api-docs/swagger-config", parameters={}
2026-06-20T12:30:19.126-04:00 DEBUG 8348 --- [user-service] [http-nio-8081-exec-7] s.w.s.m.m.a.RequestMappingHandlerMapping : Mapped to org.springdoc.webmvc.ui.SwaggerConfigResource#openapiJson(HttpServletRequest)
2026-06-20T12:30:19.126-04:00 DEBUG 8348 --- [user-service] [http-nio-8081-exec-6] o.s.web.servlet.DispatcherServlet        : GET "/user-app/doc/swagger-ui/favicon-32x32.png", parameters={}
2026-06-20T12:30:19.127-04:00 DEBUG 8348 --- [user-service] [http-nio-8081-exec-6] o.s.w.s.handler.SimpleUrlHandlerMapping  : Mapped to ResourceHttpRequestHandler [classpath [META-INF/resources/webjars/]]
2026-06-20T12:30:19.132-04:00 DEBUG 8348 --- [user-service] [http-nio-8081-exec-6] o.s.web.servlet.DispatcherServlet        : Completed 200 OK
2026-06-20T12:30:19.149-04:00 DEBUG 8348 --- [user-service] [http-nio-8081-exec-7] m.m.a.RequestResponseBodyMethodProcessor : Using 'application/json', given [*/*] and supported [application/json]
2026-06-20T12:30:19.154-04:00 DEBUG 8348 --- [user-service] [http-nio-8081-exec-7] m.m.a.RequestResponseBodyMethodProcessor : Writing [{configUrl=/user-app/v3/api-docs/swagger-config, oauth2RedirectUrl=http://localhost:8081/user-app/do (truncated)...]
2026-06-20T12:30:19.163-04:00 DEBUG 8348 --- [user-service] [http-nio-8081-exec-7] o.s.web.servlet.DispatcherServlet        : Completed 200 OK
2026-06-20T12:30:19.170-04:00 DEBUG 8348 --- [user-service] [http-nio-8081-exec-9] o.s.web.servlet.DispatcherServlet        : GET "/user-app/v3/api-docs", parameters={}
2026-06-20T12:30:19.171-04:00 DEBUG 8348 --- [user-service] [http-nio-8081-exec-9] s.w.s.m.m.a.RequestMappingHandlerMapping : Mapped to org.springdoc.webmvc.api.OpenApiWebMvcResource#openapiJson(HttpServletRequest, String, Locale)
2026-06-20T12:30:20.028-04:00  INFO 8348 --- [user-service] [http-nio-8081-exec-9] o.springdoc.api.AbstractOpenApiResource  : Init duration for springdoc-openapi is: 842 ms
2026-06-20T12:30:20.061-04:00 DEBUG 8348 --- [user-service] [http-nio-8081-exec-9] m.m.a.RequestResponseBodyMethodProcessor : Using 'application/json', given [application/json, */*] and supported [application/json]
2026-06-20T12:30:20.066-04:00 DEBUG 8348 --- [user-service] [http-nio-8081-exec-9] m.m.a.RequestResponseBodyMethodProcessor : Writing [{123, 34, 111, 112, 101, 110, 97, 112, 105, 34, 58, 34, 51, 46, 49, 46, 48, 34, 44, 34, 105, 110, 10 (truncated)...]
2026-06-20T12:30:20.068-04:00 DEBUG 8348 --- [user-service] [http-nio-8081-exec-9] o.s.web.servlet.DispatcherServlet        : Completed 200 OK
2026-06-20T12:30:47.967-04:00 DEBUG 8348 --- [user-service] [http-nio-8081-exec-10] org.hibernate.SQL                        : 
    select
        u1_0.id,
        u1_0.active,
        u1_0.created_at,
        u1_0.email,
        u1_0.name,
        u1_0.password,
        u1_0.role,
        u1_0.status,
        u1_0.surname,
        u1_0.updated_at,
        u1_0.username 
    from
        users u1_0 
    where
        u1_0.email=?
2026-06-20T12:30:48.011-04:00 DEBUG 8348 --- [user-service] [http-nio-8081-exec-10] org.hibernate.SQL                        : 
    select
        up1_0.id,
        up1_0.number,
        u1_0.id,
        u1_0.active,
        u1_0.created_at,
        u1_0.email,
        u1_0.name,
        u1_0.password,
        u1_0.role,
        u1_0.status,
        u1_0.surname,
        u1_0.updated_at,
        u1_0.username 
    from
        user_phones up1_0 
    left join
        users u1_0 
            on u1_0.id=up1_0.user_id 
    where
        up1_0.user_id=?
2026-06-20T12:30:48.139-04:00 DEBUG 8348 --- [user-service] [http-nio-8081-exec-10] o.s.web.servlet.DispatcherServlet        : GET "/user-app/users/by-id/5", parameters={}
2026-06-20T12:30:48.140-04:00 DEBUG 8348 --- [user-service] [http-nio-8081-exec-10] s.w.s.m.m.a.RequestMappingHandlerMapping : Mapped to com.adoptapp.userservice.controller.UserController#getUserById(Long)
2026-06-20T12:30:48.172-04:00 DEBUG 8348 --- [user-service] [http-nio-8081-exec-10] org.hibernate.SQL                        : 
    select
        u1_0.id,
        u1_0.active,
        u1_0.created_at,
        u1_0.email,
        u1_0.name,
        u1_0.password,
        p1_0.id,
        p1_0.number,
        u1_0.role,
        u1_0.status,
        u1_0.surname,
        u1_0.updated_at,
        u1_0.username 
    from
        users u1_0 
    left join
        user_phones p1_0 
            on u1_0.id=p1_0.user_id 
    where
        u1_0.id=?
2026-06-20T12:30:48.179-04:00 DEBUG 8348 --- [user-service] [http-nio-8081-exec-10] org.hibernate.SQL                        : 
    select
        a1_0.user_id,
        a1_0.id,
        a1_0.city,
        a1_0.country,
        a1_0.home_number,
        a1_0.postal_code,
        a1_0.primary_address,
        a1_0.street,
        a1_0.type 
    from
        user_addresses a1_0 
    where
        a1_0.user_id=?
2026-06-20T12:30:48.194-04:00 DEBUG 8348 --- [user-service] [http-nio-8081-exec-10] o.s.w.s.m.m.a.HttpEntityMethodProcessor  : Using 'application/json', given [*/*] and supported [application/json, application/*+json, application/yaml]
2026-06-20T12:30:48.207-04:00 DEBUG 8348 --- [user-service] [http-nio-8081-exec-10] o.s.w.s.m.m.a.HttpEntityMethodProcessor  : Writing [UserResponse[id=5, username=ana.garcia, name=Ana, surname=Garcia, email=ana.garcia@empresa.com, phon (truncated)...]
2026-06-20T12:30:48.209-04:00 DEBUG 8348 --- [user-service] [http-nio-8081-exec-10] o.s.web.servlet.DispatcherServlet        : Completed 200 OK
2026-06-20T12:30:59.306-04:00 DEBUG 8348 --- [user-service] [http-nio-8081-exec-1] org.hibernate.SQL                        : 
    select
        u1_0.id,
        u1_0.active,
        u1_0.created_at,
        u1_0.email,
        u1_0.name,
        u1_0.password,
        u1_0.role,
        u1_0.status,
        u1_0.surname,
        u1_0.updated_at,
        u1_0.username 
    from
        users u1_0 
    where
        u1_0.email=?
2026-06-20T12:30:59.308-04:00 DEBUG 8348 --- [user-service] [http-nio-8081-exec-1] org.hibernate.SQL                        : 
    select
        up1_0.id,
        up1_0.number,
        u1_0.id,
        u1_0.active,
        u1_0.created_at,
        u1_0.email,
        u1_0.name,
        u1_0.password,
        u1_0.role,
        u1_0.status,
        u1_0.surname,
        u1_0.updated_at,
        u1_0.username 
    from
        user_phones up1_0 
    left join
        users u1_0 
            on u1_0.id=up1_0.user_id 
    where
        up1_0.user_id=?
2026-06-20T12:30:59.418-04:00 DEBUG 8348 --- [user-service] [http-nio-8081-exec-1] o.s.web.servlet.DispatcherServlet        : GET "/user-app/users/by-id/15", parameters={}
2026-06-20T12:30:59.418-04:00 DEBUG 8348 --- [user-service] [http-nio-8081-exec-1] s.w.s.m.m.a.RequestMappingHandlerMapping : Mapped to com.adoptapp.userservice.controller.UserController#getUserById(Long)
2026-06-20T12:30:59.426-04:00 DEBUG 8348 --- [user-service] [http-nio-8081-exec-1] org.hibernate.SQL                        : 
    select
        u1_0.id,
        u1_0.active,
        u1_0.created_at,
        u1_0.email,
        u1_0.name,
        u1_0.password,
        p1_0.id,
        p1_0.number,
        u1_0.role,
        u1_0.status,
        u1_0.surname,
        u1_0.updated_at,
        u1_0.username 
    from
        users u1_0 
    left join
        user_phones p1_0 
            on u1_0.id=p1_0.user_id 
    where
        u1_0.id=?
2026-06-20T12:30:59.426-04:00 DEBUG 8348 --- [user-service] [http-nio-8081-exec-1] o.s.w.s.m.m.a.HttpEntityMethodProcessor  : Using 'application/json', given [*/*] and supported [application/json, application/*+json, application/yaml]
2026-06-20T12:30:59.434-04:00 DEBUG 8348 --- [user-service] [http-nio-8081-exec-1] o.s.w.s.m.m.a.HttpEntityMethodProcessor  : Writing [ErrorResponse[timestamp=2026-06-20T12:30:59.426660800, status=404, error=Not Found, message=Recurso  (truncated)...]
2026-06-20T12:30:59.436-04:00 DEBUG 8348 --- [user-service] [http-nio-8081-exec-1] o.s.web.servlet.DispatcherServlet        : Completed 404 NOT_FOUND
2026-06-20T12:52:35.745-04:00  INFO 8348 --- [user-service] [SpringApplicationShutdownHook] o.s.b.w.e.tomcat.GracefulShutdown        : Commencing graceful shutdown. Waiting for active requests to complete
2026-06-20T12:52:35.760-04:00  INFO 8348 --- [user-service] [tomcat-shutdown] o.s.b.w.e.tomcat.GracefulShutdown        : Graceful shutdown complete
2026-06-20T12:52:35.767-04:00  INFO 8348 --- [user-service] [SpringApplicationShutdownHook] j.LocalContainerEntityManagerFactoryBean : Closing JPA EntityManagerFactory for persistence unit 'default'
2026-06-20T12:52:35.773-04:00  INFO 8348 --- [user-service] [SpringApplicationShutdownHook] com.zaxxer.hikari.HikariDataSource       : HikariPool-1 - Shutdown initiated...
2026-06-20T12:52:35.775-04:00  INFO 8348 --- [user-service] [SpringApplicationShutdownHook] com.zaxxer.hikari.HikariDataSource       : HikariPool-1 - Shutdown completed.
