2026-06-03T16:50:07.674-04:00  INFO 31320 --- [pet-service] [main] c.a.p.PetServiceApplicationTests         : Starting PetServiceApplicationTests using Java 21.0.11 with PID 31320 (started by camila in C:\Users\camil\Documents\fullstack1\adoptapp\pet-service)
2026-06-03T16:50:07.681-04:00 DEBUG 31320 --- [pet-service] [main] c.a.p.PetServiceApplicationTests         : Running with Spring Boot v3.4.5, Spring v6.2.6
2026-06-03T16:50:07.681-04:00  INFO 31320 --- [pet-service] [main] c.a.p.PetServiceApplicationTests         : The following 1 profile is active: "h2"
2026-06-03T16:50:07.715-04:00 DEBUG 31320 --- [pet-service] [main] o.s.w.c.s.GenericWebApplicationContext   : Refreshing org.springframework.web.context.support.GenericWebApplicationContext@7f9ab969
2026-06-03T16:50:09.067-04:00  INFO 31320 --- [pet-service] [main] .s.d.r.c.RepositoryConfigurationDelegate : Bootstrapping Spring Data JPA repositories in DEFAULT mode.
2026-06-03T16:50:09.166-04:00  INFO 31320 --- [pet-service] [main] .s.d.r.c.RepositoryConfigurationDelegate : Finished Spring Data repository scanning in 76 ms. Found 2 JPA repository interfaces.
2026-06-03T16:50:09.631-04:00  INFO 31320 --- [pet-service] [main] o.s.cloud.context.scope.GenericScope     : BeanFactory id=e72bc549-f873-3429-b295-f69e3b2d1345
2026-06-03T16:50:10.663-04:00  INFO 31320 --- [pet-service] [main] o.hibernate.jpa.internal.util.LogHelper  : HHH000204: Processing PersistenceUnitInfo [name: default]
2026-06-03T16:50:10.851-04:00  INFO 31320 --- [pet-service] [main] org.hibernate.Version                    : HHH000412: Hibernate ORM core version 6.6.13.Final
2026-06-03T16:50:10.917-04:00  INFO 31320 --- [pet-service] [main] o.h.c.internal.RegionFactoryInitiator    : HHH000026: Second-level cache disabled
2026-06-03T16:50:11.305-04:00  INFO 31320 --- [pet-service] [main] o.s.o.j.p.SpringPersistenceUnitInfo      : No LoadTimeWeaver setup: ignoring JPA class transformer
2026-06-03T16:50:11.335-04:00  INFO 31320 --- [pet-service] [main] com.zaxxer.hikari.HikariDataSource       : HikariPool-1 - Starting...
2026-06-03T16:50:11.488-04:00  INFO 31320 --- [pet-service] [main] com.zaxxer.hikari.pool.HikariPool        : HikariPool-1 - Added connection conn0: url=jdbc:h2:mem:pet_db user=SA
2026-06-03T16:50:11.493-04:00  INFO 31320 --- [pet-service] [main] com.zaxxer.hikari.HikariDataSource       : HikariPool-1 - Start completed.
2026-06-03T16:50:11.509-04:00  WARN 31320 --- [pet-service] [main] org.hibernate.orm.deprecation            : HHH90000025: H2Dialect does not need to be specified explicitly using 'hibernate.dialect' (remove the property setting and it will be selected by default)
2026-06-03T16:50:11.535-04:00  INFO 31320 --- [pet-service] [main] org.hibernate.orm.connections.pooling    : HHH10001005: Database info:
	Database JDBC URL [Connecting through datasource 'HikariDataSource (HikariPool-1)']
	Database driver: undefined/unknown
	Database version: 2.3.232
	Autocommit mode: undefined/unknown
	Isolation level: undefined/unknown
	Minimum pool size: undefined/unknown
	Maximum pool size: undefined/unknown
2026-06-03T16:50:12.472-04:00  INFO 31320 --- [pet-service] [main] o.h.e.t.j.p.i.JtaPlatformInitiator       : HHH000489: No JTA platform available (set 'hibernate.transaction.jta.platform' to enable JTA platform integration)
2026-06-03T16:50:12.489-04:00 DEBUG 31320 --- [pet-service] [main] org.hibernate.SQL                        : 
    drop table if exists pet_history cascade 
2026-06-03T16:50:12.489-04:00 DEBUG 31320 --- [pet-service] [main] org.hibernate.SQL                        : 
    drop table if exists pets cascade 
2026-06-03T16:50:12.495-04:00 DEBUG 31320 --- [pet-service] [main] org.hibernate.SQL                        : 
    create table pet_history (
        changed_at timestamp(6) not null,
        changed_by_user_id bigint,
        id bigint generated by default as identity,
        new_foster_id bigint,
        pet_id bigint not null,
        previous_foster_id bigint,
        new_name varchar(20),
        new_status varchar(20),
        previous_name varchar(20),
        previous_status varchar(20),
        comment varchar(255),
        primary key (id)
    )
2026-06-03T16:50:12.507-04:00 DEBUG 31320 --- [pet-service] [main] org.hibernate.SQL                        : 
    create table pets (
        age integer not null check (age>=0),
        created_at timestamp(6),
        foster_id bigint not null,
        health_service_id bigint,
        id bigint generated by default as identity,
        shelter_id bigint,
        updated_at timestamp(6),
        name varchar(20) not null,
        color varchar(50) not null,
        personality varchar(50) not null,
        race varchar(50) not null,
        size varchar(50) not null,
        species varchar(50) not null,
        status enum ('AVAILABLE','NOT_AVAILABLE') not null,
        primary key (id)
    )
2026-06-03T16:50:12.510-04:00 DEBUG 31320 --- [pet-service] [main] org.hibernate.SQL                        : 
    alter table if exists pet_history 
       add constraint FKiomkslu0b0pchjp542ihafh05 
       foreign key (pet_id) 
       references pets
2026-06-03T16:50:12.525-04:00  INFO 31320 --- [pet-service] [main] j.LocalContainerEntityManagerFactoryBean : Initialized JPA EntityManagerFactory for persistence unit 'default'
2026-06-03T16:50:12.987-04:00  WARN 31320 --- [pet-service] [main] JpaBaseConfiguration$JpaWebConfiguration : spring.jpa.open-in-view is enabled by default. Therefore, database queries may be performed during view rendering. Explicitly configure spring.jpa.open-in-view to disable this warning
2026-06-03T16:50:14.875-04:00  INFO 31320 --- [pet-service] [main] r$InitializeUserDetailsManagerConfigurer : Global AuthenticationManager configured with UserDetailsService bean with name customUserDetailsService
2026-06-03T16:50:15.159-04:00 DEBUG 31320 --- [pet-service] [main] s.w.s.m.m.a.RequestMappingHandlerMapping : 9 mappings in 'requestMappingHandlerMapping'
2026-06-03T16:50:15.534-04:00 DEBUG 31320 --- [pet-service] [main] o.s.w.s.handler.SimpleUrlHandlerMapping  : Patterns [/webjars/**, /**] in 'resourceHandlerMapping'
2026-06-03T16:50:16.221-04:00 DEBUG 31320 --- [pet-service] [main] s.w.s.m.m.a.RequestMappingHandlerAdapter : ControllerAdvice beans: 0 @ModelAttribute, 0 @InitBinder, 1 RequestBodyAdvice, 1 ResponseBodyAdvice
2026-06-03T16:50:16.284-04:00 DEBUG 31320 --- [pet-service] [main] .m.m.a.ExceptionHandlerExceptionResolver : ControllerAdvice beans: 1 @ExceptionHandler, 1 ResponseBodyAdvice
2026-06-03T16:50:17.632-04:00  INFO 31320 --- [pet-service] [main] o.s.cloud.commons.util.InetUtils         : Cannot determine local hostname
2026-06-03T16:50:17.680-04:00  INFO 31320 --- [pet-service] [main] c.a.p.PetServiceApplicationTests         : Started PetServiceApplicationTests in 11.5 seconds (process running for 12.817)
2026-06-03T16:50:18.027-04:00 DEBUG 31320 --- [pet-service] [main] org.hibernate.SQL                        : 
    select
        count(*) 
    from
        pets p1_0
2026-06-03T16:50:18.083-04:00 DEBUG 31320 --- [pet-service] [main] org.hibernate.SQL                        : 
    insert 
    into
        pets
        (age, color, created_at, foster_id, health_service_id, name, personality, race, shelter_id, size, species, status, updated_at, id) 
    values
        (?, ?, ?, ?, ?, ?, ?, ?, ?, ?, ?, ?, ?, default)
2026-06-03T16:50:18.108-04:00 DEBUG 31320 --- [pet-service] [main] org.hibernate.SQL                        : 
    insert 
    into
        pets
        (age, color, created_at, foster_id, health_service_id, name, personality, race, shelter_id, size, species, status, updated_at, id) 
    values
        (?, ?, ?, ?, ?, ?, ?, ?, ?, ?, ?, ?, ?, default)
2026-06-03T16:50:18.108-04:00 DEBUG 31320 --- [pet-service] [main] org.hibernate.SQL                        : 
    insert 
    into
        pets
        (age, color, created_at, foster_id, health_service_id, name, personality, race, shelter_id, size, species, status, updated_at, id) 
    values
        (?, ?, ?, ?, ?, ?, ?, ?, ?, ?, ?, ?, ?, default)
2026-06-03T16:50:18.935-04:00 DEBUG 31320 --- [pet-service] [SpringApplicationShutdownHook] o.s.w.c.s.GenericWebApplicationContext   : Closing org.springframework.web.context.support.GenericWebApplicationContext@7f9ab969, started on Wed Jun 03 16:50:07 CLT 2026
2026-06-03T16:50:18.941-04:00  INFO 31320 --- [pet-service] [SpringApplicationShutdownHook] j.LocalContainerEntityManagerFactoryBean : Closing JPA EntityManagerFactory for persistence unit 'default'
2026-06-03T16:50:18.944-04:00 DEBUG 31320 --- [pet-service] [SpringApplicationShutdownHook] org.hibernate.SQL                        : 
    drop table if exists pet_history cascade 
2026-06-03T16:50:18.946-04:00 DEBUG 31320 --- [pet-service] [SpringApplicationShutdownHook] org.hibernate.SQL                        : 
    drop table if exists pets cascade 
2026-06-03T16:50:18.948-04:00  INFO 31320 --- [pet-service] [SpringApplicationShutdownHook] com.zaxxer.hikari.HikariDataSource       : HikariPool-1 - Shutdown initiated...
2026-06-03T16:50:18.950-04:00  INFO 31320 --- [pet-service] [SpringApplicationShutdownHook] com.zaxxer.hikari.HikariDataSource       : HikariPool-1 - Shutdown completed.
