2026-06-03T16:27:51.525-04:00  INFO 19628 --- [followup-service] [main] c.a.f.FollowupServiceApplicationTests    : Starting FollowupServiceApplicationTests using Java 26 with PID 19628 (started by camila in C:\Users\camil\Documents\fullstack1\adoptapp\followup-service)
2026-06-03T16:27:51.534-04:00 DEBUG 19628 --- [followup-service] [main] c.a.f.FollowupServiceApplicationTests    : Running with Spring Boot v3.4.5, Spring v6.2.6
2026-06-03T16:27:51.536-04:00  INFO 19628 --- [followup-service] [main] c.a.f.FollowupServiceApplicationTests    : The following 1 profile is active: "h2"
2026-06-03T16:27:51.589-04:00 DEBUG 19628 --- [followup-service] [main] o.s.w.c.s.GenericWebApplicationContext   : Refreshing org.springframework.web.context.support.GenericWebApplicationContext@247667dd
2026-06-03T16:27:52.576-04:00  INFO 19628 --- [followup-service] [main] .s.d.r.c.RepositoryConfigurationDelegate : Bootstrapping Spring Data JPA repositories in DEFAULT mode.
2026-06-03T16:27:52.668-04:00  INFO 19628 --- [followup-service] [main] .s.d.r.c.RepositoryConfigurationDelegate : Finished Spring Data repository scanning in 72 ms. Found 2 JPA repository interfaces.
2026-06-03T16:27:53.024-04:00  INFO 19628 --- [followup-service] [main] o.s.cloud.context.scope.GenericScope     : BeanFactory id=708aa2c9-382f-3caa-8de4-ea00d74bc12c
2026-06-03T16:27:53.959-04:00  INFO 19628 --- [followup-service] [main] o.hibernate.jpa.internal.util.LogHelper  : HHH000204: Processing PersistenceUnitInfo [name: default]
2026-06-03T16:27:54.088-04:00  INFO 19628 --- [followup-service] [main] org.hibernate.Version                    : HHH000412: Hibernate ORM core version 6.6.13.Final
2026-06-03T16:27:54.179-04:00  INFO 19628 --- [followup-service] [main] o.h.c.internal.RegionFactoryInitiator    : HHH000026: Second-level cache disabled
2026-06-03T16:27:54.787-04:00  INFO 19628 --- [followup-service] [main] o.s.o.j.p.SpringPersistenceUnitInfo      : No LoadTimeWeaver setup: ignoring JPA class transformer
2026-06-03T16:27:54.825-04:00  INFO 19628 --- [followup-service] [main] com.zaxxer.hikari.HikariDataSource       : HikariPool-1 - Starting...
2026-06-03T16:27:55.100-04:00  INFO 19628 --- [followup-service] [main] com.zaxxer.hikari.pool.HikariPool        : HikariPool-1 - Added connection conn0: url=jdbc:h2:mem:followup_db user=SA
2026-06-03T16:27:55.102-04:00  INFO 19628 --- [followup-service] [main] com.zaxxer.hikari.HikariDataSource       : HikariPool-1 - Start completed.
2026-06-03T16:27:55.129-04:00  WARN 19628 --- [followup-service] [main] org.hibernate.orm.deprecation            : HHH90000025: H2Dialect does not need to be specified explicitly using 'hibernate.dialect' (remove the property setting and it will be selected by default)
2026-06-03T16:27:55.155-04:00  INFO 19628 --- [followup-service] [main] org.hibernate.orm.connections.pooling    : HHH10001005: Database info:
	Database JDBC URL [Connecting through datasource 'HikariDataSource (HikariPool-1)']
	Database driver: undefined/unknown
	Database version: 2.3.232
	Autocommit mode: undefined/unknown
	Isolation level: undefined/unknown
	Minimum pool size: undefined/unknown
	Maximum pool size: undefined/unknown
2026-06-03T16:27:56.245-04:00  INFO 19628 --- [followup-service] [main] o.h.e.t.j.p.i.JtaPlatformInitiator       : HHH000489: No JTA platform available (set 'hibernate.transaction.jta.platform' to enable JTA platform integration)
2026-06-03T16:27:56.263-04:00 DEBUG 19628 --- [followup-service] [main] org.hibernate.SQL                        : 
    drop table if exists followup_history cascade 
2026-06-03T16:27:56.268-04:00 DEBUG 19628 --- [followup-service] [main] org.hibernate.SQL                        : 
    drop table if exists followups cascade 
2026-06-03T16:27:56.273-04:00 DEBUG 19628 --- [followup-service] [main] org.hibernate.SQL                        : 
    create table followup_history (
        changed_at timestamp(6) not null,
        changed_by_user_id bigint,
        followup_id bigint not null,
        id bigint generated by default as identity,
        new_status varchar(20),
        previous_status varchar(20),
        action varchar(50) not null,
        comment varchar(255),
        primary key (id)
    )
2026-06-03T16:27:56.286-04:00 DEBUG 19628 --- [followup-service] [main] org.hibernate.SQL                        : 
    create table followups (
        adoption_id bigint,
        created_at timestamp(6),
        id bigint generated by default as identity,
        pet_id bigint,
        updated_at timestamp(6),
        user_id bigint,
        visit_date timestamp(6) not null,
        adopter_name varchar(100) not null,
        pet_name varchar(100) not null,
        comments TEXT,
        status enum ('CANCELLED','COMPLETED','PENDING') not null,
        primary key (id)
    )
2026-06-03T16:27:56.288-04:00 DEBUG 19628 --- [followup-service] [main] org.hibernate.SQL                        : 
    alter table if exists followup_history 
       add constraint FKeqhssckd4d9n10la2xaf9gurd 
       foreign key (followup_id) 
       references followups
2026-06-03T16:27:56.310-04:00  INFO 19628 --- [followup-service] [main] j.LocalContainerEntityManagerFactoryBean : Initialized JPA EntityManagerFactory for persistence unit 'default'
2026-06-03T16:27:56.703-04:00  WARN 19628 --- [followup-service] [main] JpaBaseConfiguration$JpaWebConfiguration : spring.jpa.open-in-view is enabled by default. Therefore, database queries may be performed during view rendering. Explicitly configure spring.jpa.open-in-view to disable this warning
2026-06-03T16:27:58.271-04:00  INFO 19628 --- [followup-service] [main] r$InitializeUserDetailsManagerConfigurer : Global AuthenticationManager configured with UserDetailsService bean with name customUserDetailsService
2026-06-03T16:27:58.633-04:00 DEBUG 19628 --- [followup-service] [main] s.w.s.m.m.a.RequestMappingHandlerMapping : 8 mappings in 'requestMappingHandlerMapping'
2026-06-03T16:27:59.180-04:00 DEBUG 19628 --- [followup-service] [main] o.s.w.s.handler.SimpleUrlHandlerMapping  : Patterns [/webjars/**, /**] in 'resourceHandlerMapping'
2026-06-03T16:27:59.979-04:00 DEBUG 19628 --- [followup-service] [main] s.w.s.m.m.a.RequestMappingHandlerAdapter : ControllerAdvice beans: 0 @ModelAttribute, 0 @InitBinder, 1 RequestBodyAdvice, 1 ResponseBodyAdvice
2026-06-03T16:28:00.083-04:00 DEBUG 19628 --- [followup-service] [main] .m.m.a.ExceptionHandlerExceptionResolver : ControllerAdvice beans: 1 @ExceptionHandler, 1 ResponseBodyAdvice
2026-06-03T16:28:01.491-04:00  INFO 19628 --- [followup-service] [main] o.s.cloud.commons.util.InetUtils         : Cannot determine local hostname
2026-06-03T16:28:01.548-04:00  INFO 19628 --- [followup-service] [main] c.a.f.FollowupServiceApplicationTests    : Started FollowupServiceApplicationTests in 11.579 seconds (process running for 12.916)
2026-06-03T16:28:02.517-04:00 DEBUG 19628 --- [followup-service] [SpringApplicationShutdownHook] o.s.w.c.s.GenericWebApplicationContext   : Closing org.springframework.web.context.support.GenericWebApplicationContext@247667dd, started on Wed Jun 03 16:27:51 GMT-04:00 2026
2026-06-03T16:28:02.523-04:00  INFO 19628 --- [followup-service] [SpringApplicationShutdownHook] j.LocalContainerEntityManagerFactoryBean : Closing JPA EntityManagerFactory for persistence unit 'default'
2026-06-03T16:28:02.525-04:00 DEBUG 19628 --- [followup-service] [SpringApplicationShutdownHook] org.hibernate.SQL                        : 
    drop table if exists followup_history cascade 
2026-06-03T16:28:02.527-04:00 DEBUG 19628 --- [followup-service] [SpringApplicationShutdownHook] org.hibernate.SQL                        : 
    drop table if exists followups cascade 
2026-06-03T16:28:02.530-04:00  INFO 19628 --- [followup-service] [SpringApplicationShutdownHook] com.zaxxer.hikari.HikariDataSource       : HikariPool-1 - Shutdown initiated...
2026-06-03T16:28:02.531-04:00  INFO 19628 --- [followup-service] [SpringApplicationShutdownHook] com.zaxxer.hikari.HikariDataSource       : HikariPool-1 - Shutdown completed.
2026-06-03T16:49:11.065-04:00  INFO 8988 --- [followup-service] [main] c.a.f.FollowupServiceApplicationTests    : Starting FollowupServiceApplicationTests using Java 21.0.11 with PID 8988 (started by camila in C:\Users\camil\Documents\fullstack1\adoptapp\followup-service)
2026-06-03T16:49:11.068-04:00 DEBUG 8988 --- [followup-service] [main] c.a.f.FollowupServiceApplicationTests    : Running with Spring Boot v3.4.5, Spring v6.2.6
2026-06-03T16:49:11.068-04:00  INFO 8988 --- [followup-service] [main] c.a.f.FollowupServiceApplicationTests    : The following 1 profile is active: "h2"
2026-06-03T16:49:11.156-04:00 DEBUG 8988 --- [followup-service] [main] o.s.w.c.s.GenericWebApplicationContext   : Refreshing org.springframework.web.context.support.GenericWebApplicationContext@2c16fadb
2026-06-03T16:49:13.014-04:00  INFO 8988 --- [followup-service] [main] .s.d.r.c.RepositoryConfigurationDelegate : Bootstrapping Spring Data JPA repositories in DEFAULT mode.
2026-06-03T16:49:13.158-04:00  INFO 8988 --- [followup-service] [main] .s.d.r.c.RepositoryConfigurationDelegate : Finished Spring Data repository scanning in 107 ms. Found 2 JPA repository interfaces.
2026-06-03T16:49:13.738-04:00  INFO 8988 --- [followup-service] [main] o.s.cloud.context.scope.GenericScope     : BeanFactory id=708aa2c9-382f-3caa-8de4-ea00d74bc12c
2026-06-03T16:49:15.476-04:00  INFO 8988 --- [followup-service] [main] o.hibernate.jpa.internal.util.LogHelper  : HHH000204: Processing PersistenceUnitInfo [name: default]
2026-06-03T16:49:15.643-04:00  INFO 8988 --- [followup-service] [main] org.hibernate.Version                    : HHH000412: Hibernate ORM core version 6.6.13.Final
2026-06-03T16:49:15.713-04:00  INFO 8988 --- [followup-service] [main] o.h.c.internal.RegionFactoryInitiator    : HHH000026: Second-level cache disabled
2026-06-03T16:49:16.274-04:00  INFO 8988 --- [followup-service] [main] o.s.o.j.p.SpringPersistenceUnitInfo      : No LoadTimeWeaver setup: ignoring JPA class transformer
2026-06-03T16:49:16.329-04:00  INFO 8988 --- [followup-service] [main] com.zaxxer.hikari.HikariDataSource       : HikariPool-1 - Starting...
2026-06-03T16:49:16.624-04:00  INFO 8988 --- [followup-service] [main] com.zaxxer.hikari.pool.HikariPool        : HikariPool-1 - Added connection conn0: url=jdbc:h2:mem:followup_db user=SA
2026-06-03T16:49:16.624-04:00  INFO 8988 --- [followup-service] [main] com.zaxxer.hikari.HikariDataSource       : HikariPool-1 - Start completed.
2026-06-03T16:49:16.659-04:00  WARN 8988 --- [followup-service] [main] org.hibernate.orm.deprecation            : HHH90000025: H2Dialect does not need to be specified explicitly using 'hibernate.dialect' (remove the property setting and it will be selected by default)
2026-06-03T16:49:16.703-04:00  INFO 8988 --- [followup-service] [main] org.hibernate.orm.connections.pooling    : HHH10001005: Database info:
	Database JDBC URL [Connecting through datasource 'HikariDataSource (HikariPool-1)']
	Database driver: undefined/unknown
	Database version: 2.3.232
	Autocommit mode: undefined/unknown
	Isolation level: undefined/unknown
	Minimum pool size: undefined/unknown
	Maximum pool size: undefined/unknown
2026-06-03T16:49:18.165-04:00  INFO 8988 --- [followup-service] [main] o.h.e.t.j.p.i.JtaPlatformInitiator       : HHH000489: No JTA platform available (set 'hibernate.transaction.jta.platform' to enable JTA platform integration)
2026-06-03T16:49:18.189-04:00 DEBUG 8988 --- [followup-service] [main] org.hibernate.SQL                        : 
    drop table if exists followup_history cascade 
2026-06-03T16:49:18.189-04:00 DEBUG 8988 --- [followup-service] [main] org.hibernate.SQL                        : 
    drop table if exists followups cascade 
2026-06-03T16:49:18.205-04:00 DEBUG 8988 --- [followup-service] [main] org.hibernate.SQL                        : 
    create table followup_history (
        changed_at timestamp(6) not null,
        changed_by_user_id bigint,
        followup_id bigint not null,
        id bigint generated by default as identity,
        new_status varchar(20),
        previous_status varchar(20),
        action varchar(50) not null,
        comment varchar(255),
        primary key (id)
    )
2026-06-03T16:49:18.220-04:00 DEBUG 8988 --- [followup-service] [main] org.hibernate.SQL                        : 
    create table followups (
        adoption_id bigint,
        created_at timestamp(6),
        id bigint generated by default as identity,
        pet_id bigint,
        updated_at timestamp(6),
        user_id bigint,
        visit_date timestamp(6) not null,
        adopter_name varchar(100) not null,
        pet_name varchar(100) not null,
        comments TEXT,
        status enum ('CANCELLED','COMPLETED','PENDING') not null,
        primary key (id)
    )
2026-06-03T16:49:18.222-04:00 DEBUG 8988 --- [followup-service] [main] org.hibernate.SQL                        : 
    alter table if exists followup_history 
       add constraint FKeqhssckd4d9n10la2xaf9gurd 
       foreign key (followup_id) 
       references followups
2026-06-03T16:49:18.252-04:00  INFO 8988 --- [followup-service] [main] j.LocalContainerEntityManagerFactoryBean : Initialized JPA EntityManagerFactory for persistence unit 'default'
2026-06-03T16:49:18.851-04:00  WARN 8988 --- [followup-service] [main] JpaBaseConfiguration$JpaWebConfiguration : spring.jpa.open-in-view is enabled by default. Therefore, database queries may be performed during view rendering. Explicitly configure spring.jpa.open-in-view to disable this warning
2026-06-03T16:49:21.392-04:00  INFO 8988 --- [followup-service] [main] r$InitializeUserDetailsManagerConfigurer : Global AuthenticationManager configured with UserDetailsService bean with name customUserDetailsService
2026-06-03T16:49:21.790-04:00 DEBUG 8988 --- [followup-service] [main] s.w.s.m.m.a.RequestMappingHandlerMapping : 8 mappings in 'requestMappingHandlerMapping'
2026-06-03T16:49:22.316-04:00 DEBUG 8988 --- [followup-service] [main] o.s.w.s.handler.SimpleUrlHandlerMapping  : Patterns [/webjars/**, /**] in 'resourceHandlerMapping'
2026-06-03T16:49:23.397-04:00 DEBUG 8988 --- [followup-service] [main] s.w.s.m.m.a.RequestMappingHandlerAdapter : ControllerAdvice beans: 0 @ModelAttribute, 0 @InitBinder, 1 RequestBodyAdvice, 1 ResponseBodyAdvice
2026-06-03T16:49:23.530-04:00 DEBUG 8988 --- [followup-service] [main] .m.m.a.ExceptionHandlerExceptionResolver : ControllerAdvice beans: 1 @ExceptionHandler, 1 ResponseBodyAdvice
2026-06-03T16:49:25.116-04:00  INFO 8988 --- [followup-service] [main] o.s.cloud.commons.util.InetUtils         : Cannot determine local hostname
2026-06-03T16:49:25.212-04:00  INFO 8988 --- [followup-service] [main] c.a.f.FollowupServiceApplicationTests    : Started FollowupServiceApplicationTests in 15.77 seconds (process running for 17.336)
2026-06-03T16:49:26.090-04:00 DEBUG 8988 --- [followup-service] [SpringApplicationShutdownHook] o.s.w.c.s.GenericWebApplicationContext   : Closing org.springframework.web.context.support.GenericWebApplicationContext@2c16fadb, started on Wed Jun 03 16:49:11 CLT 2026
2026-06-03T16:49:26.098-04:00  INFO 8988 --- [followup-service] [SpringApplicationShutdownHook] j.LocalContainerEntityManagerFactoryBean : Closing JPA EntityManagerFactory for persistence unit 'default'
2026-06-03T16:49:26.100-04:00 DEBUG 8988 --- [followup-service] [SpringApplicationShutdownHook] org.hibernate.SQL                        : 
    drop table if exists followup_history cascade 
2026-06-03T16:49:26.103-04:00 DEBUG 8988 --- [followup-service] [SpringApplicationShutdownHook] org.hibernate.SQL                        : 
    drop table if exists followups cascade 
2026-06-03T16:49:26.106-04:00  INFO 8988 --- [followup-service] [SpringApplicationShutdownHook] com.zaxxer.hikari.HikariDataSource       : HikariPool-1 - Shutdown initiated...
2026-06-03T16:49:26.108-04:00  INFO 8988 --- [followup-service] [SpringApplicationShutdownHook] com.zaxxer.hikari.HikariDataSource       : HikariPool-1 - Shutdown completed.
