2026-06-03T16:28:07.129-04:00  INFO 12036 --- [health-service] [main] c.a.h.HealthServiceApplicationTests      : Starting HealthServiceApplicationTests using Java 26 with PID 12036 (started by camila in C:\Users\camil\Documents\fullstack1\adoptapp\health-service)
2026-06-03T16:28:07.171-04:00 DEBUG 12036 --- [health-service] [main] c.a.h.HealthServiceApplicationTests      : Running with Spring Boot v3.4.5, Spring v6.2.6
2026-06-03T16:28:07.176-04:00  INFO 12036 --- [health-service] [main] c.a.h.HealthServiceApplicationTests      : The following 1 profile is active: "h2"
2026-06-03T16:28:07.418-04:00 DEBUG 12036 --- [health-service] [main] o.s.w.c.s.GenericWebApplicationContext   : Refreshing org.springframework.web.context.support.GenericWebApplicationContext@4650a407
2026-06-03T16:28:12.281-04:00  INFO 12036 --- [health-service] [main] .s.d.r.c.RepositoryConfigurationDelegate : Bootstrapping Spring Data JPA repositories in DEFAULT mode.
2026-06-03T16:28:12.857-04:00  INFO 12036 --- [health-service] [main] .s.d.r.c.RepositoryConfigurationDelegate : Finished Spring Data repository scanning in 517 ms. Found 2 JPA repository interfaces.
2026-06-03T16:28:13.532-04:00  INFO 12036 --- [health-service] [main] o.s.cloud.context.scope.GenericScope     : BeanFactory id=4d9a88f8-a8b5-33fb-a633-d3afe965a95b
2026-06-03T16:28:14.599-04:00  INFO 12036 --- [health-service] [main] o.hibernate.jpa.internal.util.LogHelper  : HHH000204: Processing PersistenceUnitInfo [name: default]
2026-06-03T16:28:14.728-04:00  INFO 12036 --- [health-service] [main] org.hibernate.Version                    : HHH000412: Hibernate ORM core version 6.6.13.Final
2026-06-03T16:28:14.828-04:00  INFO 12036 --- [health-service] [main] o.h.c.internal.RegionFactoryInitiator    : HHH000026: Second-level cache disabled
2026-06-03T16:28:15.444-04:00  INFO 12036 --- [health-service] [main] o.s.o.j.p.SpringPersistenceUnitInfo      : No LoadTimeWeaver setup: ignoring JPA class transformer
2026-06-03T16:28:15.495-04:00  INFO 12036 --- [health-service] [main] com.zaxxer.hikari.HikariDataSource       : HikariPool-1 - Starting...
2026-06-03T16:28:15.711-04:00  INFO 12036 --- [health-service] [main] com.zaxxer.hikari.pool.HikariPool        : HikariPool-1 - Added connection conn0: url=jdbc:h2:mem:health_db user=SA
2026-06-03T16:28:15.713-04:00  INFO 12036 --- [health-service] [main] com.zaxxer.hikari.HikariDataSource       : HikariPool-1 - Start completed.
2026-06-03T16:28:15.741-04:00  WARN 12036 --- [health-service] [main] org.hibernate.orm.deprecation            : HHH90000025: H2Dialect does not need to be specified explicitly using 'hibernate.dialect' (remove the property setting and it will be selected by default)
2026-06-03T16:28:15.775-04:00  INFO 12036 --- [health-service] [main] org.hibernate.orm.connections.pooling    : HHH10001005: Database info:
	Database JDBC URL [Connecting through datasource 'HikariDataSource (HikariPool-1)']
	Database driver: undefined/unknown
	Database version: 2.3.232
	Autocommit mode: undefined/unknown
	Isolation level: undefined/unknown
	Minimum pool size: undefined/unknown
	Maximum pool size: undefined/unknown
2026-06-03T16:28:16.859-04:00  INFO 12036 --- [health-service] [main] o.h.e.t.j.p.i.JtaPlatformInitiator       : HHH000489: No JTA platform available (set 'hibernate.transaction.jta.platform' to enable JTA platform integration)
2026-06-03T16:28:16.883-04:00 DEBUG 12036 --- [health-service] [main] org.hibernate.SQL                        : 
    drop table if exists health cascade 
2026-06-03T16:28:16.887-04:00 DEBUG 12036 --- [health-service] [main] org.hibernate.SQL                        : 
    drop table if exists health_history cascade 
2026-06-03T16:28:16.894-04:00 DEBUG 12036 --- [health-service] [main] org.hibernate.SQL                        : 
    create table health (
        created_at timestamp(6),
        id bigint generated by default as identity,
        pet_id bigint not null,
        updated_at timestamp(6),
        user_id bigint not null,
        diseases varchar(500) not null,
        sterilization_status enum ('NOT_STERILIZED','STERILIZED') not null,
        vaccination_status enum ('NOT_VACCINATED','VACCINATED') not null,
        primary key (id)
    )
2026-06-03T16:28:16.908-04:00 DEBUG 12036 --- [health-service] [main] org.hibernate.SQL                        : 
    create table health_history (
        changed_at timestamp(6) not null,
        changed_by_user_id bigint,
        health_id bigint not null,
        id bigint generated by default as identity,
        action varchar(50) not null,
        new_disease varchar(150),
        new_sterilization_status varchar(150),
        new_vaccination_status varchar(150),
        previous_disease varchar(150),
        previous_sterilization_status varchar(150),
        previous_vaccination_status varchar(150),
        comment varchar(255),
        primary key (id)
    )
2026-06-03T16:28:16.910-04:00 DEBUG 12036 --- [health-service] [main] org.hibernate.SQL                        : 
    alter table if exists health_history 
       add constraint FK9fphn6goronk4a7tqve7x5v91 
       foreign key (health_id) 
       references health
2026-06-03T16:28:16.946-04:00  INFO 12036 --- [health-service] [main] j.LocalContainerEntityManagerFactoryBean : Initialized JPA EntityManagerFactory for persistence unit 'default'
2026-06-03T16:28:17.335-04:00  WARN 12036 --- [health-service] [main] JpaBaseConfiguration$JpaWebConfiguration : spring.jpa.open-in-view is enabled by default. Therefore, database queries may be performed during view rendering. Explicitly configure spring.jpa.open-in-view to disable this warning
2026-06-03T16:28:18.951-04:00  INFO 12036 --- [health-service] [main] r$InitializeUserDetailsManagerConfigurer : Global AuthenticationManager configured with UserDetailsService bean with name customUserDetailsService
2026-06-03T16:28:19.305-04:00 DEBUG 12036 --- [health-service] [main] s.w.s.m.m.a.RequestMappingHandlerMapping : 8 mappings in 'requestMappingHandlerMapping'
2026-06-03T16:28:19.696-04:00 DEBUG 12036 --- [health-service] [main] o.s.w.s.handler.SimpleUrlHandlerMapping  : Patterns [/webjars/**, /**] in 'resourceHandlerMapping'
2026-06-03T16:28:20.586-04:00 DEBUG 12036 --- [health-service] [main] s.w.s.m.m.a.RequestMappingHandlerAdapter : ControllerAdvice beans: 0 @ModelAttribute, 0 @InitBinder, 1 RequestBodyAdvice, 1 ResponseBodyAdvice
2026-06-03T16:28:20.750-04:00 DEBUG 12036 --- [health-service] [main] .m.m.a.ExceptionHandlerExceptionResolver : ControllerAdvice beans: 1 @ExceptionHandler, 1 ResponseBodyAdvice
2026-06-03T16:28:23.593-04:00  INFO 12036 --- [health-service] [main] o.s.cloud.commons.util.InetUtils         : Cannot determine local hostname
2026-06-03T16:28:24.001-04:00  INFO 12036 --- [health-service] [main] c.a.h.HealthServiceApplicationTests      : Started HealthServiceApplicationTests in 18.826 seconds (process running for 20.208)
2026-06-03T16:28:25.920-04:00 DEBUG 12036 --- [health-service] [main] org.hibernate.SQL                        : 
    select
        count(*) 
    from
        health h1_0
2026-06-03T16:28:26.265-04:00 DEBUG 12036 --- [health-service] [main] org.hibernate.SQL                        : 
    insert 
    into
        health
        (created_at, diseases, pet_id, sterilization_status, updated_at, user_id, vaccination_status, id) 
    values
        (?, ?, ?, ?, ?, ?, ?, default)
2026-06-03T16:28:26.357-04:00 DEBUG 12036 --- [health-service] [main] org.hibernate.SQL                        : 
    insert 
    into
        health
        (created_at, diseases, pet_id, sterilization_status, updated_at, user_id, vaccination_status, id) 
    values
        (?, ?, ?, ?, ?, ?, ?, default)
2026-06-03T16:28:26.368-04:00 DEBUG 12036 --- [health-service] [main] org.hibernate.SQL                        : 
    insert 
    into
        health
        (created_at, diseases, pet_id, sterilization_status, updated_at, user_id, vaccination_status, id) 
    values
        (?, ?, ?, ?, ?, ?, ?, default)
2026-06-03T16:28:28.018-04:00 DEBUG 12036 --- [health-service] [SpringApplicationShutdownHook] o.s.w.c.s.GenericWebApplicationContext   : Closing org.springframework.web.context.support.GenericWebApplicationContext@4650a407, started on Wed Jun 03 16:28:07 GMT-04:00 2026
2026-06-03T16:28:28.023-04:00  INFO 12036 --- [health-service] [SpringApplicationShutdownHook] j.LocalContainerEntityManagerFactoryBean : Closing JPA EntityManagerFactory for persistence unit 'default'
2026-06-03T16:28:28.025-04:00 DEBUG 12036 --- [health-service] [SpringApplicationShutdownHook] org.hibernate.SQL                        : 
    drop table if exists health cascade 
2026-06-03T16:28:28.027-04:00 DEBUG 12036 --- [health-service] [SpringApplicationShutdownHook] org.hibernate.SQL                        : 
    drop table if exists health_history cascade 
2026-06-03T16:28:28.030-04:00  INFO 12036 --- [health-service] [SpringApplicationShutdownHook] com.zaxxer.hikari.HikariDataSource       : HikariPool-1 - Shutdown initiated...
2026-06-03T16:28:28.032-04:00  INFO 12036 --- [health-service] [SpringApplicationShutdownHook] com.zaxxer.hikari.HikariDataSource       : HikariPool-1 - Shutdown completed.
2026-06-03T16:49:30.089-04:00  INFO 2944 --- [health-service] [main] c.a.h.HealthServiceApplicationTests      : Starting HealthServiceApplicationTests using Java 21.0.11 with PID 2944 (started by camila in C:\Users\camil\Documents\fullstack1\adoptapp\health-service)
2026-06-03T16:49:30.089-04:00 DEBUG 2944 --- [health-service] [main] c.a.h.HealthServiceApplicationTests      : Running with Spring Boot v3.4.5, Spring v6.2.6
2026-06-03T16:49:30.089-04:00  INFO 2944 --- [health-service] [main] c.a.h.HealthServiceApplicationTests      : The following 1 profile is active: "h2"
2026-06-03T16:49:30.141-04:00 DEBUG 2944 --- [health-service] [main] o.s.w.c.s.GenericWebApplicationContext   : Refreshing org.springframework.web.context.support.GenericWebApplicationContext@5754de72
2026-06-03T16:49:31.833-04:00  INFO 2944 --- [health-service] [main] .s.d.r.c.RepositoryConfigurationDelegate : Bootstrapping Spring Data JPA repositories in DEFAULT mode.
2026-06-03T16:49:31.961-04:00  INFO 2944 --- [health-service] [main] .s.d.r.c.RepositoryConfigurationDelegate : Finished Spring Data repository scanning in 100 ms. Found 2 JPA repository interfaces.
2026-06-03T16:49:32.590-04:00  INFO 2944 --- [health-service] [main] o.s.cloud.context.scope.GenericScope     : BeanFactory id=4d9a88f8-a8b5-33fb-a633-d3afe965a95b
2026-06-03T16:49:34.631-04:00  INFO 2944 --- [health-service] [main] o.hibernate.jpa.internal.util.LogHelper  : HHH000204: Processing PersistenceUnitInfo [name: default]
2026-06-03T16:49:34.807-04:00  INFO 2944 --- [health-service] [main] org.hibernate.Version                    : HHH000412: Hibernate ORM core version 6.6.13.Final
2026-06-03T16:49:34.895-04:00  INFO 2944 --- [health-service] [main] o.h.c.internal.RegionFactoryInitiator    : HHH000026: Second-level cache disabled
2026-06-03T16:49:35.424-04:00  INFO 2944 --- [health-service] [main] o.s.o.j.p.SpringPersistenceUnitInfo      : No LoadTimeWeaver setup: ignoring JPA class transformer
2026-06-03T16:49:35.480-04:00  INFO 2944 --- [health-service] [main] com.zaxxer.hikari.HikariDataSource       : HikariPool-1 - Starting...
2026-06-03T16:49:35.781-04:00  INFO 2944 --- [health-service] [main] com.zaxxer.hikari.pool.HikariPool        : HikariPool-1 - Added connection conn0: url=jdbc:h2:mem:health_db user=SA
2026-06-03T16:49:35.783-04:00  INFO 2944 --- [health-service] [main] com.zaxxer.hikari.HikariDataSource       : HikariPool-1 - Start completed.
2026-06-03T16:49:35.816-04:00  WARN 2944 --- [health-service] [main] org.hibernate.orm.deprecation            : HHH90000025: H2Dialect does not need to be specified explicitly using 'hibernate.dialect' (remove the property setting and it will be selected by default)
2026-06-03T16:49:35.845-04:00  INFO 2944 --- [health-service] [main] org.hibernate.orm.connections.pooling    : HHH10001005: Database info:
	Database JDBC URL [Connecting through datasource 'HikariDataSource (HikariPool-1)']
	Database driver: undefined/unknown
	Database version: 2.3.232
	Autocommit mode: undefined/unknown
	Isolation level: undefined/unknown
	Minimum pool size: undefined/unknown
	Maximum pool size: undefined/unknown
2026-06-03T16:49:37.409-04:00  INFO 2944 --- [health-service] [main] o.h.e.t.j.p.i.JtaPlatformInitiator       : HHH000489: No JTA platform available (set 'hibernate.transaction.jta.platform' to enable JTA platform integration)
2026-06-03T16:49:37.436-04:00 DEBUG 2944 --- [health-service] [main] org.hibernate.SQL                        : 
    drop table if exists health cascade 
2026-06-03T16:49:37.439-04:00 DEBUG 2944 --- [health-service] [main] org.hibernate.SQL                        : 
    drop table if exists health_history cascade 
2026-06-03T16:49:37.446-04:00 DEBUG 2944 --- [health-service] [main] org.hibernate.SQL                        : 
    create table health (
        created_at timestamp(6),
        id bigint generated by default as identity,
        pet_id bigint not null,
        updated_at timestamp(6),
        user_id bigint not null,
        diseases varchar(500) not null,
        sterilization_status enum ('NOT_STERILIZED','STERILIZED') not null,
        vaccination_status enum ('NOT_VACCINATED','VACCINATED') not null,
        primary key (id)
    )
2026-06-03T16:49:37.461-04:00 DEBUG 2944 --- [health-service] [main] org.hibernate.SQL                        : 
    create table health_history (
        changed_at timestamp(6) not null,
        changed_by_user_id bigint,
        health_id bigint not null,
        id bigint generated by default as identity,
        action varchar(50) not null,
        new_disease varchar(150),
        new_sterilization_status varchar(150),
        new_vaccination_status varchar(150),
        previous_disease varchar(150),
        previous_sterilization_status varchar(150),
        previous_vaccination_status varchar(150),
        comment varchar(255),
        primary key (id)
    )
2026-06-03T16:49:37.461-04:00 DEBUG 2944 --- [health-service] [main] org.hibernate.SQL                        : 
    alter table if exists health_history 
       add constraint FK9fphn6goronk4a7tqve7x5v91 
       foreign key (health_id) 
       references health
2026-06-03T16:49:37.482-04:00  INFO 2944 --- [health-service] [main] j.LocalContainerEntityManagerFactoryBean : Initialized JPA EntityManagerFactory for persistence unit 'default'
2026-06-03T16:49:38.082-04:00  WARN 2944 --- [health-service] [main] JpaBaseConfiguration$JpaWebConfiguration : spring.jpa.open-in-view is enabled by default. Therefore, database queries may be performed during view rendering. Explicitly configure spring.jpa.open-in-view to disable this warning
2026-06-03T16:49:40.029-04:00  INFO 2944 --- [health-service] [main] r$InitializeUserDetailsManagerConfigurer : Global AuthenticationManager configured with UserDetailsService bean with name customUserDetailsService
2026-06-03T16:49:40.247-04:00 DEBUG 2944 --- [health-service] [main] s.w.s.m.m.a.RequestMappingHandlerMapping : 8 mappings in 'requestMappingHandlerMapping'
2026-06-03T16:49:40.563-04:00 DEBUG 2944 --- [health-service] [main] o.s.w.s.handler.SimpleUrlHandlerMapping  : Patterns [/webjars/**, /**] in 'resourceHandlerMapping'
2026-06-03T16:49:41.210-04:00 DEBUG 2944 --- [health-service] [main] s.w.s.m.m.a.RequestMappingHandlerAdapter : ControllerAdvice beans: 0 @ModelAttribute, 0 @InitBinder, 1 RequestBodyAdvice, 1 ResponseBodyAdvice
2026-06-03T16:49:41.280-04:00 DEBUG 2944 --- [health-service] [main] .m.m.a.ExceptionHandlerExceptionResolver : ControllerAdvice beans: 1 @ExceptionHandler, 1 ResponseBodyAdvice
2026-06-03T16:49:42.634-04:00  INFO 2944 --- [health-service] [main] o.s.cloud.commons.util.InetUtils         : Cannot determine local hostname
2026-06-03T16:49:42.692-04:00  INFO 2944 --- [health-service] [main] c.a.h.HealthServiceApplicationTests      : Started HealthServiceApplicationTests in 14.081 seconds (process running for 15.334)
2026-06-03T16:49:43.219-04:00 DEBUG 2944 --- [health-service] [main] org.hibernate.SQL                        : 
    select
        count(*) 
    from
        health h1_0
2026-06-03T16:49:43.291-04:00 DEBUG 2944 --- [health-service] [main] org.hibernate.SQL                        : 
    insert 
    into
        health
        (created_at, diseases, pet_id, sterilization_status, updated_at, user_id, vaccination_status, id) 
    values
        (?, ?, ?, ?, ?, ?, ?, default)
2026-06-03T16:49:43.315-04:00 DEBUG 2944 --- [health-service] [main] org.hibernate.SQL                        : 
    insert 
    into
        health
        (created_at, diseases, pet_id, sterilization_status, updated_at, user_id, vaccination_status, id) 
    values
        (?, ?, ?, ?, ?, ?, ?, default)
2026-06-03T16:49:43.322-04:00 DEBUG 2944 --- [health-service] [main] org.hibernate.SQL                        : 
    insert 
    into
        health
        (created_at, diseases, pet_id, sterilization_status, updated_at, user_id, vaccination_status, id) 
    values
        (?, ?, ?, ?, ?, ?, ?, default)
2026-06-03T16:49:43.887-04:00 DEBUG 2944 --- [health-service] [SpringApplicationShutdownHook] o.s.w.c.s.GenericWebApplicationContext   : Closing org.springframework.web.context.support.GenericWebApplicationContext@5754de72, started on Wed Jun 03 16:49:30 CLT 2026
2026-06-03T16:49:43.893-04:00  INFO 2944 --- [health-service] [SpringApplicationShutdownHook] j.LocalContainerEntityManagerFactoryBean : Closing JPA EntityManagerFactory for persistence unit 'default'
2026-06-03T16:49:43.893-04:00 DEBUG 2944 --- [health-service] [SpringApplicationShutdownHook] org.hibernate.SQL                        : 
    drop table if exists health cascade 
2026-06-03T16:49:43.893-04:00 DEBUG 2944 --- [health-service] [SpringApplicationShutdownHook] org.hibernate.SQL                        : 
    drop table if exists health_history cascade 
2026-06-03T16:49:43.899-04:00  INFO 2944 --- [health-service] [SpringApplicationShutdownHook] com.zaxxer.hikari.HikariDataSource       : HikariPool-1 - Shutdown initiated...
2026-06-03T16:49:43.899-04:00  INFO 2944 --- [health-service] [SpringApplicationShutdownHook] com.zaxxer.hikari.HikariDataSource       : HikariPool-1 - Shutdown completed.
