2026-06-03T16:49:51.755-04:00  INFO 18544 --- [notification-service] [main] .a.n.NotificationServiceApplicationTests : Starting NotificationServiceApplicationTests using Java 21.0.11 with PID 18544 (started by camila in C:\Users\camil\Documents\fullstack1\adoptapp\notification-service)
2026-06-03T16:49:51.768-04:00 DEBUG 18544 --- [notification-service] [main] .a.n.NotificationServiceApplicationTests : Running with Spring Boot v3.4.5, Spring v6.2.6
2026-06-03T16:49:51.770-04:00  INFO 18544 --- [notification-service] [main] .a.n.NotificationServiceApplicationTests : The following 1 profile is active: "h2"
2026-06-03T16:49:51.809-04:00 DEBUG 18544 --- [notification-service] [main] o.s.w.c.s.GenericWebApplicationContext   : Refreshing org.springframework.web.context.support.GenericWebApplicationContext@1948ea69
2026-06-03T16:49:53.114-04:00  INFO 18544 --- [notification-service] [main] .s.d.r.c.RepositoryConfigurationDelegate : Bootstrapping Spring Data JPA repositories in DEFAULT mode.
2026-06-03T16:49:53.221-04:00  INFO 18544 --- [notification-service] [main] .s.d.r.c.RepositoryConfigurationDelegate : Finished Spring Data repository scanning in 75 ms. Found 2 JPA repository interfaces.
2026-06-03T16:49:53.647-04:00  INFO 18544 --- [notification-service] [main] o.s.cloud.context.scope.GenericScope     : BeanFactory id=ebde1a1b-7120-388b-8b8f-196f29871290
2026-06-03T16:49:54.637-04:00  INFO 18544 --- [notification-service] [main] o.hibernate.jpa.internal.util.LogHelper  : HHH000204: Processing PersistenceUnitInfo [name: default]
2026-06-03T16:49:54.737-04:00  INFO 18544 --- [notification-service] [main] org.hibernate.Version                    : HHH000412: Hibernate ORM core version 6.6.13.Final
2026-06-03T16:49:54.788-04:00  INFO 18544 --- [notification-service] [main] o.h.c.internal.RegionFactoryInitiator    : HHH000026: Second-level cache disabled
2026-06-03T16:49:55.198-04:00  INFO 18544 --- [notification-service] [main] o.s.o.j.p.SpringPersistenceUnitInfo      : No LoadTimeWeaver setup: ignoring JPA class transformer
2026-06-03T16:49:55.230-04:00  INFO 18544 --- [notification-service] [main] com.zaxxer.hikari.HikariDataSource       : HikariPool-1 - Starting...
2026-06-03T16:49:55.389-04:00  INFO 18544 --- [notification-service] [main] com.zaxxer.hikari.pool.HikariPool        : HikariPool-1 - Added connection conn0: url=jdbc:h2:mem:notification_db user=SA
2026-06-03T16:49:55.389-04:00  INFO 18544 --- [notification-service] [main] com.zaxxer.hikari.HikariDataSource       : HikariPool-1 - Start completed.
2026-06-03T16:49:55.421-04:00  WARN 18544 --- [notification-service] [main] org.hibernate.orm.deprecation            : HHH90000025: H2Dialect does not need to be specified explicitly using 'hibernate.dialect' (remove the property setting and it will be selected by default)
2026-06-03T16:49:55.436-04:00  INFO 18544 --- [notification-service] [main] org.hibernate.orm.connections.pooling    : HHH10001005: Database info:
	Database JDBC URL [Connecting through datasource 'HikariDataSource (HikariPool-1)']
	Database driver: undefined/unknown
	Database version: 2.3.232
	Autocommit mode: undefined/unknown
	Isolation level: undefined/unknown
	Minimum pool size: undefined/unknown
	Maximum pool size: undefined/unknown
2026-06-03T16:49:56.424-04:00  INFO 18544 --- [notification-service] [main] o.h.e.t.j.p.i.JtaPlatformInitiator       : HHH000489: No JTA platform available (set 'hibernate.transaction.jta.platform' to enable JTA platform integration)
2026-06-03T16:49:56.443-04:00 DEBUG 18544 --- [notification-service] [main] org.hibernate.SQL                        : 
    drop table if exists notification_types cascade 
2026-06-03T16:49:56.443-04:00 DEBUG 18544 --- [notification-service] [main] org.hibernate.SQL                        : 
    drop table if exists notifications cascade 
2026-06-03T16:49:56.443-04:00 DEBUG 18544 --- [notification-service] [main] org.hibernate.SQL                        : 
    create table notification_types (
        id bigint generated by default as identity,
        channel varchar(20) not null,
        name varchar(50) not null unique,
        template TEXT not null,
        primary key (id)
    )
2026-06-03T16:49:56.454-04:00 DEBUG 18544 --- [notification-service] [main] org.hibernate.SQL                        : 
    create table notifications (
        created_at timestamp(6),
        id bigint generated by default as identity,
        type_id bigint not null,
        user_id bigint,
        message TEXT not null,
        recipient varchar(255) not null,
        status enum ('FAILED','PENDING','SENT') not null,
        primary key (id)
    )
2026-06-03T16:49:56.467-04:00 DEBUG 18544 --- [notification-service] [main] org.hibernate.SQL                        : 
    alter table if exists notifications 
       add constraint FK6ik2e43o2l5m19jdpd7vb0vhq 
       foreign key (type_id) 
       references notification_types
2026-06-03T16:49:56.484-04:00  INFO 18544 --- [notification-service] [main] j.LocalContainerEntityManagerFactoryBean : Initialized JPA EntityManagerFactory for persistence unit 'default'
2026-06-03T16:49:57.005-04:00  WARN 18544 --- [notification-service] [main] JpaBaseConfiguration$JpaWebConfiguration : spring.jpa.open-in-view is enabled by default. Therefore, database queries may be performed during view rendering. Explicitly configure spring.jpa.open-in-view to disable this warning
2026-06-03T16:49:58.528-04:00  INFO 18544 --- [notification-service] [main] r$InitializeUserDetailsManagerConfigurer : Global AuthenticationManager configured with UserDetailsService bean with name customUserDetailsService
2026-06-03T16:49:58.752-04:00 DEBUG 18544 --- [notification-service] [main] s.w.s.m.m.a.RequestMappingHandlerMapping : 7 mappings in 'requestMappingHandlerMapping'
2026-06-03T16:49:59.105-04:00 DEBUG 18544 --- [notification-service] [main] o.s.w.s.handler.SimpleUrlHandlerMapping  : Patterns [/webjars/**, /**] in 'resourceHandlerMapping'
2026-06-03T16:49:59.820-04:00 DEBUG 18544 --- [notification-service] [main] s.w.s.m.m.a.RequestMappingHandlerAdapter : ControllerAdvice beans: 0 @ModelAttribute, 0 @InitBinder, 1 RequestBodyAdvice, 1 ResponseBodyAdvice
2026-06-03T16:49:59.887-04:00 DEBUG 18544 --- [notification-service] [main] .m.m.a.ExceptionHandlerExceptionResolver : ControllerAdvice beans: 1 @ExceptionHandler, 1 ResponseBodyAdvice
2026-06-03T16:50:01.249-04:00  INFO 18544 --- [notification-service] [main] o.s.cloud.commons.util.InetUtils         : Cannot determine local hostname
2026-06-03T16:50:01.313-04:00  INFO 18544 --- [notification-service] [main] .a.n.NotificationServiceApplicationTests : Started NotificationServiceApplicationTests in 11.05 seconds (process running for 12.293)
2026-06-03T16:50:01.664-04:00 DEBUG 18544 --- [notification-service] [main] org.hibernate.SQL                        : 
    select
        count(*) 
    from
        notification_types nt1_0
2026-06-03T16:50:01.710-04:00 DEBUG 18544 --- [notification-service] [main] org.hibernate.SQL                        : 
    insert 
    into
        notification_types
        (channel, name, template, id) 
    values
        (?, ?, ?, default)
2026-06-03T16:50:01.742-04:00 DEBUG 18544 --- [notification-service] [main] org.hibernate.SQL                        : 
    insert 
    into
        notification_types
        (channel, name, template, id) 
    values
        (?, ?, ?, default)
2026-06-03T16:50:01.742-04:00 DEBUG 18544 --- [notification-service] [main] org.hibernate.SQL                        : 
    insert 
    into
        notification_types
        (channel, name, template, id) 
    values
        (?, ?, ?, default)
2026-06-03T16:50:01.748-04:00 DEBUG 18544 --- [notification-service] [main] org.hibernate.SQL                        : 
    insert 
    into
        notification_types
        (channel, name, template, id) 
    values
        (?, ?, ?, default)
2026-06-03T16:50:01.748-04:00 DEBUG 18544 --- [notification-service] [main] org.hibernate.SQL                        : 
    insert 
    into
        notification_types
        (channel, name, template, id) 
    values
        (?, ?, ?, default)
2026-06-03T16:50:01.751-04:00 DEBUG 18544 --- [notification-service] [main] org.hibernate.SQL                        : 
    insert 
    into
        notification_types
        (channel, name, template, id) 
    values
        (?, ?, ?, default)
2026-06-03T16:50:01.752-04:00 DEBUG 18544 --- [notification-service] [main] org.hibernate.SQL                        : 
    insert 
    into
        notification_types
        (channel, name, template, id) 
    values
        (?, ?, ?, default)
2026-06-03T16:50:01.754-04:00 DEBUG 18544 --- [notification-service] [main] org.hibernate.SQL                        : 
    insert 
    into
        notifications
        (created_at, message, recipient, status, type_id, user_id, id) 
    values
        (?, ?, ?, ?, ?, ?, default)
2026-06-03T16:50:01.757-04:00 DEBUG 18544 --- [notification-service] [main] org.hibernate.SQL                        : 
    insert 
    into
        notifications
        (created_at, message, recipient, status, type_id, user_id, id) 
    values
        (?, ?, ?, ?, ?, ?, default)
2026-06-03T16:50:01.758-04:00 DEBUG 18544 --- [notification-service] [main] org.hibernate.SQL                        : 
    insert 
    into
        notifications
        (created_at, message, recipient, status, type_id, user_id, id) 
    values
        (?, ?, ?, ?, ?, ?, default)
2026-06-03T16:50:02.620-04:00 DEBUG 18544 --- [notification-service] [SpringApplicationShutdownHook] o.s.w.c.s.GenericWebApplicationContext   : Closing org.springframework.web.context.support.GenericWebApplicationContext@1948ea69, started on Wed Jun 03 16:49:51 CLT 2026
2026-06-03T16:50:02.620-04:00  INFO 18544 --- [notification-service] [SpringApplicationShutdownHook] j.LocalContainerEntityManagerFactoryBean : Closing JPA EntityManagerFactory for persistence unit 'default'
2026-06-03T16:50:02.620-04:00 DEBUG 18544 --- [notification-service] [SpringApplicationShutdownHook] org.hibernate.SQL                        : 
    drop table if exists notification_types cascade 
2026-06-03T16:50:02.620-04:00 DEBUG 18544 --- [notification-service] [SpringApplicationShutdownHook] org.hibernate.SQL                        : 
    drop table if exists notifications cascade 
2026-06-03T16:50:02.636-04:00  INFO 18544 --- [notification-service] [SpringApplicationShutdownHook] com.zaxxer.hikari.HikariDataSource       : HikariPool-1 - Shutdown initiated...
2026-06-03T16:50:02.636-04:00  INFO 18544 --- [notification-service] [SpringApplicationShutdownHook] com.zaxxer.hikari.HikariDataSource       : HikariPool-1 - Shutdown completed.
